----------------------------------------------------------------------------------------------------------------------------------------------
      name:  <unnamed>
       log:  C:\Users\Max Burger\HESSENBOX\2-Projekte (Björn Vollan)\Paper SustUse\Donia_Delegates\8_Submission\replication_delegates/scripts/
> logs/2023.07.27-14.24.15.log.txt
  log type:  text
 opened on:  27 Jul 2023, 14:24:15

. 
. di "Begin date and time: $S_DATE $S_TIME"
Begin date and time: 27 Jul 2023 14:24:15

. di "Stata version: `c(stata_version)'"
Stata version: 16.1

. di "Updated as of: `c(born_date)'"
Updated as of: 11 Oct 2022

. di "Variant:       `=cond( c(MP),"MP",cond(c(SE),"SE",c(flavor)) )'"
Variant:       MP

. di "Processors:    `c(processors)'"
Processors:    2

. di "OS:            `c(os)' `c(osdtl)'"
OS:            Windows 64-bit

. di "Machine type:  `c(machine_type)'"
Machine type:  PC (64-bit x86-64)

. 
. *   Analyses were run on Windows using Stata version 16
. version 16              // Set Version number for backward compatibility

. 
. /* All required Stata packages are available in the /libraries/stata folder
> tokenize `"$S_ADO"', parse(";")
> while `"`1'"' != "" {
>   if `"`1'"'!="BASE" cap adopath - `"`1'"'
>   macro shift
> }
> adopath ++ "$working_ANALYSIS/scripts/libraries/stata"
> mata: mata mlib index
> */
. 
. * Create directories for output files
. cap mkdir "$working_ANALYSIS/results"

. cap mkdir "$working_ANALYSIS/results/intermediate"

. cap mkdir "$working_ANALYSIS/results/tables"

. cap mkdir "$working_ANALYSIS/results/figures"

. * -------------------------------------------------
. 
. * Set general graph style
. set scheme swift_red // select one scheme as reference scheme to work with

. 
. 
. grstyle init 

. {
. *Background color
. grstyle set color white: background plotregion graphregion legend box textbox //
. 
. *Main colors (note: swift_red only defines 8 colors. Multiplying the color, that is "xx yy zz*0.5" reduces/increases intensity and "xx yy zz
> %50" reduces transparency)
. grstyle set color       "100 143 255" "120 94 240" "220 38 127" "254 97 0" "255 176 0" /// 5 main colors
>                                         "100 143 255*0.4" "120 94 240*0.4" "220 38 127*0.4" "254 97 0*0.4" "255 176 0*0.4" ///
>                                         "100 143 255*1.7" "120 94 240*1.7" "220 38 127*1.7" "254 97 0*1.7" "255 176 0*1.7" ///
>                                         : p# p#line p#lineplot p#bar p#area p#arealine p#pie histogram 
. 
. *margins
. grstyle set compact
. 
. *Font size
. grstyle set size 10pt: heading //titles
. grstyle set size 8pt: subheading axis_title //axis titles
. grstyle set size 8pt: p#label p#boxlabel body small_body text_option axis_label tick_label minortick_label key_label //all other text
. 
. }

. * -------------------------------------------------
. 
. 
. 
. *--------------------------------------------------
. * Run processing and analysis scripts
. *--------------------------------------------------
. do "$working_ANALYSIS\scripts\01 - clean.do"

. *-----------------
. *   Cleaning & Generating
. *-----------------
. 
. use "$working_ANALYSIS\data\delegates_raw.dta", clear

. 
. *---------
. *   Generating variables
. *----------
. 
. // Sociodemographics
. * Education
. tab edu, generate(edu)

     Field in which |
  highes degree was |
           obtained |      Freq.     Percent        Cum.
--------------------+-----------------------------------
    Natural Science |        126       45.49       45.49
     Social Science |         55       19.86       65.34
Mix: Social&Natural |         47       16.97       82.31
                Law |         26        9.39       91.70
              Other |         23        8.30      100.00
--------------------+-----------------------------------
              Total |        277      100.00

. 
. * Organization currently working for
. gen orga = .
(277 missing values generated)

. replace orga = 1 if organization == 1 | organization == 2 // International (11) & national (168) gov orga 
(179 real changes made)

. replace orga = 2 if organization == 3 //  University/Research Institute
(33 real changes made)

. replace orga = 3 if organization == 5 //  Environmental NGO
(25 real changes made)

. replace orga = 4 if organization == 4 |  organization == 6 |  organization == 7 //  Private Company (n=8), Non-environmental NGO (n=6), Othe
> r (n=26)
(40 real changes made)

. tab organization

         Type of organization |
        currently working for |      Freq.     Percent        Cum.
------------------------------+-----------------------------------
  Internat. Gov. Organization |         11        3.97        3.97
       Nat. Gov. Organization |        168       60.65       64.62
University/Research Institute |         33       11.91       76.53
              Private Company |          8        2.89       79.42
            Environmental NGO |         25        9.03       88.45
        Non-Environmental NGO |          6        2.17       90.61
                        Other |         26        9.39      100.00
------------------------------+-----------------------------------
                        Total |        277      100.00

. lab define orga_lab 1 "Governmental Organization" 2 "University/Research Institute" 3 "Environmental NGO" 4 "Other"

. lab val orga orga_lab

. tab orga, gen(orga)

                         orga |      Freq.     Percent        Cum.
------------------------------+-----------------------------------
    Governmental Organization |        179       64.62       64.62
University/Research Institute |         33       11.91       76.53
            Environmental NGO |         25        9.03       85.56
                        Other |         40       14.44      100.00
------------------------------+-----------------------------------
                        Total |        277      100.00

. 
. 
. 
. // Temperature rise deemed acceptable
. ** Temperature above 1.5 degrees
. gen temp_above = .
(277 missing values generated)

. replace temp_above = 0 if temp_rise <= 1.5
(216 real changes made)

. replace temp_above = 1 if temp_rise > 1.5
(61 real changes made)

. lab var temp_above "Temperature rise above 1.5°C deemed acceptable"

. 
. /*
> Very few people suggested temperatures of 2.5°C or higher to be acceptable:
> 2.5°C -> 9
> 3.0°C -> 4
> 3.5°C -> 2
> 4.0°C -> 2
> 4.5°C -> 0
> 5.0°C -> 4
> Therefore, for the illustration Figure 1a all temperature suggestions of 2.5°C or more are summarized under >= 2.5°C
> */
. gen temp_rise2 = temp_rise

. replace temp_rise2 = 2.5 if temp_rise >= 2.5
(12 real changes made)

. tostring temp_rise2, gen(temp_rise3)
temp_rise3 generated as str3

. sort temp_rise

. lab define temp 1 "0" 2 ".5" 3 "1" 4 "1.5", replace

. encode temp_rise3, gen(temp_rise_cropped) lab(temp)

. lab var temp_rise_cropped"All those suggesting 2.5 or more collected in 2.5"

. drop temp_rise2 temp_rise3

. 
. 
. 
. 
. 
. // Global carbon price suggested
. ** Logarithmic form of suggested carbon prices
. gen ln_carbon_price = ln(carbon_price + 1)

. label var ln_carbon_price "Natural logarithm of suggested carbon_price"

. 
. ** Cropping carbon price suggested at 500 for visualization in figure 1a
. gen carbon_price_cap = carbon_price

. replace carbon_price_cap  = 501 if carbon_price > 500
(23 real changes made)

. egen mean_carbon_price = mean(carbon_price), by(temp_rise_cropped)

. egen median_carbon_price = median(carbon_price), by(temp_rise_cropped)

. tab temp_rise_cropped , gen(tr)

  All those |
 suggesting |
2.5 or more |
  collected |
     in 2.5 |      Freq.     Percent        Cum.
------------+-----------------------------------
          0 |         22        7.94        7.94
         .5 |         36       13.00       20.94
          1 |         42       15.16       36.10
        1.5 |        116       41.88       77.98
          2 |         40       14.44       92.42
        2.5 |         21        7.58      100.00
------------+-----------------------------------
      Total |        277      100.00

. 
. ** Price suggested below 60 USD
. gen price_below = .
(277 missing values generated)

. replace price_below = 0 if carbon_price >= 60 
(126 real changes made)

. replace price_below = 1 if carbon_price < 60 
(151 real changes made)

. lab var price_below "Price suggested < USD60"

. 
. /*
> Carbon price suggestions tested
> Different models suggest different minimal global carbon prices to stay below a certain temperature rise. In the main paper we use USD60 as 
> thte threshold. As robustness test, we also test against other specifications: 82 USD, 185 USD, 281 USD
> */
. foreach i in 37 60 82 185 281 {
  2.         gen price_below_`i' = .
  3.                 replace price_below_`i'= 1 if carbon_price < `i'
  4.                 replace price_below_`i'= 0 if carbon_price >=  `i'
  5.         lab var price_below_`i' "Price below USD `i' suggested"
  6. }
(277 missing values generated)
(119 real changes made)
(158 real changes made)
(277 missing values generated)
(151 real changes made)
(126 real changes made)
(277 missing values generated)
(175 real changes made)
(102 real changes made)
(277 missing values generated)
(224 real changes made)
(53 real changes made)
(277 missing values generated)
(241 real changes made)
(36 real changes made)

. 
. ** Shifting
. // Other countries
. * To OECD
. gen shift_to_oecd = price_oecd_now - price_home_now 

. lab var shift_to_oecd "Shift to OECD Countries (if > 0 shift to others)" 

. * To LDCs
. gen shift_to_ldc = price_ldc_now - price_home_now 

. lab var shift_to_ldc "Shift to LD Countries (if > 0 shift to others)" 

. 
. * From LDC to OECD
. gen shift_ldc_oecd = price_oecd_now - price_ldc_now 

. lab var shift_ldc_oecd "Shift from LDC to OECD (if > 0 OECD-countries should pay higher price)"

. 
. // Shifting responsibilties to the future
. * Home Country
. gen shift_future_home = price_home_future - price_home_now 

. lab var shift_future_home "Shift to future: Home (if>0 shift to future)" 

. * OECD Countries
. gen shift_future_oecd = price_oecd_future - price_oecd_now 

. lab var shift_future_oecd "Shift to future: OECD (if>0 shift to future)"

. * Least Developed Countries
. gen shift_future_ldc = price_ldc_future  - price_ldc_now

. lab var shift_future_ldc "Shift to future: Home (if>0 shift to future)"

. 
. 
. 
. 
. 
. 
. 
. 
. 
. // Region- and time-specific carbon price suggestions
. ** Logarithms of prices suggested prices for home, OECD, LDC / now, future
. foreach var in price_home_now price_oecd_now price_ldc_now price_home_future price_oecd_future price_ldc_future {
  2. gen ln_`var' = log(`var' + 1)
  3. }

. lab var ln_price_home_now "Ln of Price Home Now"

. lab var ln_price_oecd_now "Ln of Price OECD Now"

. lab var ln_price_ldc_now "Ln of Price LDCs Now"

. lab var ln_price_home_future "Ln of Price Home Future"

. lab var ln_price_oecd_future "Ln of Price OECD Future"

. lab var ln_price_ldc_future "Ln of Price LDCs Future"

. 
. ** Categorizing the ambitions of delegates for prices now and in the future
. gen ambition_home_fut = .
(277 missing values generated)

. replace ambition_home_fut = 1 if price_home_now < 60  & price_home_future < 60  // Low ambition
(148 real changes made)

. replace ambition_home_fut = 2 if price_home_now < 60  & price_home_future >= 60 // Shift to future
(50 real changes made)

. replace ambition_home_fut = 3 if price_home_now >= 60 & price_home_future < 60  // Shift to now
(3 real changes made)

. replace ambition_home_fut = 4 if price_home_now >= 60 & price_home_future >= 60 // High ambition
(76 real changes made)

. lab define ambition_fut 1 "Low ambition" 2 "Future pay more" 3 "Now pay more" 4 "High ambition", replace

. lab val ambition_home_fut ambition_fut

. 
. 
. 
. // Principal components
. ** Technological optimism
. alpha tech_ms_1 tech_ms_2 tech_ms_3 tech_ms_4 tech_ms_5 tech_ms_6 

Test scale = mean(unstandardized items)

Average interitem covariance:     .4617363
Number of items in the scale:            6
Scale reliability coefficient:      0.7215

. pca tech_ms_1 tech_ms_2 tech_ms_3 tech_ms_4 tech_ms_5 tech_ms_6

Principal components/correlation                 Number of obs    =        277
                                                 Number of comp.  =          6
                                                 Trace            =          6
    Rotation: (unrotated = principal)            Rho              =     1.0000

    --------------------------------------------------------------------------
       Component |   Eigenvalue   Difference         Proportion   Cumulative
    -------------+------------------------------------------------------------
           Comp1 |      2.51892      1.53219             0.4198       0.4198
           Comp2 |      .986735      .208226             0.1645       0.5843
           Comp3 |      .778509       .14601             0.1298       0.7140
           Comp4 |      .632499     .0669656             0.1054       0.8194
           Comp5 |      .565533     .0477336             0.0943       0.9137
           Comp6 |        .5178            .             0.0863       1.0000
    --------------------------------------------------------------------------

Principal components (eigenvectors) 

    ----------------------------------------------------------------------------------------
        Variable |    Comp1     Comp2     Comp3     Comp4     Comp5     Comp6 | Unexplained 
    -------------+------------------------------------------------------------+-------------
       tech_ms_1 |   0.4209   -0.2633   -0.5003    0.5094   -0.0616    0.4898 |           0 
       tech_ms_2 |   0.4675    0.0472   -0.3545   -0.1233   -0.4416   -0.6658 |           0 
       tech_ms_3 |   0.3770    0.5995   -0.1609   -0.0218    0.6847   -0.0572 |           0 
       tech_ms_4 |   0.4309   -0.2955    0.0755   -0.7704    0.0443    0.3547 |           0 
       tech_ms_5 |   0.3699   -0.5064    0.5224    0.3151    0.3440   -0.3409 |           0 
       tech_ms_6 |   0.3737    0.4746    0.5652    0.1790   -0.4605    0.2673 |           0 
    ----------------------------------------------------------------------------------------

. predict tech_ms_pca
(score assumed)
(5 components skipped)

Scoring coefficients 
    sum of squares(column-loading) = 1

    --------------------------------------------------------------------------
        Variable |    Comp1     Comp2     Comp3     Comp4     Comp5     Comp6 
    -------------+------------------------------------------------------------
       tech_ms_1 |   0.4209   -0.2633   -0.5003    0.5094   -0.0616    0.4898 
       tech_ms_2 |   0.4675    0.0472   -0.3545   -0.1233   -0.4416   -0.6658 
       tech_ms_3 |   0.3770    0.5995   -0.1609   -0.0218    0.6847   -0.0572 
       tech_ms_4 |   0.4309   -0.2955    0.0755   -0.7704    0.0443    0.3547 
       tech_ms_5 |   0.3699   -0.5064    0.5224    0.3151    0.3440   -0.3409 
       tech_ms_6 |   0.3737    0.4746    0.5652    0.1790   -0.4605    0.2673 
    --------------------------------------------------------------------------

. lab var tech_ms_pca "Technological optimism mindset (PCA)"

. 
. * Winsorized variable of technological optimism (used for robustness test)
. winsor2 tech_ms_pca, suffix(_win) cuts(5 95)

. 
. ** Environmental caution
. alpha env_ms_1 env_ms_2 env_ms_3 env_ms_4 env_ms_5 

Test scale = mean(unstandardized items)

Average interitem covariance:     .1712539
Number of items in the scale:            5
Scale reliability coefficient:      0.6299

. pca env_ms_1 env_ms_2 env_ms_3 env_ms_4 env_ms_5 

Principal components/correlation                 Number of obs    =        277
                                                 Number of comp.  =          5
                                                 Trace            =          5
    Rotation: (unrotated = principal)            Rho              =     1.0000

    --------------------------------------------------------------------------
       Component |   Eigenvalue   Difference         Proportion   Cumulative
    -------------+------------------------------------------------------------
           Comp1 |      2.06297      1.04742             0.4126       0.4126
           Comp2 |      1.01555      .252677             0.2031       0.6157
           Comp3 |      .762872     .0617721             0.1526       0.7683
           Comp4 |        .7011      .243594             0.1402       0.9085
           Comp5 |      .457505            .             0.0915       1.0000
    --------------------------------------------------------------------------

Principal components (eigenvectors) 

    ------------------------------------------------------------------------------
        Variable |    Comp1     Comp2     Comp3     Comp4     Comp5 | Unexplained 
    -------------+--------------------------------------------------+-------------
        env_ms_1 |   0.4047    0.3594    0.7776    0.3057    0.0942 |           0 
        env_ms_2 |   0.4010    0.5335   -0.2173   -0.6753    0.2266 |           0 
        env_ms_3 |   0.4411    0.2098   -0.5875    0.6411    0.0726 |           0 
        env_ms_4 |   0.4244   -0.6698    0.0525   -0.0927    0.5999 |           0 
        env_ms_5 |   0.5483   -0.3058    0.0169   -0.1759   -0.7580 |           0 
    ------------------------------------------------------------------------------

. predict env_ms_pca
(score assumed)
(4 components skipped)

Scoring coefficients 
    sum of squares(column-loading) = 1

    ----------------------------------------------------------------
        Variable |    Comp1     Comp2     Comp3     Comp4     Comp5 
    -------------+--------------------------------------------------
        env_ms_1 |   0.4047    0.3594    0.7776    0.3057    0.0942 
        env_ms_2 |   0.4010    0.5335   -0.2173   -0.6753    0.2266 
        env_ms_3 |   0.4411    0.2098   -0.5875    0.6411    0.0726 
        env_ms_4 |   0.4244   -0.6698    0.0525   -0.0927    0.5999 
        env_ms_5 |   0.5483   -0.3058    0.0169   -0.1759   -0.7580 
    ----------------------------------------------------------------

. lab var env_ms_pca "Items on environmental caution (PCA)"

. 
. ** Negotiations
. pca negotiate1 negotiate2 negotiate3 negotiate4 negotiate5 // 

Principal components/correlation                 Number of obs    =        277
                                                 Number of comp.  =          5
                                                 Trace            =          5
    Rotation: (unrotated = principal)            Rho              =     1.0000

    --------------------------------------------------------------------------
       Component |   Eigenvalue   Difference         Proportion   Cumulative
    -------------+------------------------------------------------------------
           Comp1 |      3.29137      2.66767             0.6583       0.6583
           Comp2 |      .623697     .0886069             0.1247       0.7830
           Comp3 |      .535091      .237829             0.1070       0.8900
           Comp4 |      .297261      .044683             0.0595       0.9495
           Comp5 |      .252578            .             0.0505       1.0000
    --------------------------------------------------------------------------

Principal components (eigenvectors) 

    ------------------------------------------------------------------------------
        Variable |    Comp1     Comp2     Comp3     Comp4     Comp5 | Unexplained 
    -------------+--------------------------------------------------+-------------
      negotiate1 |   0.4479   -0.2196   -0.6494    0.1325    0.5585 |           0 
      negotiate2 |   0.4829   -0.1109   -0.3363   -0.2270   -0.7680 |           0 
      negotiate3 |   0.4653   -0.1130    0.4783   -0.6731    0.2983 |           0 
      negotiate4 |   0.4533   -0.3120    0.4854    0.6744   -0.0818 |           0 
      negotiate5 |   0.3798    0.9107    0.0281    0.1518    0.0501 |           0 
    ------------------------------------------------------------------------------

. predict negotiate_pca
(score assumed)
(4 components skipped)

Scoring coefficients 
    sum of squares(column-loading) = 1

    ----------------------------------------------------------------
        Variable |    Comp1     Comp2     Comp3     Comp4     Comp5 
    -------------+--------------------------------------------------
      negotiate1 |   0.4479   -0.2196   -0.6494    0.1325    0.5585 
      negotiate2 |   0.4829   -0.1109   -0.3363   -0.2270   -0.7680 
      negotiate3 |   0.4653   -0.1130    0.4783   -0.6731    0.2983 
      negotiate4 |   0.4533   -0.3120    0.4854    0.6744   -0.0818 
      negotiate5 |   0.3798    0.9107    0.0281    0.1518    0.0501 
    ----------------------------------------------------------------

. lab var negotiate_pca "PCA: Negotiations (higher values, higher agreement)"

. 
. ** Negotiate own and other delgeation
. * Own delegation
. gen negotiate_pca_own = .
(277 missing values generated)

. replace negotiate_pca_own = negotiate_pca if t_own_delegation == 1
(149 real changes made)

. 
. * Other delegation
. gen negotiate_pca_other = .
(277 missing values generated)

. replace negotiate_pca_other = negotiate_pca if t_own_delegation == 0
(128 real changes made)

. 
. 
. 
. 
. *--- SAVE ---*
. save "$working_ANALYSIS\data\delegates_analysis.dta", replace
file C:\Users\Max Burger\HESSENBOX\2-Projekte (Björn Vollan)\Paper SustUse\Donia_Delegates\8_Submission\replication_delegates\data\delegates_a
> nalysis.dta saved

. 
. 
. 
. 
. 
. 
. 
. 
end of do-file

. do "$working_ANALYSIS\scripts\02 - analysis.do"

. *--------------------------------------------------
. * Analysis 
. *-------------------------------------------------
. 
. 
. 
. *********************************************************
. **********               STRUCTURE             **********
. *********************************************************
. /*
> Main Body:
> I)  Fig. 1: Descriptives
>         a) Carbon price and temperature rise
>         b) Shifting the burden
> 
> II) Fig. 2: Inferential
>         a) Answers towards technological optimism items
>         b) Technological optimism mindset and temperature & prices suggested
> 
> III) In text-statistics not mentioned in the supplementary online material
>     - "Delegates vastly agree to limit global warming: The majority perceives a rise above 1.5°C unacceptable (78%), with only few (8%) deem
> ing an increase of 2.5°C or more acceptable."
>     - "The median global carbon price recommended in our sample is 50 USD [...]"
>     - "Roughly half of all delegates interviewed stated rather unambitious carbon prices below 60 USD (55%). Only 37% (19% and 13%, respecti
> vely) deemed a price of at least 82 USD (185 USD, 281 USD) as appropriate"
>     - "This variance in global price suggested is highest for the three low temperature options (0°C, 0.5°C and 1°C), with price suggestions
>  ranging from 0 to 2,000 USD (Levene’s test F(1, 275)=21.7, p<0.001)."
>     - "Of the 100 delegates [suggesting prices between 0°C und 1°C] in favor of these ambitious temperature targets, 62% indicated global ca
> rbon prices below 60 USD as appropriate to stay below the temperature target."
>     - "In addition, we find that participants who claim to be influential in their delegation score higher on the technological optimism min
> dset (r=.23, p<.001)."
> */
. 
. 
. use "$working_ANALYSIS\data\delegates_analysis.dta", clear

. 
. 
. *---------------------------------------
. *   I) FIGURE 1 
. *------------------------------
. // Figure Settings
. * Text size
. global head     10 // Title

. global legend    8 // Legend

. global xytitle   8 // Axis title

. global xylab     8 // Scale label

. global fysize    22 

. global textsize  14 pt

. 
. 
. 
. // Fig 1a: Distribution of answers towards technological optimism items
. ** Catplot for each item
. global margins 145 0 1 3 // set margins for all

. global pos_text1 -15 50

. global pos_text2  50 -4

. 
. mylabels 0(25)100, myscale(@) local(pctlabel) suffix("%") // set label for axis
0 "0%" 25 "25%" 50 "50%" 75 "75%" 100 "100%"

. catplot tech_ms_1 , text($pos_text1 "Future generations will be richer and better equipped to deal" "with adverse impacts of climate change.
> " $pos_text2 "{it:.42}", size($textsize) place(w) just(right)) stack percent asyvar yla(`pctlabel', nogrid)  title("") bargap(0) blabel(bar,
>  size(medium) format(%9.0f) pos(center)) l1title("")  b1title("") legend(rows(1) pos(6) ring(1) size(vsmall)) plotregion(margin(zero)) graph
> region(margin($margins)) yscale(off) fysize($fysize)

. graph save "$working_ANALYSIS\results\intermediate\fut_opt1", replace
(note: file C:\Users\Max Burger\HESSENBOX\2-Projekte (Björn Vollan)\Paper SustUse\Donia_Delegates\8_Submission\replication_delegates\results\i
> ntermediate\fut_opt1.gph not found)
(file C:\Users\Max Burger\HESSENBOX\2-Projekte (Björn Vollan)\Paper SustUse\Donia_Delegates\8_Submission\replication_delegates\results\interme
> diate\fut_opt1.gph saved)

. catplot tech_ms_2 , text($pos_text1  "Technological innovation e.g., solar geoengineering offers" "a suitable solution to respond in case of
>  a future climate emergency." $pos_text2 "{it:.47}", size($textsize) place(w) just(right)) stack percent asyvar yla(`pctlabel', nogrid)  tit
> le("") bargap(0) blabel(bar, size(medium) format(%9.0f) pos(center)) l1title("")  b1title("") legend(rows(1) pos(6) ring(1) size(vsmall)) pl
> otregion(margin(zero)) graphregion(margin($margins)) yscale(off) fysize($fysize)

. graph save "$working_ANALYSIS\results\intermediate\fut_opt2", replace
(note: file C:\Users\Max Burger\HESSENBOX\2-Projekte (Björn Vollan)\Paper SustUse\Donia_Delegates\8_Submission\replication_delegates\results\i
> ntermediate\fut_opt2.gph not found)
(file C:\Users\Max Burger\HESSENBOX\2-Projekte (Björn Vollan)\Paper SustUse\Donia_Delegates\8_Submission\replication_delegates\results\interme
> diate\fut_opt2.gph saved)

. catplot tech_ms_3 , text($pos_text1  "The present costs and future benefits to society must be weighed" "against each other, while deciding 
> about emission reduction policies." $pos_text2 "{it:.38}", size($textsize) place(w) just(right)) stack percent asyvar yla(`pctlabel', nogrid
> )  title("") bargap(0) blabel(bar, size(medium) format(%9.0f) pos(center)) l1title("")  b1title("") legend(rows(1) pos(6) ring(1) size(vsmal
> l)) plotregion(margin(zero)) graphregion(margin($margins)) yscale(off) fysize($fysize)

. graph save "$working_ANALYSIS\results\intermediate\fut_opt3", replace
(note: file C:\Users\Max Burger\HESSENBOX\2-Projekte (Björn Vollan)\Paper SustUse\Donia_Delegates\8_Submission\replication_delegates\results\i
> ntermediate\fut_opt3.gph not found)
(file C:\Users\Max Burger\HESSENBOX\2-Projekte (Björn Vollan)\Paper SustUse\Donia_Delegates\8_Submission\replication_delegates\results\interme
> diate\fut_opt3.gph saved)

. catplot tech_ms_4 , text($pos_text1 "The usage of conventional energy sources is inevitable as global" "energy demand is too high to be cove
> red by renewable energy." $pos_text2 "{it:.43}", size($textsize) place(w) just(right)) stack percent asyvar yla(`pctlabel', nogrid)  title("
> ") bargap(0) blabel(bar, size(medium) format(%9.0f) pos(center)) l1title("")  b1title("") legend(rows(1) pos(6) ring(1) size(vsmall)) plotre
> gion(margin(zero)) graphregion(margin($margins)) yscale(off) fysize($fysize)

. graph save "$working_ANALYSIS\results\intermediate\fut_opt4", replace
(note: file C:\Users\Max Burger\HESSENBOX\2-Projekte (Björn Vollan)\Paper SustUse\Donia_Delegates\8_Submission\replication_delegates\results\i
> ntermediate\fut_opt4.gph not found)
(file C:\Users\Max Burger\HESSENBOX\2-Projekte (Björn Vollan)\Paper SustUse\Donia_Delegates\8_Submission\replication_delegates\results\interme
> diate\fut_opt4.gph saved)

. catplot tech_ms_5 , text($pos_text1 "Technological innovations for climate change emerge more likely in a" "free-market economy without much
>  interference from the Government." $pos_text2 "{it:.37}", size($textsize) place(w) just(right)) stack percent asyvar yla(`pctlabel', nogrid
>  labsize(relative3)) ytitle("percent", size(relative3)) title("") bargap(0) blabel(bar, size(medium) format(%9.0f) pos(center)) l1title("") 
>  b1title("") legend(rows(3) pos(6) ring(1) size(7.5 pt) symxsize(2.5)) plotregion(margin(zero)) graphregion(margin($margins)) fysize(50)

. graph save "$working_ANALYSIS\results\intermediate\fut_opt5", replace
(note: file C:\Users\Max Burger\HESSENBOX\2-Projekte (Björn Vollan)\Paper SustUse\Donia_Delegates\8_Submission\replication_delegates\results\i
> ntermediate\fut_opt5.gph not found)
(file C:\Users\Max Burger\HESSENBOX\2-Projekte (Björn Vollan)\Paper SustUse\Donia_Delegates\8_Submission\replication_delegates\results\interme
> diate\fut_opt5.gph saved)

. catplot tech_ms_6 , text($pos_text1 "Transformation towards a sustainable society is possible by making" "productions more resourcesaving an
> d without harming the economy." $pos_text2 "{it:.37}" 180 2 "{it:Loading}" "{it:(PCA)}", size($textsize) place(w) just(right)) stack percent
>  asyvar yla(`pctlabel', nogrid)  title("") bargap(0) blabel(bar, size(medium) format(%9.0f) pos(center)) l1title("")  b1title("") legend(row
> s(3) pos(6) ring(1) size(7.5 pt) rowgap(minuscule) symxsize(2.5)) plotregion(margin(zero)) graphregion(margin($margins)) yscale(off) fysize(
> $fysize)

. graph save "$working_ANALYSIS\results\intermediate\fut_opt6", replace
(note: file C:\Users\Max Burger\HESSENBOX\2-Projekte (Björn Vollan)\Paper SustUse\Donia_Delegates\8_Submission\replication_delegates\results\i
> ntermediate\fut_opt6.gph not found)
(file C:\Users\Max Burger\HESSENBOX\2-Projekte (Björn Vollan)\Paper SustUse\Donia_Delegates\8_Submission\replication_delegates\results\interme
> diate\fut_opt6.gph saved)

. 
. * Combine the single plots
. grc1leg "$working_ANALYSIS\results\intermediate\fut_opt6" "$working_ANALYSIS\results\intermediate\fut_opt3" "$working_ANALYSIS\results\inter
> mediate\fut_opt2" "$working_ANALYSIS\results\intermediate\fut_opt4" "$working_ANALYSIS\results\intermediate\fut_opt1" "$working_ANALYSIS\res
> ults\intermediate\fut_opt5" , cols(1) legendfrom("$working_ANALYSIS\results\intermediate\fut_opt6") title("{bf:a }", size(11 pt) pos(11) rin
> g(15)) graphregion(margin(2 3 -3 4)) plotregion(margin(0 0 0 5)) 

. gr_edit .legend.plotregion1.DragBy 1 35

. gr_edit .plotregion1.graph1.plotregion1.textbox3.style.editstyle horizontal(center) editcopy

. gr_edit .plotregion1.graph1.plotregion1.textbox3.style.editstyle size(13) editcopy

. gr_edit .plotregion1.graph1.plotregion1.textbox2.style.editstyle size(13) editcopy

. gr_edit .plotregion1.graph2.plotregion1.textbox2.style.editstyle size(13) editcopy

. gr_edit .plotregion1.graph3.plotregion1.textbox2.style.editstyle size(13) editcopy

. gr_edit .plotregion1.graph4.plotregion1.textbox2.style.editstyle size(13) editcopy

. gr_edit .plotregion1.graph5.plotregion1.textbox2.style.editstyle size(13) editcopy

. gr_edit .plotregion1.graph6.plotregion1.textbox2.style.editstyle size(13) editcopy

. graph save "$working_ANALYSIS\results\intermediate\tech_opt_answers", replace
(note: file C:\Users\Max Burger\HESSENBOX\2-Projekte (Björn Vollan)\Paper SustUse\Donia_Delegates\8_Submission\replication_delegates\results\i
> ntermediate\tech_opt_answers.gph not found)
(file C:\Users\Max Burger\HESSENBOX\2-Projekte (Björn Vollan)\Paper SustUse\Donia_Delegates\8_Submission\replication_delegates\results\interme
> diate\tech_opt_answers.gph saved)

. 
. 
. 
. 
. // Fig 1b: Stripplot: Price and temperature rise 
. * Generate variable defining position of observations on x-axis
. egen carbon_price_rank = rank(carbon_price_cap), by(temp_rise_cropped) unique

. egen temp_rise_cropped_freq = count(carbon_price_cap), by(temp_rise_cropped)

. gen  temp_rise_cropped_jitter2 = temp_rise_cropped + (carbon_price_rank *.006) - (temp_rise_cropped_freq / 2 * 0.006)

. 
. * Save number of observations in locals
. forvalues i = 1/6 {
  2. sum ln_carbon_price if tr`i' == 1
  3. local n_`i' = r(N)
  4. }

    Variable |        Obs        Mean    Std. Dev.       Min        Max
-------------+---------------------------------------------------------
ln_carbon_~e |         22    3.323065    2.261287          0   7.601402

    Variable |        Obs        Mean    Std. Dev.       Min        Max
-------------+---------------------------------------------------------
ln_carbon_~e |         36    3.722019    2.127395   .6931472   7.601402

    Variable |        Obs        Mean    Std. Dev.       Min        Max
-------------+---------------------------------------------------------
ln_carbon_~e |         42    4.207788    1.800718   1.098612   7.601402

    Variable |        Obs        Mean    Std. Dev.       Min        Max
-------------+---------------------------------------------------------
ln_carbon_~e |        116    4.121002    1.359837          0   7.313887

    Variable |        Obs        Mean    Std. Dev.       Min        Max
-------------+---------------------------------------------------------
ln_carbon_~e |         40    3.659859    1.407166          0   6.552508

    Variable |        Obs        Mean    Std. Dev.       Min        Max
-------------+---------------------------------------------------------
ln_carbon_~e |         21    3.544467    1.325008   .6931472   6.908755

. twoway ///
> (scatter carbon_price_cap temp_rise_cropped_jitter2 , mcolor(%30) msize(medium) msymbol(o))              ///
> (scatter mean_carbon_price temp_rise_cropped , msymbol(triangle))                                  ///
> (scatter median_carbon_price temp_rise_cropped , msymbol(square))                                  ///
> , title("{bf:b }", pos(11) span size($head pt))                                                          ///
> ytitle("Global carbon price (USD/tCO2)", size($xytitle pt))                                              ///
> ylabel(, labsize($xylab pt))                                                                             ///
> xtitle("Temperature rise deemed acceptable (°C)", size($xytitle pt)  margin(0 0 0 4))                    ///
> xlabel(1 `" "0°C" "(n=`n_1')" "' 2 `" "0.5°C" "(n=`n_2')" "'  3 `" "1°C" "(n=`n_3')" "' 4 `" "1.5°C" "(n=`n_4')" "' 5 `" "2°C" "(n=`n_5')" "
> ' 6 `" "{&ge}2.5°C" "(n=`n_6')" "' , labsize(2.5 pt))                                                ///
> legend(order(1 "Observation" 2 "Mean" 3 "Median") size($legend pt) rows(1) pos(6) ring(1) region(fcolor(%40))) ///
> fysize(40) scale(*1.25) graphregion(margin(0 10 0 0)) plotregion(margin(0 0 0 0))

. 
. graph save "$working_ANALYSIS\results\intermediate\price_temprise", replace
(note: file C:\Users\Max Burger\HESSENBOX\2-Projekte (Björn Vollan)\Paper SustUse\Donia_Delegates\8_Submission\replication_delegates\results\i
> ntermediate\price_temprise.gph not found)
(file C:\Users\Max Burger\HESSENBOX\2-Projekte (Björn Vollan)\Paper SustUse\Donia_Delegates\8_Submission\replication_delegates\results\interme
> diate\price_temprise.gph saved)

. graph export "$working_ANALYSIS\results\intermediate\price_temprise.tif", replace
(note: file C:\Users\Max Burger\HESSENBOX\2-Projekte (Björn Vollan)\Paper SustUse\Donia_Delegates\8_Submission\replication_delegates\results\i
> ntermediate\price_temprise.tif not found)
(file C:\Users\Max Burger\HESSENBOX\2-Projekte (Björn Vollan)\Paper SustUse\Donia_Delegates\8_Submission\replication_delegates\results\interme
> diate\price_temprise.tif written in TIFF format)

. 
. 
. 
. 
. 
. // Fig. 1c. Coefficient plots temperature rise acceptable and price deemed necessary 
. * Set globals
. global info_source info_cc_1 info_cc_2 info_cc_3 info_cc_4 info_cc_5

. global socioeconomics edu1 edu3 edu4 edu5 // Education ref. cat.: edu2 (Social Sciences); gender and age erased to not jepardize anonimity o
> f participants

. global orga orga2 orga3 orga4 // Governmental organization ref. cat.

. global countryspecifics lower_middle_income upper_middle_income high_income // Income level: ref.cat: low

. 
. * Save number of observations for display
. sum tech_ms_pca

    Variable |        Obs        Mean    Std. Dev.       Min        Max
-------------+---------------------------------------------------------
 tech_ms_pca |        277   -5.16e-09    1.587112  -5.130207   2.836653

. local tech_ms_min = r(min)

. local tech_ms_max = r(max)

. 
. * Probit, DV: Temperature rise deemed acceptable
. probit temp_above tech_ms_pca $info_source $orga cops_attended $socioeconomics i.income , vce(robust)

Iteration 0:   log pseudolikelihood = -146.02941  
Iteration 1:   log pseudolikelihood = -132.20566  
Iteration 2:   log pseudolikelihood = -132.03731  
Iteration 3:   log pseudolikelihood = -132.03728  
Iteration 4:   log pseudolikelihood = -132.03728  

Probit regression                               Number of obs     =        277
                                                Wald chi2(17)     =      25.92
                                                Prob > chi2       =     0.0759
Log pseudolikelihood = -132.03728               Pseudo R2         =     0.0958

-------------------------------------------------------------------------------
              |               Robust
   temp_above |      Coef.   Std. Err.      z    P>|z|     [95% Conf. Interval]
--------------+----------------------------------------------------------------
  tech_ms_pca |     .18894   .0692489     2.73   0.006     .0532147    .3246653
    info_cc_1 |   .1031144   .2185983     0.47   0.637    -.3253303    .5315591
    info_cc_2 |  -.2912301   .1897123    -1.54   0.125    -.6630594    .0805992
    info_cc_3 |  -.1798553   .2518557    -0.71   0.475    -.6734833    .3137727
    info_cc_4 |  -.3564737    .238951    -1.49   0.136    -.8248091    .1118618
    info_cc_5 |   .1056947   .2845349     0.37   0.710    -.4519834    .6633728
        orga2 |  -.2843429   .2865893    -0.99   0.321    -.8460477    .2773619
        orga3 |   .4890618   .3007417     1.63   0.104    -.1003812    1.078505
        orga4 |  -.1972522   .2726743    -0.72   0.469     -.731684    .3371796
cops_attended |   .0158743   .0165825     0.96   0.338    -.0166267    .0483754
         edu1 |   .4337427   .2468786     1.76   0.079    -.0501304    .9176158
         edu3 |   .4506149   .2991854     1.51   0.132    -.1357778    1.037008
         edu4 |   .1210853   .3797686     0.32   0.750    -.6232476    .8654181
         edu5 |  -.0635536   .4155383    -0.15   0.878    -.8779937    .7508866
              |
 income_level |
  Low-middle  |   .0775647   .2579757     0.30   0.764    -.4280583    .5831877
Upper-middle  |    .458333   .2893949     1.58   0.113    -.1088706    1.025536
        High  |    .207987   .2924857     0.71   0.477    -.3652744    .7812484
              |
        _cons |  -.9166648   .4226364    -2.17   0.030    -1.745017   -.0883126
-------------------------------------------------------------------------------

. margins, dydx(tech_ms_pca)

Average marginal effects                        Number of obs     =        277
Model VCE    : Robust

Expression   : Pr(temp_above), predict()
dy/dx w.r.t. : tech_ms_pca

------------------------------------------------------------------------------
             |            Delta-method
             |      dy/dx   Std. Err.      z    P>|z|     [95% Conf. Interval]
-------------+----------------------------------------------------------------
 tech_ms_pca |   .0503867   .0179063     2.81   0.005      .015291    .0854824
------------------------------------------------------------------------------

. margins, at(tech_ms_pca = (`tech_ms_min' (1) `tech_ms_max' )) saving("$working_ANALYSIS\intermediate\probit_margins_temp2.gph", replace)

Predictive margins                              Number of obs     =        277
Model VCE    : Robust

Expression   : Pr(temp_above), predict()

1._at        : tech_ms_pca     =   -5.130207

2._at        : tech_ms_pca     =   -4.130207

3._at        : tech_ms_pca     =   -3.130207

4._at        : tech_ms_pca     =   -2.130207

5._at        : tech_ms_pca     =   -1.130207

6._at        : tech_ms_pca     =   -.1302071

7._at        : tech_ms_pca     =    .8697929

8._at        : tech_ms_pca     =    1.869793

------------------------------------------------------------------------------
             |            Delta-method
             |     Margin   Std. Err.      z    P>|z|     [95% Conf. Interval]
-------------+----------------------------------------------------------------
         _at |
          1  |   .0433143   .0331344     1.31   0.191     -.021628    .1082565
          2  |   .0622553   .0364523     1.71   0.088    -.0091898    .1337004
          3  |   .0871098   .0372915     2.34   0.019     .0140197    .1601999
          4  |   .1187166   .0348856     3.40   0.001     .0503421     .187091
          5  |   .1576684   .0294556     5.35   0.000     .0999365    .2154003
          6  |   .2041898   .0246374     8.29   0.000     .1559013    .2524782
          7  |    .258036   .0301775     8.55   0.000     .1988893    .3171827
          8  |   .3184364   .0484771     6.57   0.000      .223423    .4134498
------------------------------------------------------------------------------
(note: file C:\Users\Max Burger\HESSENBOX\2-Projekte (Björn Vollan)\Paper SustUse\Donia_Delegates\8_Submission\replication_delegates\intermedi
> ate\probit_margins_temp2.gph not found)
file C:\Users\Max Burger\HESSENBOX\2-Projekte (Björn Vollan)\Paper
    SustUse\Donia_Delegates\8_Submission\replication_delegates\intermediate\probit_margins_temp2.gph could not be opened
r(603);

end of do-file
r(603);

end of do-file

r(603);

. do "C:\Users\Max Burger\HESSENBOX\2-Projekte (Björn Vollan)\Paper SustUse\Donia_Delegates\8_Submission\replication_delegates\scripts\02 - an
> alysis.do"

. *--------------------------------------------------
. * Analysis 
. *-------------------------------------------------
. 
. 
. 
. *********************************************************
. **********               STRUCTURE             **********
. *********************************************************
. /*
> Main Body:
> I)  Fig. 1: Descriptives
>         a) Carbon price and temperature rise
>         b) Shifting the burden
> 
> II) Fig. 2: Inferential
>         a) Answers towards technological optimism items
>         b) Technological optimism mindset and temperature & prices suggested
> 
> III) In text-statistics not mentioned in the supplementary online material
>     - "Delegates vastly agree to limit global warming: The majority perceives a rise above 1.5°C unacceptable (78%), with only few (8%) deem
> ing an increase of 2.5°C or more acceptable."
>     - "The median global carbon price recommended in our sample is 50 USD [...]"
>     - "Roughly half of all delegates interviewed stated rather unambitious carbon prices below 60 USD (55%). Only 37% (19% and 13%, respecti
> vely) deemed a price of at least 82 USD (185 USD, 281 USD) as appropriate"
>     - "This variance in global price suggested is highest for the three low temperature options (0°C, 0.5°C and 1°C), with price suggestions
>  ranging from 0 to 2,000 USD (Levene’s test F(1, 275)=21.7, p<0.001)."
>     - "Of the 100 delegates [suggesting prices between 0°C und 1°C] in favor of these ambitious temperature targets, 62% indicated global ca
> rbon prices below 60 USD as appropriate to stay below the temperature target."
>     - "In addition, we find that participants who claim to be influential in their delegation score higher on the technological optimism min
> dset (r=.23, p<.001)."
> */
. 
. 
. use "$working_ANALYSIS\data\delegates_analysis.dta", clear

. 
. 
. *---------------------------------------
. *   I) FIGURE 1 
. *------------------------------
. // Figure Settings
. * Text size
. global head     10 // Title

. global legend    8 // Legend

. global xytitle   8 // Axis title

. global xylab     8 // Scale label

. global fysize    22 

. global textsize  14 pt

. 
. 
. 
. // Fig 1a: Distribution of answers towards technological optimism items
. ** Catplot for each item
. global margins 145 0 1 3 // set margins for all

. global pos_text1 -15 50

. global pos_text2  50 -4

. 
. mylabels 0(25)100, myscale(@) local(pctlabel) suffix("%") // set label for axis
0 "0%" 25 "25%" 50 "50%" 75 "75%" 100 "100%"

. catplot tech_ms_1 , text($pos_text1 "Future generations will be richer and better equipped to deal" "with adverse impacts of climate change.
> " $pos_text2 "{it:.42}", size($textsize) place(w) just(right)) stack percent asyvar yla(`pctlabel', nogrid)  title("") bargap(0) blabel(bar,
>  size(medium) format(%9.0f) pos(center)) l1title("")  b1title("") legend(rows(1) pos(6) ring(1) size(vsmall)) plotregion(margin(zero)) graph
> region(margin($margins)) yscale(off) fysize($fysize)

. graph save "$working_ANALYSIS\results\intermediate\fut_opt1", replace
(file C:\Users\Max Burger\HESSENBOX\2-Projekte (Björn Vollan)\Paper SustUse\Donia_Delegates\8_Submission\replication_delegates\results\interme
> diate\fut_opt1.gph saved)

. catplot tech_ms_2 , text($pos_text1  "Technological innovation e.g., solar geoengineering offers" "a suitable solution to respond in case of
>  a future climate emergency." $pos_text2 "{it:.47}", size($textsize) place(w) just(right)) stack percent asyvar yla(`pctlabel', nogrid)  tit
> le("") bargap(0) blabel(bar, size(medium) format(%9.0f) pos(center)) l1title("")  b1title("") legend(rows(1) pos(6) ring(1) size(vsmall)) pl
> otregion(margin(zero)) graphregion(margin($margins)) yscale(off) fysize($fysize)

. graph save "$working_ANALYSIS\results\intermediate\fut_opt2", replace
(file C:\Users\Max Burger\HESSENBOX\2-Projekte (Björn Vollan)\Paper SustUse\Donia_Delegates\8_Submission\replication_delegates\results\interme
> diate\fut_opt2.gph saved)

. catplot tech_ms_3 , text($pos_text1  "The present costs and future benefits to society must be weighed" "against each other, while deciding 
> about emission reduction policies." $pos_text2 "{it:.38}", size($textsize) place(w) just(right)) stack percent asyvar yla(`pctlabel', nogrid
> )  title("") bargap(0) blabel(bar, size(medium) format(%9.0f) pos(center)) l1title("")  b1title("") legend(rows(1) pos(6) ring(1) size(vsmal
> l)) plotregion(margin(zero)) graphregion(margin($margins)) yscale(off) fysize($fysize)

. graph save "$working_ANALYSIS\results\intermediate\fut_opt3", replace
(file C:\Users\Max Burger\HESSENBOX\2-Projekte (Björn Vollan)\Paper SustUse\Donia_Delegates\8_Submission\replication_delegates\results\interme
> diate\fut_opt3.gph saved)

. catplot tech_ms_4 , text($pos_text1 "The usage of conventional energy sources is inevitable as global" "energy demand is too high to be cove
> red by renewable energy." $pos_text2 "{it:.43}", size($textsize) place(w) just(right)) stack percent asyvar yla(`pctlabel', nogrid)  title("
> ") bargap(0) blabel(bar, size(medium) format(%9.0f) pos(center)) l1title("")  b1title("") legend(rows(1) pos(6) ring(1) size(vsmall)) plotre
> gion(margin(zero)) graphregion(margin($margins)) yscale(off) fysize($fysize)

. graph save "$working_ANALYSIS\results\intermediate\fut_opt4", replace
(file C:\Users\Max Burger\HESSENBOX\2-Projekte (Björn Vollan)\Paper SustUse\Donia_Delegates\8_Submission\replication_delegates\results\interme
> diate\fut_opt4.gph saved)

. catplot tech_ms_5 , text($pos_text1 "Technological innovations for climate change emerge more likely in a" "free-market economy without much
>  interference from the Government." $pos_text2 "{it:.37}", size($textsize) place(w) just(right)) stack percent asyvar yla(`pctlabel', nogrid
>  labsize(relative3)) ytitle("percent", size(relative3)) title("") bargap(0) blabel(bar, size(medium) format(%9.0f) pos(center)) l1title("") 
>  b1title("") legend(rows(3) pos(6) ring(1) size(7.5 pt) symxsize(2.5)) plotregion(margin(zero)) graphregion(margin($margins)) fysize(50)

. graph save "$working_ANALYSIS\results\intermediate\fut_opt5", replace
(file C:\Users\Max Burger\HESSENBOX\2-Projekte (Björn Vollan)\Paper SustUse\Donia_Delegates\8_Submission\replication_delegates\results\interme
> diate\fut_opt5.gph saved)

. catplot tech_ms_6 , text($pos_text1 "Transformation towards a sustainable society is possible by making" "productions more resourcesaving an
> d without harming the economy." $pos_text2 "{it:.37}" 180 2 "{it:Loading}" "{it:(PCA)}", size($textsize) place(w) just(right)) stack percent
>  asyvar yla(`pctlabel', nogrid)  title("") bargap(0) blabel(bar, size(medium) format(%9.0f) pos(center)) l1title("")  b1title("") legend(row
> s(3) pos(6) ring(1) size(7.5 pt) rowgap(minuscule) symxsize(2.5)) plotregion(margin(zero)) graphregion(margin($margins)) yscale(off) fysize(
> $fysize)

. graph save "$working_ANALYSIS\results\intermediate\fut_opt6", replace
(file C:\Users\Max Burger\HESSENBOX\2-Projekte (Björn Vollan)\Paper SustUse\Donia_Delegates\8_Submission\replication_delegates\results\interme
> diate\fut_opt6.gph saved)

. 
. * Combine the single plots
. grc1leg "$working_ANALYSIS\results\intermediate\fut_opt6" "$working_ANALYSIS\results\intermediate\fut_opt3" "$working_ANALYSIS\results\inter
> mediate\fut_opt2" "$working_ANALYSIS\results\intermediate\fut_opt4" "$working_ANALYSIS\results\intermediate\fut_opt1" "$working_ANALYSIS\res
> ults\intermediate\fut_opt5" , cols(1) legendfrom("$working_ANALYSIS\results\intermediate\fut_opt6") title("{bf:a }", size(11 pt) pos(11) rin
> g(15)) graphregion(margin(2 3 -3 4)) plotregion(margin(0 0 0 5)) 

. gr_edit .legend.plotregion1.DragBy 1 35

. gr_edit .plotregion1.graph1.plotregion1.textbox3.style.editstyle horizontal(center) editcopy

. gr_edit .plotregion1.graph1.plotregion1.textbox3.style.editstyle size(13) editcopy

. gr_edit .plotregion1.graph1.plotregion1.textbox2.style.editstyle size(13) editcopy

. gr_edit .plotregion1.graph2.plotregion1.textbox2.style.editstyle size(13) editcopy

. gr_edit .plotregion1.graph3.plotregion1.textbox2.style.editstyle size(13) editcopy

. gr_edit .plotregion1.graph4.plotregion1.textbox2.style.editstyle size(13) editcopy

. gr_edit .plotregion1.graph5.plotregion1.textbox2.style.editstyle size(13) editcopy

. gr_edit .plotregion1.graph6.plotregion1.textbox2.style.editstyle size(13) editcopy

. graph save "$working_ANALYSIS\results\intermediate\tech_opt_answers", replace
(file C:\Users\Max Burger\HESSENBOX\2-Projekte (Björn Vollan)\Paper SustUse\Donia_Delegates\8_Submission\replication_delegates\results\interme
> diate\tech_opt_answers.gph saved)

. 
. 
. 
. 
. // Fig 1b: Stripplot: Price and temperature rise 
. * Generate variable defining position of observations on x-axis
. egen carbon_price_rank = rank(carbon_price_cap), by(temp_rise_cropped) unique

. egen temp_rise_cropped_freq = count(carbon_price_cap), by(temp_rise_cropped)

. gen  temp_rise_cropped_jitter2 = temp_rise_cropped + (carbon_price_rank *.006) - (temp_rise_cropped_freq / 2 * 0.006)

. 
. * Save number of observations in locals
. forvalues i = 1/6 {
  2. sum ln_carbon_price if tr`i' == 1
  3. local n_`i' = r(N)
  4. }

    Variable |        Obs        Mean    Std. Dev.       Min        Max
-------------+---------------------------------------------------------
ln_carbon_~e |         22    3.323065    2.261287          0   7.601402

    Variable |        Obs        Mean    Std. Dev.       Min        Max
-------------+---------------------------------------------------------
ln_carbon_~e |         36    3.722019    2.127395   .6931472   7.601402

    Variable |        Obs        Mean    Std. Dev.       Min        Max
-------------+---------------------------------------------------------
ln_carbon_~e |         42    4.207788    1.800718   1.098612   7.601402

    Variable |        Obs        Mean    Std. Dev.       Min        Max
-------------+---------------------------------------------------------
ln_carbon_~e |        116    4.121002    1.359837          0   7.313887

    Variable |        Obs        Mean    Std. Dev.       Min        Max
-------------+---------------------------------------------------------
ln_carbon_~e |         40    3.659859    1.407166          0   6.552508

    Variable |        Obs        Mean    Std. Dev.       Min        Max
-------------+---------------------------------------------------------
ln_carbon_~e |         21    3.544467    1.325008   .6931472   6.908755

. twoway ///
> (scatter carbon_price_cap temp_rise_cropped_jitter2 , mcolor(%30) msize(medium) msymbol(o))              ///
> (scatter mean_carbon_price temp_rise_cropped , msymbol(triangle))                                  ///
> (scatter median_carbon_price temp_rise_cropped , msymbol(square))                                  ///
> , title("{bf:b }", pos(11) span size($head pt))                                                          ///
> ytitle("Global carbon price (USD/tCO2)", size($xytitle pt))                                              ///
> ylabel(, labsize($xylab pt))                                                                             ///
> xtitle("Temperature rise deemed acceptable (°C)", size($xytitle pt)  margin(0 0 0 4))                    ///
> xlabel(1 `" "0°C" "(n=`n_1')" "' 2 `" "0.5°C" "(n=`n_2')" "'  3 `" "1°C" "(n=`n_3')" "' 4 `" "1.5°C" "(n=`n_4')" "' 5 `" "2°C" "(n=`n_5')" "
> ' 6 `" "{&ge}2.5°C" "(n=`n_6')" "' , labsize(2.5 pt))                                                ///
> legend(order(1 "Observation" 2 "Mean" 3 "Median") size($legend pt) rows(1) pos(6) ring(1) region(fcolor(%40))) ///
> fysize(40) scale(*1.25) graphregion(margin(0 10 0 0)) plotregion(margin(0 0 0 0))

. 
. graph save "$working_ANALYSIS\results\intermediate\price_temprise", replace
(file C:\Users\Max Burger\HESSENBOX\2-Projekte (Björn Vollan)\Paper SustUse\Donia_Delegates\8_Submission\replication_delegates\results\interme
> diate\price_temprise.gph saved)

. graph export "$working_ANALYSIS\results\intermediate\price_temprise.tif", replace
(file C:\Users\Max Burger\HESSENBOX\2-Projekte (Björn Vollan)\Paper SustUse\Donia_Delegates\8_Submission\replication_delegates\results\interme
> diate\price_temprise.tif written in TIFF format)

. 
. 
. 
. 
. 
. // Fig. 1c. Coefficient plots temperature rise acceptable and price deemed necessary 
. * Set globals
. global info_source info_cc_1 info_cc_2 info_cc_3 info_cc_4 info_cc_5

. global socioeconomics edu1 edu3 edu4 edu5 // Education ref. cat.: edu2 (Social Sciences); gender and age erased to not jepardize anonimity o
> f participants

. global orga orga2 orga3 orga4 // Governmental organization ref. cat.

. global countryspecifics lower_middle_income upper_middle_income high_income // Income level: ref.cat: low

. 
. * Save number of observations for display
. sum tech_ms_pca

    Variable |        Obs        Mean    Std. Dev.       Min        Max
-------------+---------------------------------------------------------
 tech_ms_pca |        277   -5.16e-09    1.587112  -5.130207   2.836653

. local tech_ms_min = r(min)

. local tech_ms_max = r(max)

. 
. * Probit, DV: Temperature rise deemed acceptable
. probit temp_above tech_ms_pca $info_source $orga cops_attended $socioeconomics i.income , vce(robust)

Iteration 0:   log pseudolikelihood = -146.02941  
Iteration 1:   log pseudolikelihood = -132.20566  
Iteration 2:   log pseudolikelihood = -132.03731  
Iteration 3:   log pseudolikelihood = -132.03728  
Iteration 4:   log pseudolikelihood = -132.03728  

Probit regression                               Number of obs     =        277
                                                Wald chi2(17)     =      25.92
                                                Prob > chi2       =     0.0759
Log pseudolikelihood = -132.03728               Pseudo R2         =     0.0958

-------------------------------------------------------------------------------
              |               Robust
   temp_above |      Coef.   Std. Err.      z    P>|z|     [95% Conf. Interval]
--------------+----------------------------------------------------------------
  tech_ms_pca |     .18894   .0692489     2.73   0.006     .0532147    .3246653
    info_cc_1 |   .1031144   .2185983     0.47   0.637    -.3253303    .5315591
    info_cc_2 |  -.2912301   .1897123    -1.54   0.125    -.6630594    .0805992
    info_cc_3 |  -.1798553   .2518557    -0.71   0.475    -.6734833    .3137727
    info_cc_4 |  -.3564737    .238951    -1.49   0.136    -.8248091    .1118618
    info_cc_5 |   .1056947   .2845349     0.37   0.710    -.4519834    .6633728
        orga2 |  -.2843429   .2865893    -0.99   0.321    -.8460477    .2773619
        orga3 |   .4890618   .3007417     1.63   0.104    -.1003812    1.078505
        orga4 |  -.1972522   .2726743    -0.72   0.469     -.731684    .3371796
cops_attended |   .0158743   .0165825     0.96   0.338    -.0166267    .0483754
         edu1 |   .4337427   .2468786     1.76   0.079    -.0501304    .9176158
         edu3 |   .4506149   .2991854     1.51   0.132    -.1357778    1.037008
         edu4 |   .1210853   .3797686     0.32   0.750    -.6232476    .8654181
         edu5 |  -.0635536   .4155383    -0.15   0.878    -.8779937    .7508866
              |
 income_level |
  Low-middle  |   .0775647   .2579757     0.30   0.764    -.4280583    .5831877
Upper-middle  |    .458333   .2893949     1.58   0.113    -.1088706    1.025536
        High  |    .207987   .2924857     0.71   0.477    -.3652744    .7812484
              |
        _cons |  -.9166648   .4226364    -2.17   0.030    -1.745017   -.0883126
-------------------------------------------------------------------------------

. margins, dydx(tech_ms_pca)

Average marginal effects                        Number of obs     =        277
Model VCE    : Robust

Expression   : Pr(temp_above), predict()
dy/dx w.r.t. : tech_ms_pca

------------------------------------------------------------------------------
             |            Delta-method
             |      dy/dx   Std. Err.      z    P>|z|     [95% Conf. Interval]
-------------+----------------------------------------------------------------
 tech_ms_pca |   .0503867   .0179063     2.81   0.005      .015291    .0854824
------------------------------------------------------------------------------

. margins, at(tech_ms_pca = (`tech_ms_min' (1) `tech_ms_max' )) saving("$working_ANALYSIS\results\intermediate\probit_margins_temp2.gph", repl
> ace)

Predictive margins                              Number of obs     =        277
Model VCE    : Robust

Expression   : Pr(temp_above), predict()

1._at        : tech_ms_pca     =   -5.130207

2._at        : tech_ms_pca     =   -4.130207

3._at        : tech_ms_pca     =   -3.130207

4._at        : tech_ms_pca     =   -2.130207

5._at        : tech_ms_pca     =   -1.130207

6._at        : tech_ms_pca     =   -.1302071

7._at        : tech_ms_pca     =    .8697929

8._at        : tech_ms_pca     =    1.869793

------------------------------------------------------------------------------
             |            Delta-method
             |     Margin   Std. Err.      z    P>|z|     [95% Conf. Interval]
-------------+----------------------------------------------------------------
         _at |
          1  |   .0433143   .0331344     1.31   0.191     -.021628    .1082565
          2  |   .0622553   .0364523     1.71   0.088    -.0091898    .1337004
          3  |   .0871098   .0372915     2.34   0.019     .0140197    .1601999
          4  |   .1187166   .0348856     3.40   0.001     .0503421     .187091
          5  |   .1576684   .0294556     5.35   0.000     .0999365    .2154003
          6  |   .2041898   .0246374     8.29   0.000     .1559013    .2524782
          7  |    .258036   .0301775     8.55   0.000     .1988893    .3171827
          8  |   .3184364   .0484771     6.57   0.000      .223423    .4134498
------------------------------------------------------------------------------
(note: file C:\Users\Max Burger\HESSENBOX\2-Projekte (Björn Vollan)\Paper SustUse\Donia_Delegates\8_Submission\replication_delegates\results\i
> ntermediate\probit_margins_temp2.gph not found)

. 
. * Probit, DV: Price deemed appropriate to reach temperature target
. probit price_below temp_above tech_ms_pca $info_source $orga cops_attended $socioeconomics i.income , vce(robust)

Iteration 0:   log pseudolikelihood = -190.87207  
Iteration 1:   log pseudolikelihood =  -154.4367  
Iteration 2:   log pseudolikelihood = -154.02769  
Iteration 3:   log pseudolikelihood = -154.02654  
Iteration 4:   log pseudolikelihood = -154.02654  

Probit regression                               Number of obs     =        277
                                                Wald chi2(18)     =      61.41
                                                Prob > chi2       =     0.0000
Log pseudolikelihood = -154.02654               Pseudo R2         =     0.1930

-------------------------------------------------------------------------------
              |               Robust
  price_below |      Coef.   Std. Err.      z    P>|z|     [95% Conf. Interval]
--------------+----------------------------------------------------------------
   temp_above |   .0042563   .2093153     0.02   0.984    -.4059941    .4145068
  tech_ms_pca |   .1852891   .0633186     2.93   0.003     .0611869    .3093913
    info_cc_1 |    .087355   .2109218     0.41   0.679    -.3260441    .5007541
    info_cc_2 |  -.2323097   .1890468    -1.23   0.219    -.6028347    .1382152
    info_cc_3 |  -.2230762   .2660313    -0.84   0.402     -.744488    .2983356
    info_cc_4 |  -.1591243   .2409484    -0.66   0.509    -.6313745     .313126
    info_cc_5 |  -.2501508   .2877008    -0.87   0.385    -.8140339    .3137324
        orga2 |   .2925225   .3001339     0.97   0.330    -.2957292    .8807741
        orga3 |   .2051543   .2977104     0.69   0.491    -.3783474    .7886559
        orga4 |   .2660261   .2434714     1.09   0.275    -.2111691    .7432212
cops_attended |   .0470595   .0149009     3.16   0.002     .0178542    .0762648
         edu1 |  -.3092122   .2285387    -1.35   0.176    -.7571398    .1387153
         edu3 |  -.3441416   .2834304    -1.21   0.225     -.899655    .2113718
         edu4 |  -.7117987   .3256636    -2.19   0.029    -1.350088   -.0735097
         edu5 |  -.1925043   .3225775    -0.60   0.551    -.8247446     .439736
              |
 income_level |
  Low-middle  |   .0912769   .2408824     0.38   0.705    -.3808438    .5633977
Upper-middle  |   .4138693   .2905051     1.42   0.154    -.1555102    .9832488
        High  |  -.9303239   .3028033    -3.07   0.002    -1.523807   -.3368403
              |
        _cons |   .7633757   .3975501     1.92   0.055    -.0158082     1.54256
-------------------------------------------------------------------------------

. margins, dydx(tech_ms_pca)

Average marginal effects                        Number of obs     =        277
Model VCE    : Robust

Expression   : Pr(price_below), predict()
dy/dx w.r.t. : tech_ms_pca

------------------------------------------------------------------------------
             |            Delta-method
             |      dy/dx   Std. Err.      z    P>|z|     [95% Conf. Interval]
-------------+----------------------------------------------------------------
 tech_ms_pca |   .0584949   .0190372     3.07   0.002     .0211827    .0958072
------------------------------------------------------------------------------

. margins, at(tech_ms_pca = (`tech_ms_min' (1) `tech_ms_max' )) saving("$working_ANALYSIS\results\intermediate\probit_margins_price2.gph", rep
> lace)

Predictive margins                              Number of obs     =        277
Model VCE    : Robust

Expression   : Pr(price_below), predict()

1._at        : tech_ms_pca     =   -5.130207

2._at        : tech_ms_pca     =   -4.130207

3._at        : tech_ms_pca     =   -3.130207

4._at        : tech_ms_pca     =   -2.130207

5._at        : tech_ms_pca     =   -1.130207

6._at        : tech_ms_pca     =   -.1302071

7._at        : tech_ms_pca     =    .8697929

8._at        : tech_ms_pca     =    1.869793

------------------------------------------------------------------------------
             |            Delta-method
             |     Margin   Std. Err.      z    P>|z|     [95% Conf. Interval]
-------------+----------------------------------------------------------------
         _at |
          1  |   .2377702   .0908356     2.62   0.009     .0597357    .4158048
          2  |   .2900909   .0820028     3.54   0.000     .1293684    .4508134
          3  |   .3470778   .0689004     5.04   0.000     .2120356      .48212
          4  |   .4075505   .0528923     7.71   0.000     .3038835    .5112176
          5  |   .4700877   .0368765    12.75   0.000     .3978111    .5423643
          6  |   .5331317   .0276971    19.25   0.000     .4788463    .5874171
          7  |   .5951073   .0331058    17.98   0.000     .5302211    .6599934
          8  |   .6545407   .0464345    14.10   0.000     .5635307    .7455508
------------------------------------------------------------------------------
(note: file C:\Users\Max Burger\HESSENBOX\2-Projekte (Björn Vollan)\Paper SustUse\Donia_Delegates\8_Submission\replication_delegates\results\i
> ntermediate\probit_margins_price2.gph not found)

. 
. * Marginsplot
. combomarginsplot "$working_ANALYSIS\results\intermediate\probit_margins_temp2.gph" "$working_ANALYSIS\results\intermediate\probit_margins_pr
> ice2.gph", labels("Temperature rise {&ge} 2°C acceptable" "Global carbon price < 60 USD suggested")  xtitle("Technological optimism mindset 
> (PCA)", size($xytitle)) title("{bf:c }", size($head) pos(11) ring(15))  xla(-4(2)2, labsize($xylab)) yla(, labsize($xylab))  ytitle("Effects
>  on probability of" "accepting/suggesting", size($xytitle)) recast(line) recastci(rarea)  file2opts(msize(6pt)) fileci1opts(recast(rarea) lw
> (none) fcolor(%20)) fileci2opts(recast(rarea) lw(none) fcolor(%20)) legend(rows(2) pos(11) ring(0) size($legend) region(fcolor(%20))) graphr
> egion(margin(10 0 15 0)) plotregion(margin(0 0 0 0)) scale(*0.4) fysize(40) 

  Variables that uniquely identify margins: tech_ms_pca _filenumber

. gr_edit legend.DragBy -.05 0

. gr save "$working_ANALYSIS/results/intermediate/margins_temp_price.gph", replace
(note: file C:\Users\Max Burger\HESSENBOX\2-Projekte (Björn Vollan)\Paper SustUse\Donia_Delegates\8_Submission\replication_delegates/results/i
> ntermediate/margins_temp_price.gph not found)
(file C:\Users\Max Burger\HESSENBOX\2-Projekte (Björn Vollan)\Paper SustUse\Donia_Delegates\8_Submission\replication_delegates/results/interme
> diate/margins_temp_price.gph saved)

. 
. 
. // Combine graph b & c
. graph combine "$working_ANALYSIS\results\intermediate\price_temprise" "$working_ANALYSIS/results/intermediate/margins_temp_price.gph", rows(
> 1) fysize(40)

. gr save "$working_ANALYSIS/results/intermediate/figure1_bc.gph", replace
(note: file C:\Users\Max Burger\HESSENBOX\2-Projekte (Björn Vollan)\Paper SustUse\Donia_Delegates\8_Submission\replication_delegates/results/i
> ntermediate/figure1_bc.gph not found)
(file C:\Users\Max Burger\HESSENBOX\2-Projekte (Björn Vollan)\Paper SustUse\Donia_Delegates\8_Submission\replication_delegates/results/interme
> diate/figure1_bc.gph saved)

. 
. // Combine graph a with b&c
. graph combine "$working_ANALYSIS\results\intermediate\tech_opt_answers" "$working_ANALYSIS/results/intermediate/figure1_bc.gph", rows(2) ysi
> ze(5)

. gr save "$working_ANALYSIS/results/figures/Figure_2", replace
(note: file C:\Users\Max Burger\HESSENBOX\2-Projekte (Björn Vollan)\Paper SustUse\Donia_Delegates\8_Submission\replication_delegates/results/f
> igures/Figure_2.gph not found)
(file C:\Users\Max Burger\HESSENBOX\2-Projekte (Björn Vollan)\Paper SustUse\Donia_Delegates\8_Submission\replication_delegates/results/figures
> /Figure_2.gph saved)

. gr export "$working_ANALYSIS/results/figures/Figure_2.tif", replace
(note: file C:\Users\Max Burger\HESSENBOX\2-Projekte (Björn Vollan)\Paper SustUse\Donia_Delegates\8_Submission\replication_delegates/results/f
> igures/Figure_2.tif not found)
(file C:\Users\Max Burger\HESSENBOX\2-Projekte (Björn Vollan)\Paper SustUse\Donia_Delegates\8_Submission\replication_delegates/results/figures
> /Figure_2.tif written in TIFF format)

. 
. 
. 
. 
. 
. 
. 
. 
. 
. 
. 
. 
. 
. 
. 
. 
. 
. *------------ OLD
. 
. 
. 
. // Fig. 1b: Shifting the burden to other countries and the future (Descriptives)
. preserve

. 
. ** Save number of observations per income-level in local
. forvalues i = 1/4 {
  2. sum income_level if income_level == `i'
  3. local n_`i' = r(N)
  4. }

    Variable |        Obs        Mean    Std. Dev.       Min        Max
-------------+---------------------------------------------------------
income_level |         50           1           0          1          1

    Variable |        Obs        Mean    Std. Dev.       Min        Max
-------------+---------------------------------------------------------
income_level |        103           2           0          2          2

    Variable |        Obs        Mean    Std. Dev.       Min        Max
-------------+---------------------------------------------------------
income_level |         56           3           0          3          3

    Variable |        Obs        Mean    Std. Dev.       Min        Max
-------------+---------------------------------------------------------
income_level |         68           4           0          4          4

. 
. ** Collpase observations to receive median
. collapse (median) price_home_now price_oecd_now price_ldc_now price_home_future price_oecd_future price_ldc_future , by(income_level)

. 
. ** Reshaping dataset from wide to long
. foreach var in price_home price_oecd price_ldc {
  2. rename `var'_now `var'1
  3. rename `var'_future `var'2
  4. }

. reshape long price_home price_oecd price_ldc, i(income_level) j(now_future)
(note: j = 1 2)

Data                               wide   ->   long
-----------------------------------------------------------------------------
Number of obs.                        4   ->       8
Number of variables                   7   ->       5
j variable (2 values)                     ->   now_future
xij variables:
                price_home1 price_home2   ->   price_home
                price_oecd1 price_oecd2   ->   price_oecd
                  price_ldc1 price_ldc2   ->   price_ldc
-----------------------------------------------------------------------------

. lab define now_future 1 "Now" 2 "Future"

. lab val now_future now_future

. gen income_level_future = .
(8 missing values generated)

. replace income_level_future  = income_level if now_future == 1
(4 real changes made)

. replace income_level_future  = income_level + .25 if now_future == 2
(4 real changes made)

. 
. ** Draw figure
. global y = -6

. twoway ///
>         rspike price_home price_oecd income_level if now_future == 1, vertical lwidth(vthick) lcolor(538y%25) xlabel(0(25)150)          || /
> // Now: Home-OECD
>         rspike price_home price_ldc income_level if now_future == 1, vertical lwidth(vthick) lcolor(538bs1%25) xlabel(0(25)150)         || /
> // Now: Home-LDC
>         rspike price_home price_oecd income_level_future if now_future == 2, vertical lwidth(vthick) lcolor(538y%25) xlabel(0(25)150)   || /
> // Future: Home-OECD
>         rspike price_home price_ldc income_level_future  if now_future == 2, vertical lwidth(vthick) lcolor(538bs1%25) xlabel(0(25)150) || /
> // Future: Home-LDC
>     scatter price_ldc  income_level if now_future == 1,  mcolor(538bs1%80)           || /// Now: LDC
>         scatter price_home income_level if now_future == 1,  mcolor(538g%80)             || /// Now: Home
>         scatter price_oecd income_level if now_future == 1,  mcolor(538y%80)             || /// Now: OECD
>     scatter price_ldc  income_level_future if now_future == 2,  mcolor(538bs1%80)      || /// Future: LDC
>         scatter price_home income_level_future if now_future == 2,  mcolor(538g%80)        || /// Future: Home
>         scatter price_oecd income_level_future if now_future == 2,  mcolor(538y%80)        || /// Future: OECDw-Future: LDC, High
>     line price_home income_level_future if income_level == 1,  lcolor(538g%40)  lpattern(dash) || /// Now-Future: Home, Low
>         line price_home income_level_future if income_level == 2,  lcolor(538g%40)  lpattern(dash) || /// Now-Future: Home, Low-Mid
>         line price_home income_level_future if income_level == 3,  lcolor(538g%40)  lpattern(dash) || /// Now-Future: Home, Upper-Mid
>         line price_home income_level_future if income_level == 4,  lcolor(538g%40)  lpattern(dash)    /// Now-Future: Home, High
>         title("{bf:b }", pos(11) span size($head pt))                                                            ///
>         ytitle("Area-specific carbon price (median, in USD/tCO2)", size($xytitle pt))                            ///
>     ylabel(0 25 50 75 100 125 150, labsize($xylab pt) noticks nogrid) ymtick(25 50 75 100 125 150, grid)     ///
>         yline(0, lcolor(gs12%40) lpattern(solid))                                                                ///
>         xtitle(Income level (country), size($xytitle pt) margin(0 0 0 4))                                        ///
>         xlabel(1.125 `" "Low" "(n=`n_1')" "'  2.125 `" "Low-Mid" "(n=`n_2')" "' 3.125 `" "Up-Mid" "(n=`n_3')" "' 4.125 `" "High" "(n=`n_4')"
>  "', labsize(2.5 pt)) ///
>         ttext($y 1 "Now " $y 1.25 "Future" $y 2  "Now" $y 2.25 "Future" $y 3 "Now"  $y 3.25 "Future" $y 4 "Now" $y 4.25 "Future", orientatio
> n(vertical) placement(north) color(gs10) size(7pt)) /// Y X "Text"  
>                 legend(order(5 "Price LDC" 2 "Diff LDC-Home" 6 "Price Home" 11 "Diff Home Now-Future" 7 "Price OECD" 3 "Diff Home-OECD") col
> s(2) pos(6) ring(1) size($legend pt) region(fcolor(%40))) graphregion(fcolor(none)) 
(note:  named style thin not found in class linestyle, default attributes used)

. graph save "$working_ANALYSIS\results\intermediate\shift_burden_by_incomelevel", replace
(note: file C:\Users\Max Burger\HESSENBOX\2-Projekte (Björn Vollan)\Paper SustUse\Donia_Delegates\8_Submission\replication_delegates\results\i
> ntermediate\shift_burden_by_incomelevel.gph not found)
(file C:\Users\Max Burger\HESSENBOX\2-Projekte (Björn Vollan)\Paper SustUse\Donia_Delegates\8_Submission\replication_delegates\results\interme
> diate\shift_burden_by_incomelevel.gph saved)

. graph export "$working_ANALYSIS\results\intermediate\shift_burden_by_incomelevel.tif", replace
(note: file C:\Users\Max Burger\HESSENBOX\2-Projekte (Björn Vollan)\Paper SustUse\Donia_Delegates\8_Submission\replication_delegates\results\i
> ntermediate\shift_burden_by_incomelevel.tif not found)
(file C:\Users\Max Burger\HESSENBOX\2-Projekte (Björn Vollan)\Paper SustUse\Donia_Delegates\8_Submission\replication_delegates\results\interme
> diate\shift_burden_by_incomelevel.tif written in TIFF format)

. restore

. 
. // Combine Graph a and b
. graph combine "$working_ANALYSIS\results\intermediate\price_temprise"  "$working_ANALYSIS\results\intermediate\shift_burden_by_incomelevel",
>  rows(1) scale(1.3) graphregion(margin(zero))
(note:  named style thin not found in class linestyle, default attributes used)

. graph save "$working_ANALYSIS\results\figures\Figure 1", replace
(note: file C:\Users\Max Burger\HESSENBOX\2-Projekte (Björn Vollan)\Paper SustUse\Donia_Delegates\8_Submission\replication_delegates\results\f
> igures\Figure 1.gph not found)
(file C:\Users\Max Burger\HESSENBOX\2-Projekte (Björn Vollan)\Paper SustUse\Donia_Delegates\8_Submission\replication_delegates\results\figures
> \Figure 1.gph saved)

. graph export "$working_ANALYSIS\results\figures\Figure 1.tif", replace
(note: file C:\Users\Max Burger\HESSENBOX\2-Projekte (Björn Vollan)\Paper SustUse\Donia_Delegates\8_Submission\replication_delegates\results\f
> igures\Figure 1.tif not found)
(file C:\Users\Max Burger\HESSENBOX\2-Projekte (Björn Vollan)\Paper SustUse\Donia_Delegates\8_Submission\replication_delegates\results\figures
> \Figure 1.tif written in TIFF format)

. 
. 
. 
. 
. 
. 
. 
. *---------------------------------------
. *   II) FIGURE 2: The effect of technological optimism mindset on temperature rise deemed acceptable, carbon prices, and strategic negotiati
> on
. *------------------------------
. 
. // Fig 2: Inferential (Marginsplot)
. global head3     22 pt   // Title

. global legend3   18 pt   // Legend

. global xytitle3  20 pt   // Axis title

. global xylab3    20 pt   // Scale label

. global fysize    22 

. global textsize  14 pt

. 
. 
. 
. 
. 
. 
. 
. *---------------------------------------
. *   III) In text-statistics not mentioned in the supplementary online material
. *------------------------------
. // "Delegates vastly agree to limit global warming: The majority perceives a rise above 1.5°C unacceptable (78%), with only few (8%) deeming
>  an increase of 2.5°C or more acceptable."
. tab temp_rise

 Acceptable |
increase in |
temperature |
 until 2100 |
compared to |
pre-industr |
 ial levels |      Freq.     Percent        Cum.
------------+-----------------------------------
          0 |         22        7.94        7.94
         .5 |         36       13.00       20.94
          1 |         42       15.16       36.10
        1.5 |        116       41.88       77.98
          2 |         40       14.44       92.42
        2.5 |          9        3.25       95.67
          3 |          4        1.44       97.11
        3.5 |          2        0.72       97.83
          4 |          2        0.72       98.56
          5 |          4        1.44      100.00
------------+-----------------------------------
      Total |        277      100.00

. 
. // "The median global carbon price recommended in our sample is 50 USD [...]"
. sum carbon_price, d

     Appropriate price for carbon emissions (US$/t CO2)
                   to stay below temp_rise
-------------------------------------------------------------
      Percentiles      Smallest
 1%            0              0
 5%            2              0
10%            7              0       Obs                 277
25%           15              0       Sum of Wgt.         277

50%           50                      Mean            189.574
                        Largest       Std. Dev.      412.4805
75%          100           2000
90%          500           2000       Variance       170140.2
95%         1002           2000       Skewness       3.322374
99%         2000           2000       Kurtosis       13.51885

. 
. // "Roughly half of all delegates interviewed stated rather unambitious carbon prices below 60 USD (55%). Only 37% (19% and 13%, respectivel
> y) deemed a price of at least 82 USD (185 USD, 281 USD) as appropriate"
. sum price_below_60 price_below_82 price_below_185 price_below_281

    Variable |        Obs        Mean    Std. Dev.       Min        Max
-------------+---------------------------------------------------------
price_bel~60 |        277    .5451264    .4988607          0          1
price_bel~82 |        277     .631769    .4831975          0          1
price_be~185 |        277    .8086643    .3940647          0          1
price_be~281 |        277    .8700361    .3368723          0          1

. 
. // "This variance in global price suggested is highest for the three low temperature options (0°C, 0.5°C and 1°C), with price suggestions ra
> nging from 0 to 2,000 USD (Levene’s test F(1, 275)=21.7, p<0.001)."
. gen temp_rise1 = 0 

. replace temp_rise1 = 1 if temp_rise >=1.5
(177 real changes made)

. robvar ln_carbon_price, by(temp_rise1) // Robsut test for equality of variances of logiritzmized carbon price across those suggesting a pric
> e of 0°C, 0.5°C or 1°C as acceptable against the rest

            |   Summary of Natural logarithm of
            |       suggested carbon_price
 temp_rise1 |        Mean   Std. Dev.       Freq.
------------+------------------------------------
          0 |   3.8382722   2.0370112         100
          1 |   3.9483867   1.3800589         177
------------+------------------------------------
      Total |   3.9086341   1.6448975         277

W0  =  21.724332   df(1, 275)     Pr > F = 0.00000491

W50 =  19.055859   df(1, 275)     Pr > F = 0.00001799

W10 =  21.240064   df(1, 275)     Pr > F = 0.00000621

. 
. // "Of the 100 delegates [suggesting prices between 0°C und 1°C] in favor of these ambitious temperature targets, 62% indicated global carbo
> n prices below 60 USD as appropriate to stay below the temperature target."
. sum price_below_60 if temp_rise <= 1

    Variable |        Obs        Mean    Std. Dev.       Min        Max
-------------+---------------------------------------------------------
price_bel~60 |        100         .62    .4878317          0          1

. 
. // "In addition, we find that participants who claim to be influential in their delegation score higher on the technological optimism mindse
> t (r=.23, p<.001)."
. pwcorr tech_ms_pca influence, sig

             | tech_m~a influe~e
-------------+------------------
 tech_ms_pca |   1.0000 
             |
             |
   influence |   0.2312   1.0000 
             |   0.0002
             |

. 
. 
. 
. 
. 
. 
. 
. 
. 
. 
. 
. 
. 
. 
. 
. 
. 
. 
end of do-file

. do "C:\Users\Max Burger\HESSENBOX\2-Projekte (Björn Vollan)\Paper SustUse\Donia_Delegates\8_Submission\replication_delegates\run.do"

. *-------------------------------------------------------------------------------------------------------
. * OVERVIEW
. *-------------------------------------------------------------------------------------------------------
. *   This script generates tables and figures reported in the manuscript and SOM of the paper:
. *   TECHNOLOGY-MINDED CLIMATE DELEGATES CAN DELAY SUSTAINABILITY TRANSFORMATIONS 
. *       Author: Max Burger, Philipps University Marburg
. *   All experimental data are stored in /data
. *   All figures reported in the main manuscript and SOM are outputted to /results/figures
. *   All tables areported in the main manuscript and SOM are outputted to /results/tables
. *   TO PERFORM A CLEAN RUN, DELETE THE FOLLOWING FOLDER:
. *    /results
. *-------------------------------------------------------------------------------------------------------
. 
. 
. 
. *--------------------------------------------------
. * Set global Working Directory
. *--------------------------------------------------
. * Define this global macro to point where the replication folder is saved locally that includes this run.do script
. global working_ANALYSIS "C:\Users\Max Burger\HESSENBOX\2-Projekte (Björn Vollan)\Paper SustUse\Donia_Delegates\8_Submission\replication_dele
> gates"

. 
. 
. *--------------------------------------------------
. * Program Setup
. *--------------------------------------------------
. * Initialize log and record system parameters
. clear

. set more off

. cap mkdir "$working_ANALYSIS/scripts/logs"

. cap log close
