--------------------------------------------------------------------------------
      name:  <unnamed>
       log:  C:\Users\Max Burger\HESSENBOX\2-Projekte (Björn Vollan)\Paper SustU
> se\Donia_Delegates\8_Submission\analysis/scripts/logs/2023.06.26-14.41.50.log.
> txt
  log type:  text
 opened on:  26 Jun 2023, 14:41:50

. 
. di "Begin date and time: $S_DATE $S_TIME"
Begin date and time: 26 Jun 2023 14:41:50

. di "Stata version: `c(stata_version)'"
Stata version: 16.1

. di "Updated as of: `c(born_date)'"
Updated as of: 11 Oct 2022

. di "Variant:       `=cond( c(MP),"MP",cond(c(SE),"SE",c(flavor)) )'"
Variant:       MP

. di "Processors:    `c(processors)'"
Processors:    2

. di "OS:            `c(os)' `c(osdtl)'"
OS:            Windows 64-bit

. di "Machine type:  `c(machine_type)'"
Machine type:  PC (64-bit x86-64)

. 
. *   Analyses were run on Windows using Stata version 16
. version 16              // Set Version number for backward compatibility

. 
. * All required Stata packages are available in the /libraries/stata folder
. tokenize `"$S_ADO"', parse(";")

. while `"`1'"' != "" {
  2.   if `"`1'"'!="BASE" cap adopath - `"`1'"'
  3.   macro shift
  4. }

. adopath ++ "$working_ANALYSIS/scripts/libraries/stata"
  [1]              "C:\Users\Max Burger\HESSENBOX\2-Projekte (Björn Vollan)\Pape
> r SustUse\Donia_Delegates\8_Submission\analysis/scripts/libraries/stata"
  [2]  (BASE)      "C:\Program Files\Stata 16\ado\base/"

. mata: mata mlib index
.mlib libraries to be searched are now
    lmatabase;lmataado;lmataerm;lmatafc;lmatagsem;lmatalasso;lmatamcmc;lmatameta
> ;lmatami;lmatamixlog;lmatanumlib;lmataopt;lmatapath;lmatapostest;lmatapss;lmat
> asem;lmatasp;lmatasvy;lmatatab;lcolrspace

. 
. * Create directories for output files
. cap mkdir "$working_ANALYSIS/processed"

. cap mkdir "$working_ANALYSIS/results"

. cap mkdir "$working_ANALYSIS/results/intermediate"

. cap mkdir "$working_ANALYSIS/results/tables"

. cap mkdir "$working_ANALYSIS/results/figures"

. * -------------------------------------------------
. 
. * Set general graph style
. set scheme my538w
scheme my538w not found
r(111);

end of do-file

r(111);

. do "C:\Users\Max Burger\HESSENBOX\2-Projekte (Björn Vollan)\Paper SustUse\Doni
> a_Delegates\8_Submission\analysis\run.do"

. *-----------------------------------------------------------------------------
> --------------------------
. * OVERVIEW
. *-----------------------------------------------------------------------------
> --------------------------
. *   This script generates tables and figures reported in the manuscript and SO
> M of the paper:
. *   CLIMATE DELAY: THE DOWNSIDE OF BELIEVING IN TECHNOLOGICAL FIXES
. *       Author: Max Burger, Philipps University Marburg
. *   All experimental data are stored in /data
. *   All figures reported in the main manuscript and SOM are outputted to /resu
> lts/figures
. *   All tables areported in the main manuscript and SOM are outputted to /resu
> lts/tables
. *   TO PERFORM A CLEAN RUN, DELETE THE FOLLOWING TWO FOLDERS:
. *    /processed
. *    /results
. *-----------------------------------------------------------------------------
> --------------------------
. 
. 
. *--------------------------------------------------
. * Set global Working Directory
. *--------------------------------------------------
. * Define this global macro to point where the replication folder is saved loca
> lly that includes this run.do script
. global working_ANALYSIS "C:\Users\Max Burger\HESSENBOX\2-Projekte (Björn Volla
> n)\Paper SustUse\Donia_Delegates\8_Submission\analysis"

. 
. 
. *--------------------------------------------------
. * Program Setup
. *--------------------------------------------------
. * Initialize log and record system parameters
. clear

. set more off

. cap mkdir "$working_ANALYSIS/scripts/logs"

. cap log close
