-------------------------------------------------------------------------------------------------------
      name:  <unnamed>
       log:  C:\Users\Max Burger\HESSENBOX\2-Projekte (Björn Vollan)\Paper SustUse\Donia_Delegates\8_Su
> bmission\NSUST\analysis/scripts/logs/2023.07.10-12.17.02.log.txt
  log type:  text
 opened on:  10 Jul 2023, 12:17:02

. 
. di "Begin date and time: $S_DATE $S_TIME"
Begin date and time: 10 Jul 2023 12:17:02

. di "Stata version: `c(stata_version)'"
Stata version: 16.1

. di "Updated as of: `c(born_date)'"
Updated as of: 11 Oct 2022

. di "Variant:       `=cond( c(MP),"MP",cond(c(SE),"SE",c(flavor)) )'"
Variant:       MP

. di "Processors:    `c(processors)'"
Processors:    2

. di "OS:            `c(os)' `c(osdtl)'"
OS:            Windows 64-bit

. di "Machine type:  `c(machine_type)'"
Machine type:  PC (64-bit x86-64)

. 
. *   Analyses were run on Windows using Stata version 16
. version 16              // Set Version number for backward compatibility

. 
. /* All required Stata packages are available in the /libraries/stata folder
> tokenize `"$S_ADO"', parse(";")
> while `"`1'"' != "" {
>   if `"`1'"'!="BASE" cap adopath - `"`1'"'
>   macro shift
> }
> adopath ++ "$working_ANALYSIS/scripts/libraries/stata"
> mata: mata mlib index
> */
. 
. * Create directories for output files
. cap mkdir "$working_ANALYSIS/results"

. cap mkdir "$working_ANALYSIS/results/intermediate"

. cap mkdir "$working_ANALYSIS/results/tables"

. cap mkdir "$working_ANALYSIS/results/figures"

. * -------------------------------------------------
. 
. * Set general graph style
. set scheme swift_red // select one scheme as reference scheme to work with

. 
. 
. grstyle init 

. {
. *Background color
. grstyle set color white: background plotregion graphregion legend box textbox //
. 
. *Main colors (note: swift_red only defines 8 colors. Multiplying the color, that is "xx yy zz*0.5" re
> duces/increases intensity and "xx yy zz%50" reduces transparency)
. grstyle set color       "100 143 255" "120 94 240" "220 38 127" "254 97 0" "255 176 0" /// 5 main col
> ors
>                                         "100 143 255*0.4" "120 94 240*0.4" "220 38 127*0.4" "254 97 0
> *0.4" "255 176 0*0.4" ///
>                                         "100 143 255*1.7" "120 94 240*1.7" "220 38 127*1.7" "254 97 0
> *1.7" "255 176 0*1.7" ///
>                                         : p# p#line p#lineplot p#bar p#area p#arealine p#pie histogra
> m 
. 
. *margins
. grstyle set compact
. 
. *Font size
. grstyle set size 10pt: heading //titles
. grstyle set size 8pt: subheading axis_title //axis titles
. grstyle set size 8pt: p#label p#boxlabel body small_body text_option axis_label tick_label minortick_
> label key_label //all other text
. 
. }

. * -------------------------------------------------
. 
end of do-file

. do "C:\Users\MAXBUR~1\AppData\Local\Temp\STD5424_000000.tmp"

. do "$working_ANALYSIS\scripts\01 - clean.do"

. *-----------------
. *   Cleaning & Generating
. *-----------------
. 
. use "$working_ANALYSIS\data\delegates_raw.dta", clear

. 
. 
. 
. *---------
. *   Generating variables
. *----------
. 
. // Sociodemographics
. * Education
. tab edu, generate(edu)

     Field in which |
  highes degree was |
           obtained |      Freq.     Percent        Cum.
--------------------+-----------------------------------
    Natural Science |        126       45.49       45.49
     Social Science |         55       19.86       65.34
Mix: Social&Natural |         47       16.97       82.31
                Law |         26        9.39       91.70
              Other |         23        8.30      100.00
--------------------+-----------------------------------
              Total |        277      100.00

. 
. * Organization currently working for
. gen orga = .
(277 missing values generated)

. replace orga = 1 if organization == 1 | organization == 2 // International (11) & national (168) gov 
> orga 
(179 real changes made)

. replace orga = 2 if organization == 3 //  University/Research Institute
(33 real changes made)

. replace orga = 3 if organization == 5 //  Environmental NGO
(25 real changes made)

. replace orga = 4 if organization == 4 |  organization == 6 |  organization == 7 //  Private Company (
> n=8), Non-environmental NGO (n=6), Other (n=26)
(40 real changes made)

. tab organization

         Type of organization |
        currently working for |      Freq.     Percent        Cum.
------------------------------+-----------------------------------
  Internat. Gov. Organization |         11        3.97        3.97
       Nat. Gov. Organization |        168       60.65       64.62
University/Research Institute |         33       11.91       76.53
              Private Company |          8        2.89       79.42
            Environmental NGO |         25        9.03       88.45
        Non-Environmental NGO |          6        2.17       90.61
                        Other |         26        9.39      100.00
------------------------------+-----------------------------------
                        Total |        277      100.00

. lab define orga_lab 1 "Governmental Organization" 2 "University/Research Institute" 3 "Environmental 
> NGO" 4 "Other"

. lab val orga orga_lab

. tab orga, gen(orga)

                         orga |      Freq.     Percent        Cum.
------------------------------+-----------------------------------
    Governmental Organization |        179       64.62       64.62
University/Research Institute |         33       11.91       76.53
            Environmental NGO |         25        9.03       85.56
                        Other |         40       14.44      100.00
------------------------------+-----------------------------------
                        Total |        277      100.00

. 
. 
. 
. // Temperature rise deemed acceptable
. ** Temperature above 1.5 degrees
. gen temp_above = .
(277 missing values generated)

. replace temp_above = 0 if temp_rise <= 1.5
(216 real changes made)

. replace temp_above = 1 if temp_rise > 1.5
(61 real changes made)

. lab var temp_above "Temperature rise above 1.5°C deemed acceptable"

. 
. /*
> Very few people suggested temperatures of 2.5°C or higher to be acceptable:
> 2.5°C -> 9
> 3.0°C -> 4
> 3.5°C -> 2
> 4.0°C -> 2
> 4.5°C -> 0
> 5.0°C -> 4
> Therefore, for the illustration Figure 1a all temperature suggestions of 2.5°C or more are summarized
>  under >= 2.5°C
> */
. gen temp_rise2 = temp_rise

. replace temp_rise2 = 2.5 if temp_rise >= 2.5
(12 real changes made)

. tostring temp_rise2, gen(temp_rise3)
temp_rise3 generated as str3

. sort temp_rise

. lab define temp 1 "0" 2 ".5" 3 "1" 4 "1.5", replace

. encode temp_rise3, gen(temp_rise_cropped) lab(temp)

. lab var temp_rise_cropped"All those suggesting 2.5 or more collected in 2.5"

. drop temp_rise2 temp_rise3

. 
. 
. 
. 
. 
. // Global carbon price suggested
. ** Logarithmic form of suggested carbon prices
. gen ln_carbon_price = ln(carbon_price + 1)

. label var ln_carbon_price "Natural logarithm of suggested carbon_price"

. 
. ** Cropping carbon price suggested at 500 for visualization in figure 1a
. gen carbon_price_cap = carbon_price

. replace carbon_price_cap  = 501 if carbon_price > 500
(23 real changes made)

. egen mean_carbon_price = mean(carbon_price), by(temp_rise_cropped)

. egen median_carbon_price = median(carbon_price), by(temp_rise_cropped)

. tab temp_rise_cropped , gen(tr)

  All those |
 suggesting |
2.5 or more |
  collected |
     in 2.5 |      Freq.     Percent        Cum.
------------+-----------------------------------
          0 |         22        7.94        7.94
         .5 |         36       13.00       20.94
          1 |         42       15.16       36.10
        1.5 |        116       41.88       77.98
          2 |         40       14.44       92.42
        2.5 |         21        7.58      100.00
------------+-----------------------------------
      Total |        277      100.00

. 
. ** Price suggested below 60 USD
. gen price_below = .
(277 missing values generated)

. replace price_below = 0 if carbon_price >= 60 
(126 real changes made)

. replace price_below = 1 if carbon_price < 60 
(151 real changes made)

. lab var price_below "Price suggested < USD60"

. 
. /*
> Carbon price suggestions tested
> Different models suggest different minimal global carbon prices to stay below a certain temperature r
> ise. In the main paper we use USD60 as thte threshold. As robustness test, we also test against other
>  specifications: 82 USD, 185 USD, 281 USD
> */
. foreach i in 37 60 82 185 281 {
  2.         gen price_below_`i' = .
  3.                 replace price_below_`i'= 1 if carbon_price < `i'
  4.                 replace price_below_`i'= 0 if carbon_price >=  `i'
  5.         lab var price_below_`i' "Price below USD `i' suggested"
  6. }
(277 missing values generated)
(119 real changes made)
(158 real changes made)
(277 missing values generated)
(151 real changes made)
(126 real changes made)
(277 missing values generated)
(175 real changes made)
(102 real changes made)
(277 missing values generated)
(224 real changes made)
(53 real changes made)
(277 missing values generated)
(241 real changes made)
(36 real changes made)

. 
. ** Shifting
. // Other countries
. * To OECD
. gen shift_to_oecd = price_oecd_now - price_home_now 

. lab var shift_to_oecd "Shift to OECD Countries (if > 0 shift to others)" 

. * To LDCs
. gen shift_to_ldc = price_ldc_now - price_home_now 

. lab var shift_to_ldc "Shift to LD Countries (if > 0 shift to others)" 

. 
. * From LDC to OECD
. gen shift_ldc_oecd = price_oecd_now - price_ldc_now 

. lab var shift_ldc_oecd "Shift from LDC to OECD (if > 0 OECD-countries should pay higher price)"

. 
. // Shifting responsibilties to the future
. * Home Country
. gen shift_future_home = price_home_future - price_home_now 

. lab var shift_future_home "Shift to future: Home (if>0 shift to future)" 

. * OECD Countries
. gen shift_future_oecd = price_oecd_future - price_oecd_now 

. lab var shift_future_oecd "Shift to future: OECD (if>0 shift to future)"

. * Least Developed Countries
. gen shift_future_ldc = price_ldc_future  - price_ldc_now

. lab var shift_future_ldc "Shift to future: Home (if>0 shift to future)"

. 
. 
. 
. 
. 
. 
. 
. 
. 
. // Region- and time-specific carbon price suggestions
. ** Logarithms of prices suggested prices for home, OECD, LDC / now, future
. foreach var in price_home_now price_oecd_now price_ldc_now price_home_future price_oecd_future price_
> ldc_future {
  2. gen ln_`var' = log(`var' + 1)
  3. }

. lab var ln_price_home_now "Ln of Price Home Now"

. lab var ln_price_oecd_now "Ln of Price OECD Now"

. lab var ln_price_ldc_now "Ln of Price LDCs Now"

. lab var ln_price_home_future "Ln of Price Home Future"

. lab var ln_price_oecd_future "Ln of Price OECD Future"

. lab var ln_price_ldc_future "Ln of Price LDCs Future"

. 
. ** Categorizing the ambitions of delegates for prices now and in the future
. gen ambition_home_fut = .
(277 missing values generated)

. replace ambition_home_fut = 1 if price_home_now < 60  & price_home_future < 60  // Low ambition
(148 real changes made)

. replace ambition_home_fut = 2 if price_home_now < 60  & price_home_future >= 60 // Shift to future
(50 real changes made)

. replace ambition_home_fut = 3 if price_home_now >= 60 & price_home_future < 60  // Shift to now
(3 real changes made)

. replace ambition_home_fut = 4 if price_home_now >= 60 & price_home_future >= 60 // High ambition
(76 real changes made)

. lab define ambition_fut 1 "Low ambition" 2 "Future pay more" 3 "Now pay more" 4 "High ambition", repl
> ace

. lab val ambition_home_fut ambition_fut

. 
. 
. 
. // Principal components
. ** Technological optimism
. alpha tech_ms_1 tech_ms_2 tech_ms_3 tech_ms_4 tech_ms_5 tech_ms_6 

Test scale = mean(unstandardized items)

Average interitem covariance:     .4617363
Number of items in the scale:            6
Scale reliability coefficient:      0.7215

. pca tech_ms_1 tech_ms_2 tech_ms_3 tech_ms_4 tech_ms_5 tech_ms_6

Principal components/correlation                 Number of obs    =        277
                                                 Number of comp.  =          6
                                                 Trace            =          6
    Rotation: (unrotated = principal)            Rho              =     1.0000

    --------------------------------------------------------------------------
       Component |   Eigenvalue   Difference         Proportion   Cumulative
    -------------+------------------------------------------------------------
           Comp1 |      2.51892      1.53219             0.4198       0.4198
           Comp2 |      .986735      .208226             0.1645       0.5843
           Comp3 |      .778509       .14601             0.1298       0.7140
           Comp4 |      .632499     .0669656             0.1054       0.8194
           Comp5 |      .565533     .0477336             0.0943       0.9137
           Comp6 |        .5178            .             0.0863       1.0000
    --------------------------------------------------------------------------

Principal components (eigenvectors) 

    ----------------------------------------------------------------------------------------
        Variable |    Comp1     Comp2     Comp3     Comp4     Comp5     Comp6 | Unexplained 
    -------------+------------------------------------------------------------+-------------
       tech_ms_1 |   0.4209   -0.2633   -0.5003    0.5094   -0.0616    0.4898 |           0 
       tech_ms_2 |   0.4675    0.0472   -0.3545   -0.1233   -0.4416   -0.6658 |           0 
       tech_ms_3 |   0.3770    0.5995   -0.1609   -0.0218    0.6847   -0.0572 |           0 
       tech_ms_4 |   0.4309   -0.2955    0.0755   -0.7704    0.0443    0.3547 |           0 
       tech_ms_5 |   0.3699   -0.5064    0.5224    0.3151    0.3440   -0.3409 |           0 
       tech_ms_6 |   0.3737    0.4746    0.5652    0.1790   -0.4605    0.2673 |           0 
    ----------------------------------------------------------------------------------------

. predict tech_ms_pca
(score assumed)
(5 components skipped)

Scoring coefficients 
    sum of squares(column-loading) = 1

    --------------------------------------------------------------------------
        Variable |    Comp1     Comp2     Comp3     Comp4     Comp5     Comp6 
    -------------+------------------------------------------------------------
       tech_ms_1 |   0.4209   -0.2633   -0.5003    0.5094   -0.0616    0.4898 
       tech_ms_2 |   0.4675    0.0472   -0.3545   -0.1233   -0.4416   -0.6658 
       tech_ms_3 |   0.3770    0.5995   -0.1609   -0.0218    0.6847   -0.0572 
       tech_ms_4 |   0.4309   -0.2955    0.0755   -0.7704    0.0443    0.3547 
       tech_ms_5 |   0.3699   -0.5064    0.5224    0.3151    0.3440   -0.3409 
       tech_ms_6 |   0.3737    0.4746    0.5652    0.1790   -0.4605    0.2673 
    --------------------------------------------------------------------------

. lab var tech_ms_pca "Technological optimism mindset (PCA)"

. 
. * Winsorized variable of technological optimism (used for robustness test)
. winsor2 tech_ms_pca, suffix(_win) cuts(5 95)

. 
. ** Environmental caution
. alpha env_ms_1 env_ms_2 env_ms_3 env_ms_4 env_ms_5 

Test scale = mean(unstandardized items)

Average interitem covariance:     .1712539
Number of items in the scale:            5
Scale reliability coefficient:      0.6299

. pca env_ms_1 env_ms_2 env_ms_3 env_ms_4 env_ms_5 

Principal components/correlation                 Number of obs    =        277
                                                 Number of comp.  =          5
                                                 Trace            =          5
    Rotation: (unrotated = principal)            Rho              =     1.0000

    --------------------------------------------------------------------------
       Component |   Eigenvalue   Difference         Proportion   Cumulative
    -------------+------------------------------------------------------------
           Comp1 |      2.06297      1.04742             0.4126       0.4126
           Comp2 |      1.01555      .252677             0.2031       0.6157
           Comp3 |      .762872     .0617721             0.1526       0.7683
           Comp4 |        .7011      .243594             0.1402       0.9085
           Comp5 |      .457505            .             0.0915       1.0000
    --------------------------------------------------------------------------

Principal components (eigenvectors) 

    ------------------------------------------------------------------------------
        Variable |    Comp1     Comp2     Comp3     Comp4     Comp5 | Unexplained 
    -------------+--------------------------------------------------+-------------
        env_ms_1 |   0.4047    0.3594    0.7776    0.3057    0.0942 |           0 
        env_ms_2 |   0.4010    0.5335   -0.2173   -0.6753    0.2266 |           0 
        env_ms_3 |   0.4411    0.2098   -0.5875    0.6411    0.0726 |           0 
        env_ms_4 |   0.4244   -0.6698    0.0525   -0.0927    0.5999 |           0 
        env_ms_5 |   0.5483   -0.3058    0.0169   -0.1759   -0.7580 |           0 
    ------------------------------------------------------------------------------

. predict env_ms_pca
(score assumed)
(4 components skipped)

Scoring coefficients 
    sum of squares(column-loading) = 1

    ----------------------------------------------------------------
        Variable |    Comp1     Comp2     Comp3     Comp4     Comp5 
    -------------+--------------------------------------------------
        env_ms_1 |   0.4047    0.3594    0.7776    0.3057    0.0942 
        env_ms_2 |   0.4010    0.5335   -0.2173   -0.6753    0.2266 
        env_ms_3 |   0.4411    0.2098   -0.5875    0.6411    0.0726 
        env_ms_4 |   0.4244   -0.6698    0.0525   -0.0927    0.5999 
        env_ms_5 |   0.5483   -0.3058    0.0169   -0.1759   -0.7580 
    ----------------------------------------------------------------

. lab var env_ms_pca "Items on environmental caution (PCA)"

. 
. ** Negotiations
. pca negotiate1 negotiate2 negotiate3 negotiate4 negotiate5 negotiate6 negotiate7 // negotiate 3 only 
> contributes marginally

Principal components/correlation                 Number of obs    =        277
                                                 Number of comp.  =          7
                                                 Trace            =          7
    Rotation: (unrotated = principal)            Rho              =     1.0000

    --------------------------------------------------------------------------
       Component |   Eigenvalue   Difference         Proportion   Cumulative
    -------------+------------------------------------------------------------
           Comp1 |      3.37919      2.07345             0.4827       0.4827
           Comp2 |      1.30574        .6155             0.1865       0.6693
           Comp3 |      .690241      .123041             0.0986       0.7679
           Comp4 |        .5672     .0525768             0.0810       0.8489
           Comp5 |      .514623      .222608             0.0735       0.9224
           Comp6 |      .292015     .0410212             0.0417       0.9641
           Comp7 |      .250994            .             0.0359       1.0000
    --------------------------------------------------------------------------

Principal components (eigenvectors) 

    --------------------------------------------------------------------------------------------------
        Variable |    Comp1     Comp2     Comp3     Comp4     Comp5     Comp6     Comp7 | Unexplained 
    -------------+----------------------------------------------------------------------+-------------
      negotiate1 |   0.4365   -0.1649   -0.0558   -0.1124    0.6683    0.1669    0.5404 |           0 
      negotiate2 |   0.4708   -0.1495    0.0111   -0.0908    0.3208   -0.2421   -0.7656 |           0 
      negotiate3 |   0.0285    0.7285    0.6016    0.1722    0.2622    0.0752   -0.0503 |           0 
      negotiate4 |   0.4554   -0.0513    0.2066    0.3137   -0.3368   -0.6568    0.3224 |           0 
      negotiate5 |   0.4437   -0.1187    0.0317    0.4799   -0.3178    0.6676   -0.1047 |           0 
      negotiate6 |   0.3829    0.2205    0.1012   -0.7744   -0.4090    0.1523    0.0661 |           0 
      negotiate7 |   0.1901    0.5953   -0.7622    0.1450    0.0039   -0.0865    0.0014 |           0 
    --------------------------------------------------------------------------------------------------

. pca negotiate1 negotiate2 negotiate4 negotiate5 negotiate6 negotiate7 // 

Principal components/correlation                 Number of obs    =        277
                                                 Number of comp.  =          6
                                                 Trace            =          6
    Rotation: (unrotated = principal)            Rho              =     1.0000

    --------------------------------------------------------------------------
       Component |   Eigenvalue   Difference         Proportion   Cumulative
    -------------+------------------------------------------------------------
           Comp1 |      3.37729      2.41245             0.5629       0.5629
           Comp2 |      .964836       .38715             0.1608       0.7237
           Comp3 |      .577686     .0450152             0.0963       0.8200
           Comp4 |       .53267      .237527             0.0888       0.9087
           Comp5 |      .295144     .0427668             0.0492       0.9579
           Comp6 |      .252377            .             0.0421       1.0000
    --------------------------------------------------------------------------

Principal components (eigenvectors) 

    ----------------------------------------------------------------------------------------
        Variable |    Comp1     Comp2     Comp3     Comp4     Comp5     Comp6 | Unexplained 
    -------------+------------------------------------------------------------+-------------
      negotiate1 |   0.4377   -0.1735    0.0760    0.6677    0.1187    0.5591 |           0 
      negotiate2 |   0.4719   -0.1629   -0.0010    0.3322   -0.2147   -0.7709 |           0 
      negotiate4 |   0.4555   -0.1272    0.1389   -0.4707   -0.6719    0.2898 |           0 
      negotiate5 |   0.4447   -0.1342    0.3763   -0.4285    0.6737   -0.0722 |           0 
      negotiate6 |   0.3815    0.2590   -0.8516   -0.1666    0.1758    0.0591 |           0 
      negotiate7 |   0.1870    0.9177    0.3288    0.1043   -0.0599   -0.0182 |           0 
    ----------------------------------------------------------------------------------------

. predict negotiate_pca
(score assumed)
(5 components skipped)

Scoring coefficients 
    sum of squares(column-loading) = 1

    --------------------------------------------------------------------------
        Variable |    Comp1     Comp2     Comp3     Comp4     Comp5     Comp6 
    -------------+------------------------------------------------------------
      negotiate1 |   0.4377   -0.1735    0.0760    0.6677    0.1187    0.5591 
      negotiate2 |   0.4719   -0.1629   -0.0010    0.3322   -0.2147   -0.7709 
      negotiate4 |   0.4555   -0.1272    0.1389   -0.4707   -0.6719    0.2898 
      negotiate5 |   0.4447   -0.1342    0.3763   -0.4285    0.6737   -0.0722 
      negotiate6 |   0.3815    0.2590   -0.8516   -0.1666    0.1758    0.0591 
      negotiate7 |   0.1870    0.9177    0.3288    0.1043   -0.0599   -0.0182 
    --------------------------------------------------------------------------

. lab var negotiate_pca "PCA: Negotiations (higher values, higher agreement)"

. 
. ** Negotiate own and other delgeation
. * Own delegation
. gen negotiate_pca_own = .
(277 missing values generated)

. replace negotiate_pca_own = negotiate_pca if t_own_delegation == 1
(149 real changes made)

. 
. * Other delegation
. gen negotiate_pca_other = .
(277 missing values generated)

. replace negotiate_pca_other = negotiate_pca if t_own_delegation == 0
(128 real changes made)

. 
. 
. 
. 
. *--- SAVE ---*
. save "$working_ANALYSIS\data\delegates_analysis.dta", replace
file C:\Users\Max Burger\HESSENBOX\2-Projekte (Björn Vollan)\Paper SustUse\Donia_Delegates\8_Submission
> \NSUST\analysis\data\delegates_analysis.dta saved

. 
. 
. 
. 
. 
. 
. 
. 
end of do-file

. 
end of do-file

. do "C:\Users\MAXBUR~1\AppData\Local\Temp\STD5424_000000.tmp"

. *--------------------------------------------------
. * Analysis 
. *-------------------------------------------------
. 
. 
. 
. *********************************************************
. **********               STRUCTURE             **********
. *********************************************************
. /*
> Main Body:
> I)  Fig. 1: Descriptives
>         a) Carbon price and temperature rise
>         b) Shifting the burden
> 
> II) Fig. 2: Inferential
>         a) Answers towards technological optimism items
>         b) Technological optimism mindset and temperature & prices suggested
> 
> III) In text-statistics not mentioned in the supplementary online material
>     - "Delegates vastly agree to limit global warming: The majority perceives a rise above 1.5°C unac
> ceptable (78%), with only few (8%) deeming an increase of 2.5°C or more acceptable."
>     - "The median global carbon price recommended in our sample is 50 USD [...]"
>     - "Roughly half of all delegates interviewed stated rather unambitious carbon prices below 60 USD
>  (55%). Only 37% (19% and 13%, respectively) deemed a price of at least 82 USD (185 USD, 281 USD) as 
> appropriate"
>     - "This variance in global price suggested is highest for the three low temperature options (0°C,
>  0.5°C and 1°C), with price suggestions ranging from 0 to 2,000 USD (Levene’s test F(1, 275)=21.7, p<
> 0.001)."
>     - "Of the 100 delegates [suggesting prices between 0°C und 1°C] in favor of these ambitious tempe
> rature targets, 62% indicated global carbon prices below 60 USD as appropriate to stay below the temp
> erature target."
>     - "In addition, we find that participants who claim to be influential in their delegation score h
> igher on the technological optimism mindset (r=.23, p<.001)."
> */
. 
. 
. *---------------------------------------
. *   I) FIGURE 1: a. Mindset, b. Temperature rise deemed acceptable, and carbon price suggested, c. Re
> lation mindset and carbon price & temperature rise 
. *------------------------------
. // Figure Settings
. * Text size
. global head     10 // Title

. global legend    8 // Legend

. global xytitle   8 // Axis title

. global xylab     8 // Scale label

. 
. 
. // Fig 1a: Distribution of answers towards technological optimism items
. ** Catplot for each item
. global margins 145 0 1 3 // set margins for all

. mylabels 0(25)100, myscale(@) local(pctlabel) suffix("%") // set label for axis
0 "0%" 25 "25%" 50 "50%" 75 "75%" 100 "100%"

. catplot tech_ms_1 , text($pos_text1 "Future generations will be richer and better equipped to deal" "
> with adverse impacts of climate change." $pos_text2 "{it:.42}", size($textsize) place(w) just(right))
>  stack percent asyvar yla(`pctlabel', nogrid)  title("") bargap(0) blabel(bar, size(medium) format(%9
> .0f) pos(center)) l1title("")  b1title("") legend(rows(1) pos(6) ring(1) size(vsmall)) plotregion(mar
> gin(zero)) graphregion(margin($margins)) yscale(off) fysize($fysize)
invalid point, adverse with
r(198);

end of do-file

r(198);

. do "C:\Users\MAXBUR~1\AppData\Local\Temp\STD5424_000000.tmp"

. use "$working_ANALYSIS\data\delegates_analysis.dta", clear

. 
end of do-file

. do "C:\Users\Max Burger\HESSENBOX\2-Projekte (Björn Vollan)\Paper SustUse\Donia_Delegates\8_Submissio
> n\NSUST\analysis\run.do"

. *----------------------------------------------------------------------------------------------------
> ---
. * OVERVIEW
. *----------------------------------------------------------------------------------------------------
> ---
. *   This script generates tables and figures reported in the manuscript and SOM of the paper:
. *   CLIMATE DELAY: THE DOWNSIDE OF BELIEVING IN TECHNOLOGICAL FIXES
. *       Author: Max Burger, Philipps University Marburg
. *   All experimental data are stored in /data
. *   All figures reported in the main manuscript and SOM are outputted to /results/figures
. *   All tables areported in the main manuscript and SOM are outputted to /results/tables
. *   TO PERFORM A CLEAN RUN, DELETE THE FOLLOWING FOLDER:
. *    /results
. *----------------------------------------------------------------------------------------------------
> ---
. 
. 
. 
. *--------------------------------------------------
. * Set global Working Directory
. *--------------------------------------------------
. * Define this global macro to point where the replication folder is saved locally that includes this 
> run.do script
. global working_ANALYSIS "C:\Users\Max Burger\HESSENBOX\2-Projekte (Björn Vollan)\Paper SustUse\Donia_
> Delegates\8_Submission\NSUST\analysis"

. 
. 
. *--------------------------------------------------
. * Program Setup
. *--------------------------------------------------
. * Initialize log and record system parameters
. clear

. set more off

. cap mkdir "$working_ANALYSIS/scripts/logs"

. cap log close
