---------------------------------------------------------------
      name:  <unnamed>
       log:  C:\Users\Max Burger\HESSENBOX\2-Projekte (Björn Vo
> llan)\Paper SustUse\Donia_Delegates\8_Submission\analysis/scr
> ipts/logs/2023.06.26-18.38.59.log.txt
  log type:  text
 opened on:  26 Jun 2023, 18:38:59

. 
. di "Begin date and time: $S_DATE $S_TIME"
Begin date and time: 26 Jun 2023 18:39:00

. di "Stata version: `c(stata_version)'"
Stata version: 16.1

. di "Updated as of: `c(born_date)'"
Updated as of: 11 Oct 2022

. di "Variant:       `=cond( c(MP),"MP",cond(c(SE),"SE",c(flavo
> r)) )'"
Variant:       MP

. di "Processors:    `c(processors)'"
Processors:    2

. di "OS:            `c(os)' `c(osdtl)'"
OS:            Windows 64-bit

. di "Machine type:  `c(machine_type)'"
Machine type:  PC (64-bit x86-64)

. 
. *   Analyses were run on Windows using Stata version 16
. version 16              // Set Version number for backward co
> mpatibility

. 
. /* All required Stata packages are available in the /librarie
> s/stata folder
> tokenize `"$S_ADO"', parse(";")
> while `"`1'"' != "" {
>   if `"`1'"'!="BASE" cap adopath - `"`1'"'
>   macro shift
> }
> adopath ++ "$working_ANALYSIS/scripts/libraries/stata"
> mata: mata mlib index
> */
. 
. * Create directories for output files
. cap mkdir "$working_ANALYSIS/results"

. cap mkdir "$working_ANALYSIS/results/intermediate"

. cap mkdir "$working_ANALYSIS/results/tables"

. cap mkdir "$working_ANALYSIS/results/figures"

. * -------------------------------------------------
. 
. * Set general graph style
. set scheme swift_red //select one scheme as reference scheme 
> to work with

. 
. 
. grstyle init 

. {
. *Background color
. grstyle set color white: background plotregion graphregion le
> gend box textbox //
. 
. *Main colors (note: swift_red only defines 8 colors. Multiply
> ing the color, that is "xx yy zz*0.5" reduces/increases inten
> sity and "xx yy zz%50" reduces transparency)
. grstyle set color       "100 143 255" "120 94 240" "220 38 12
> 7" "254 97 0" "255 176 0" /// 5 main colors
>                                         "100 143 255*0.4" "12
> 0 94 240*0.4" "220 38 127*0.4" "254 97 0*0.4" "255 176 0*0.4"
>  ///
>                                         "100 143 255*1.7" "12
> 0 94 240*1.7" "220 38 127*1.7" "254 97 0*1.7" "255 176 0*1.7"
>  ///
>                                         : p# p#line p#lineplo
> t p#bar p#area p#arealine p#pie histogram 
. 
. *margins
. grstyle set compact
. 
. *Font size
. grstyle set size 10pt: heading //titles
. grstyle set size 8pt: subheading axis_title //axis titles
. grstyle set size 8pt: p#label p#boxlabel body small_body text
> _option axis_label tick_label minortick_label key_label //all
>  other text
. 
. }

. * -------------------------------------------------
. 
. 
. 
. *--------------------------------------------------
. * Run processing and analysis scripts
. *--------------------------------------------------
. do "$working_ANALYSIS\scripts\01 - clean.do"

. *-----------------
. *   Cleaning & Generating
. *-----------------
. 
. use "$working_ANALYSIS\data\delegates_raw.dta", clear

. 
. 
. 
. *---------
. *   Generating variables
. *----------
. 
. // Sociodemographics
. * Education
. tab edu, generate(edu)

     Field in which |
  highes degree was |
           obtained |      Freq.     Percent        Cum.
--------------------+-----------------------------------
    Natural Science |        126       45.49       45.49
     Social Science |         55       19.86       65.34
Mix: Social&Natural |         47       16.97       82.31
                Law |         26        9.39       91.70
              Other |         23        8.30      100.00
--------------------+-----------------------------------
              Total |        277      100.00

. 
. * Organization currently working for
. gen orga = .
(277 missing values generated)

. replace orga = 1 if organization == 1 | organization == 2 // 
> International (11) & national (168) gov orga 
(179 real changes made)

. replace orga = 2 if organization == 3 //  University/Research
>  Institute
(33 real changes made)

. replace orga = 3 if organization == 5 //  Environmental NGO
(25 real changes made)

. replace orga = 4 if organization == 4 |  organization == 6 | 
>  organization == 7 //  Private Company (n=8), Non-environment
> al NGO (n=6), Other (n=26)
(40 real changes made)

. tab organization

         Type of organization |
        currently working for |      Freq.     Percent        C
> um.
------------------------------+--------------------------------
> ---
  Internat. Gov. Organization |         11        3.97        3
> .97
       Nat. Gov. Organization |        168       60.65       64
> .62
University/Research Institute |         33       11.91       76
> .53
              Private Company |          8        2.89       79
> .42
            Environmental NGO |         25        9.03       88
> .45
        Non-Environmental NGO |          6        2.17       90
> .61
                        Other |         26        9.39      100
> .00
------------------------------+--------------------------------
> ---
                        Total |        277      100.00

. lab define orga_lab 1 "Governmental Organization" 2 "Universi
> ty/Research Institute" 3 "Environmental NGO" 4 "Other"

. lab val orga orga_lab

. tab orga, gen(orga)

                         orga |      Freq.     Percent        C
> um.
------------------------------+--------------------------------
> ---
    Governmental Organization |        179       64.62       64
> .62
University/Research Institute |         33       11.91       76
> .53
            Environmental NGO |         25        9.03       85
> .56
                        Other |         40       14.44      100
> .00
------------------------------+--------------------------------
> ---
                        Total |        277      100.00

. 
. 
. 
. // Temperature rise deemed acceptable
. ** Temperature above 1.5 degrees
. gen temp_above = .
(277 missing values generated)

. replace temp_above = 0 if temp_rise <= 1.5
(216 real changes made)

. replace temp_above = 1 if temp_rise > 1.5
(61 real changes made)

. lab var temp_above "Temperature rise above 1.5°C deemed accep
> table"

. 
. /*
> Very few people suggested temperatures of 2.5°C or higher to 
> be acceptable:
> 2.5°C -> 9
> 3.0°C -> 4
> 3.5°C -> 2
> 4.0°C -> 2
> 4.5°C -> 0
> 5.0°C -> 4
> Therefore, for the illustration Figure 1a all temperature sug
> gestions of 2.5°C or more are summarized under >= 2.5°C
> */
. gen temp_rise2 = temp_rise

. replace temp_rise2 = 2.5 if temp_rise >= 2.5
(12 real changes made)

. tostring temp_rise2, gen(temp_rise3)
temp_rise3 generated as str3

. sort temp_rise

. lab define temp 1 "0" 2 ".5" 3 "1" 4 "1.5", replace

. encode temp_rise3, gen(temp_rise_cropped) lab(temp)

. lab var temp_rise_cropped"All those suggesting 2.5 or more co
> llected in 2.5"

. drop temp_rise2 temp_rise3

. 
. 
. 
. 
. 
. // Global carbon price suggested
. ** Logarithmic form of suggested carbon prices
. gen ln_carbon_price = ln(carbon_price + 1)

. label var ln_carbon_price "Natural logarithm of suggested car
> bon_price"

. 
. ** Cropping carbon price suggested at 500 for visualization i
> n figure 1a
. gen carbon_price_cap = carbon_price

. replace carbon_price_cap  = 501 if carbon_price > 500
(23 real changes made)

. egen mean_carbon_price = mean(carbon_price), by(temp_rise_cro
> pped)

. egen median_carbon_price = median(carbon_price), by(temp_rise
> _cropped)

. tab temp_rise_cropped , gen(tr)

  All those |
 suggesting |
2.5 or more |
  collected |
     in 2.5 |      Freq.     Percent        Cum.
------------+-----------------------------------
          0 |         22        7.94        7.94
         .5 |         36       13.00       20.94
          1 |         42       15.16       36.10
        1.5 |        116       41.88       77.98
          2 |         40       14.44       92.42
        2.5 |         21        7.58      100.00
------------+-----------------------------------
      Total |        277      100.00

. 
. ** Price suggested below 60 USD
. gen price_below = .
(277 missing values generated)

. replace price_below = 0 if carbon_price >= 60 
(126 real changes made)

. replace price_below = 1 if carbon_price < 60 
(151 real changes made)

. lab var price_below "Price suggested < USD60"

. 
. /*
> Carbon price suggestions tested
> Different models suggest different minimal global carbon pric
> es to stay below a certain temperature rise. In the main pape
> r we use USD60 as thte threshold. As robustness test, we also
>  test against other specifications: 82 USD, 185 USD, 281 USD
> */
. foreach i in 37 60 82 185 281 {
  2.         gen price_below_`i' = .
  3.                 replace price_below_`i'= 1 if carbon_price
>  < `i'
  4.                 replace price_below_`i'= 0 if carbon_price
>  >=  `i'
  5.         lab var price_below_`i' "Price below USD `i' sugge
> sted"
  6. }
(277 missing values generated)
(119 real changes made)
(158 real changes made)
(277 missing values generated)
(151 real changes made)
(126 real changes made)
(277 missing values generated)
(175 real changes made)
(102 real changes made)
(277 missing values generated)
(224 real changes made)
(53 real changes made)
(277 missing values generated)
(241 real changes made)
(36 real changes made)

. 
. ** Shifting
. // Other countries
. * To OECD
. gen shift_to_oecd = price_oecd_now - price_home_now 

. lab var shift_to_oecd "Shift to OECD Countries (if > 0 shift 
> to others)" 

. * To LDCs
. gen shift_to_ldc = price_ldc_now - price_home_now 

. lab var shift_to_ldc "Shift to LD Countries (if > 0 shift to 
> others)" 

. 
. * From LDC to OECD
. gen shift_ldc_oecd = price_oecd_now - price_ldc_now 

. lab var shift_ldc_oecd "Shift from LDC to OECD (if > 0 OECD-c
> ountries should pay higher price)"

. 
. // Shifting responsibilties to the future
. * Home Country
. gen shift_future_home = price_home_future - price_home_now 

. lab var shift_future_home "Shift to future: Home (if>0 shift 
> to future)" 

. * OECD Countries
. gen shift_future_oecd = price_oecd_future - price_oecd_now 

. lab var shift_future_oecd "Shift to future: OECD (if>0 shift 
> to future)"

. * Least Developed Countries
. gen shift_future_ldc = price_ldc_future  - price_ldc_now

. lab var shift_future_ldc "Shift to future: Home (if>0 shift t
> o future)"

. 
. 
. 
. 
. 
. 
. 
. 
. 
. // Region- and time-specific carbon price suggestions
. ** Logarithms of prices suggested prices for home, OECD, LDC 
> / now, future
. foreach var in price_home_now price_oecd_now price_ldc_now pr
> ice_home_future price_oecd_future price_ldc_future {
  2. gen ln_`var' = log(`var' + 1)
  3. }

. lab var ln_price_home_now "Ln of Price Home Now"

. lab var ln_price_oecd_now "Ln of Price OECD Now"

. lab var ln_price_ldc_now "Ln of Price LDCs Now"

. lab var ln_price_home_future "Ln of Price Home Future"

. lab var ln_price_oecd_future "Ln of Price OECD Future"

. lab var ln_price_ldc_future "Ln of Price LDCs Future"

. 
. ** Categorizing the ambitions of delegates for prices now and
>  in the future
. gen ambition_home_fut = .
(277 missing values generated)

. replace ambition_home_fut = 1 if price_home_now < 60  & price
> _home_future < 60  // Low ambition
(148 real changes made)

. replace ambition_home_fut = 2 if price_home_now < 60  & price
> _home_future >= 60 // Shift to future
(50 real changes made)

. replace ambition_home_fut = 3 if price_home_now >= 60 & price
> _home_future < 60  // Shift to now
(3 real changes made)

. replace ambition_home_fut = 4 if price_home_now >= 60 & price
> _home_future >= 60 // High ambition
(76 real changes made)

. lab define ambition_fut 1 "Low ambition" 2 "Future pay more" 
> 3 "Now pay more" 4 "High ambition", replace

. lab val ambition_home_fut ambition_fut

. 
. 
. 
. // Principal components
. ** Technological optimism
. alpha tech_ms_1 tech_ms_2 tech_ms_3 tech_ms_4 tech_ms_5 tech_
> ms_6 

Test scale = mean(unstandardized items)

Average interitem covariance:     .4617363
Number of items in the scale:            6
Scale reliability coefficient:      0.7215

. pca tech_ms_1 tech_ms_2 tech_ms_3 tech_ms_4 tech_ms_5 tech_ms
> _6

Principal components/correlation                 Number of obs 
>    =        277
                                                 Number of comp
> .  =          6
                                                 Trace         
>                                                              
>    =          6
    Rotation: (unrotated = principal)            Rho           
>    =     1.0000

    -----------------------------------------------------------
> ---------------
       Component |   Eigenvalue   Difference         Proportion
>    Cumulative
    -------------+---------------------------------------------
> ---------------
           Comp1 |      2.51892      1.53219             0.4198
>        0.4198
           Comp2 |      .986735      .208226             0.1645
>        0.5843
           Comp3 |      .778509       .14601             0.1298
>        0.7140
           Comp4 |      .632499     .0669656             0.1054
>        0.8194
           Comp5 |      .565533     .0477336             0.0943
>        0.9137
           Comp6 |        .5178            .             0.0863
>        1.0000
    -----------------------------------------------------------
> ---------------

Principal components (eigenvectors) 

    ------------------------------------------------------
        Variable |    Comp1     Comp2     Comp3     Comp4 
    -------------+----------------------------------------
       tech_ms_1 |   0.4209   -0.2633   -0.5003    0.5094 
       tech_ms_2 |   0.4675    0.0472   -0.3545   -0.1233 
       tech_ms_3 |   0.3770    0.5995   -0.1609   -0.0218 
       tech_ms_4 |   0.4309   -0.2955    0.0755   -0.7704 
       tech_ms_5 |   0.3699   -0.5064    0.5224    0.3151 
       tech_ms_6 |   0.3737    0.4746    0.5652    0.1790 
    ------------------------------------------------------

    ------------------------------------------------
        Variable |    Comp5     Comp6 | Unexplained 
    -------------+--------------------+-------------
       tech_ms_1 |  -0.0616    0.4898 |           0 
       tech_ms_2 |  -0.4416   -0.6658 |           0 
       tech_ms_3 |   0.6847   -0.0572 |           0 
       tech_ms_4 |   0.0443    0.3547 |           0 
       tech_ms_5 |   0.3440   -0.3409 |           0 
       tech_ms_6 |  -0.4605    0.2673 |           0 
    ------------------------------------------------

. predict tech_ms_pca
(score assumed)
(5 components skipped)

Scoring coefficients 
    sum of squares(column-loading) = 1

    ------------------------------------------------------
        Variable |    Comp1     Comp2     Comp3     Comp4 
    -------------+----------------------------------------
       tech_ms_1 |   0.4209   -0.2633   -0.5003    0.5094 
       tech_ms_2 |   0.4675    0.0472   -0.3545   -0.1233 
       tech_ms_3 |   0.3770    0.5995   -0.1609   -0.0218 
       tech_ms_4 |   0.4309   -0.2955    0.0755   -0.7704 
       tech_ms_5 |   0.3699   -0.5064    0.5224    0.3151 
       tech_ms_6 |   0.3737    0.4746    0.5652    0.1790 
    ------------------------------------------------------

    ----------------------------------
        Variable |    Comp5     Comp6 
    -------------+--------------------
       tech_ms_1 |  -0.0616    0.4898 
       tech_ms_2 |  -0.4416   -0.6658 
       tech_ms_3 |   0.6847   -0.0572 
       tech_ms_4 |   0.0443    0.3547 
       tech_ms_5 |   0.3440   -0.3409 
       tech_ms_6 |  -0.4605    0.2673 
    ----------------------------------

. lab var tech_ms_pca "Technological optimism mindset (PCA)"

. 
. * Winsorized variable of technological optimism (used for rob
> ustness test)
. winsor2 tech_ms_pca, suffix(_win) cuts(5 95)

. 
. ** Environmental caution
. alpha env_ms_1 env_ms_2 env_ms_3 env_ms_4 env_ms_5 

Test scale = mean(unstandardized items)

Average interitem covariance:     .1712539
Number of items in the scale:            5
Scale reliability coefficient:      0.6299

. pca env_ms_1 env_ms_2 env_ms_3 env_ms_4 env_ms_5 

Principal components/correlation                 Number of obs 
>    =        277
                                                 Number of comp
> .  =          5
                                                 Trace         
>                                                              
>    =          5
    Rotation: (unrotated = principal)            Rho           
>    =     1.0000

    -----------------------------------------------------------
> ---------------
       Component |   Eigenvalue   Difference         Proportion
>    Cumulative
    -------------+---------------------------------------------
> ---------------
           Comp1 |      2.06297      1.04742             0.4126
>        0.4126
           Comp2 |      1.01555      .252677             0.2031
>        0.6157
           Comp3 |      .762872     .0617721             0.1526
>        0.7683
           Comp4 |        .7011      .243594             0.1402
>        0.9085
           Comp5 |      .457505            .             0.0915
>        1.0000
    -----------------------------------------------------------
> ---------------

Principal components (eigenvectors) 

    ------------------------------------------------------
        Variable |    Comp1     Comp2     Comp3     Comp4 
    -------------+----------------------------------------
        env_ms_1 |   0.4047    0.3594    0.7776    0.3057 
        env_ms_2 |   0.4010    0.5335   -0.2173   -0.6753 
        env_ms_3 |   0.4411    0.2098   -0.5875    0.6411 
        env_ms_4 |   0.4244   -0.6698    0.0525   -0.0927 
        env_ms_5 |   0.5483   -0.3058    0.0169   -0.1759 
    ------------------------------------------------------

    --------------------------------------
        Variable |    Comp5 | Unexplained 
    -------------+----------+-------------
        env_ms_1 |   0.0942 |           0 
        env_ms_2 |   0.2266 |           0 
        env_ms_3 |   0.0726 |           0 
        env_ms_4 |   0.5999 |           0 
        env_ms_5 |  -0.7580 |           0 
    --------------------------------------

. predict env_ms_pca
(score assumed)
(4 components skipped)

Scoring coefficients 
    sum of squares(column-loading) = 1

    ------------------------------------------------------
        Variable |    Comp1     Comp2     Comp3     Comp4 
    -------------+----------------------------------------
        env_ms_1 |   0.4047    0.3594    0.7776    0.3057 
        env_ms_2 |   0.4010    0.5335   -0.2173   -0.6753 
        env_ms_3 |   0.4411    0.2098   -0.5875    0.6411 
        env_ms_4 |   0.4244   -0.6698    0.0525   -0.0927 
        env_ms_5 |   0.5483   -0.3058    0.0169   -0.1759 
    ------------------------------------------------------

    ------------------------
        Variable |    Comp5 
    -------------+----------
        env_ms_1 |   0.0942 
        env_ms_2 |   0.2266 
        env_ms_3 |   0.0726 
        env_ms_4 |   0.5999 
        env_ms_5 |  -0.7580 
    ------------------------

. lab var env_ms_pca "Items on environmental caution (PCA)"

. 
. ** Negotiations
. pca negotiate1 negotiate2 negotiate3 negotiate4 negotiate5 ne
> gotiate6 negotiate7 // negotiate 3 only contributes marginall
> y

Principal components/correlation                 Number of obs 
>    =        277
                                                 Number of comp
> .  =          7
                                                 Trace         
>                                                              
>    =          7
    Rotation: (unrotated = principal)            Rho           
>    =     1.0000

    -----------------------------------------------------------
> ---------------
       Component |   Eigenvalue   Difference         Proportion
>    Cumulative
    -------------+---------------------------------------------
> ---------------
           Comp1 |      3.37919      2.07345             0.4827
>        0.4827
           Comp2 |      1.30574        .6155             0.1865
>        0.6693
           Comp3 |      .690241      .123041             0.0986
>        0.7679
           Comp4 |        .5672     .0525768             0.0810
>        0.8489
           Comp5 |      .514623      .222608             0.0735
>        0.9224
           Comp6 |      .292015     .0410212             0.0417
>        0.9641
           Comp7 |      .250994            .             0.0359
>        1.0000
    -----------------------------------------------------------
> ---------------

Principal components (eigenvectors) 

    ------------------------------------------------------
        Variable |    Comp1     Comp2     Comp3     Comp4 
    -------------+----------------------------------------
      negotiate1 |   0.4365   -0.1649   -0.0558   -0.1124 
      negotiate2 |   0.4708   -0.1495    0.0111   -0.0908 
      negotiate3 |   0.0285    0.7285    0.6016    0.1722 
      negotiate4 |   0.4554   -0.0513    0.2066    0.3137 
      negotiate5 |   0.4437   -0.1187    0.0317    0.4799 
      negotiate6 |   0.3829    0.2205    0.1012   -0.7744 
      negotiate7 |   0.1901    0.5953   -0.7622    0.1450 
    ------------------------------------------------------

    ----------------------------------------------------------
        Variable |    Comp5     Comp6     Comp7 | Unexplained 
    -------------+------------------------------+-------------
      negotiate1 |   0.6683    0.1669    0.5404 |           0 
      negotiate2 |   0.3208   -0.2421   -0.7656 |           0 
      negotiate3 |   0.2622    0.0752   -0.0503 |           0 
      negotiate4 |  -0.3368   -0.6568    0.3224 |           0 
      negotiate5 |  -0.3178    0.6676   -0.1047 |           0 
      negotiate6 |  -0.4090    0.1523    0.0661 |           0 
      negotiate7 |   0.0039   -0.0865    0.0014 |           0 
    ----------------------------------------------------------

. pca negotiate1 negotiate2 negotiate4 negotiate5 negotiate6 ne
> gotiate7 // 

Principal components/correlation                 Number of obs 
>    =        277
                                                 Number of comp
> .  =          6
                                                 Trace         
>                                                              
>    =          6
    Rotation: (unrotated = principal)            Rho           
>    =     1.0000

    -----------------------------------------------------------
> ---------------
       Component |   Eigenvalue   Difference         Proportion
>    Cumulative
    -------------+---------------------------------------------
> ---------------
           Comp1 |      3.37729      2.41245             0.5629
>        0.5629
           Comp2 |      .964836       .38715             0.1608
>        0.7237
           Comp3 |      .577686     .0450152             0.0963
>        0.8200
           Comp4 |       .53267      .237527             0.0888
>        0.9087
           Comp5 |      .295144     .0427668             0.0492
>        0.9579
           Comp6 |      .252377            .             0.0421
>        1.0000
    -----------------------------------------------------------
> ---------------

Principal components (eigenvectors) 

    ------------------------------------------------------
        Variable |    Comp1     Comp2     Comp3     Comp4 
    -------------+----------------------------------------
      negotiate1 |   0.4377   -0.1735    0.0760    0.6677 
      negotiate2 |   0.4719   -0.1629   -0.0010    0.3322 
      negotiate4 |   0.4555   -0.1272    0.1389   -0.4707 
      negotiate5 |   0.4447   -0.1342    0.3763   -0.4285 
      negotiate6 |   0.3815    0.2590   -0.8516   -0.1666 
      negotiate7 |   0.1870    0.9177    0.3288    0.1043 
    ------------------------------------------------------

    ------------------------------------------------
        Variable |    Comp5     Comp6 | Unexplained 
    -------------+--------------------+-------------
      negotiate1 |   0.1187    0.5591 |           0 
      negotiate2 |  -0.2147   -0.7709 |           0 
      negotiate4 |  -0.6719    0.2898 |           0 
      negotiate5 |   0.6737   -0.0722 |           0 
      negotiate6 |   0.1758    0.0591 |           0 
      negotiate7 |  -0.0599   -0.0182 |           0 
    ------------------------------------------------

. predict negotiate_pca
(score assumed)
(5 components skipped)

Scoring coefficients 
    sum of squares(column-loading) = 1

    ------------------------------------------------------
        Variable |    Comp1     Comp2     Comp3     Comp4 
    -------------+----------------------------------------
      negotiate1 |   0.4377   -0.1735    0.0760    0.6677 
      negotiate2 |   0.4719   -0.1629   -0.0010    0.3322 
      negotiate4 |   0.4555   -0.1272    0.1389   -0.4707 
      negotiate5 |   0.4447   -0.1342    0.3763   -0.4285 
      negotiate6 |   0.3815    0.2590   -0.8516   -0.1666 
      negotiate7 |   0.1870    0.9177    0.3288    0.1043 
    ------------------------------------------------------

    ----------------------------------
        Variable |    Comp5     Comp6 
    -------------+--------------------
      negotiate1 |   0.1187    0.5591 
      negotiate2 |  -0.2147   -0.7709 
      negotiate4 |  -0.6719    0.2898 
      negotiate5 |   0.6737   -0.0722 
      negotiate6 |   0.1758    0.0591 
      negotiate7 |  -0.0599   -0.0182 
    ----------------------------------

. lab var negotiate_pca "PCA: Negotiations (higher values, high
> er agreement)"

. 
. ** Negotiate own and other delgeation
. * Own delegation
. gen negotiate_pca_own = .
(277 missing values generated)

. replace negotiate_pca_own = negotiate_pca if t_own_delegation
>  == 1
(149 real changes made)

. 
. * Other delegation
. gen negotiate_pca_other = .
(277 missing values generated)

. replace negotiate_pca_other = negotiate_pca if t_own_delegati
> on == 0
(128 real changes made)

. 
. 
. 
. 
. *--- SAVE ---*
. save "$working_ANALYSIS\data\delegates_analysis.dta", replace
(note: file C:\Users\Max Burger\HESSENBOX\2-Projekte (Björn Vol
> lan)\Paper SustUse\Donia_Delegates\8_Submission\analysis\data
> \delegates_analysis.dta not found)
file C:\Users\Max Burger\HESSENBOX\2-Projekte (Björn Vollan)\Pa
> per SustUse\Donia_Delegates\8_Submission\analysis\data\delega
> tes_analysis.dta saved

. 
. 
. 
. 
. 
. 
. 
. 
end of do-file

. do "$working_ANALYSIS\scripts\02 - analysis.do"

. *--------------------------------------------------
. * Analysis 
. *-------------------------------------------------
. 
. 
. 
. *********************************************************
. **********               STRUCTURE             **********
. *********************************************************
. /*
> Main Body:
> I)  Fig. 1: Descriptives
>         a) Carbon price and temperature rise
>         b) Shifting the burden
> 
> II) Fig. 2: Inferential
>         a) Answers towards technological optimism items
>         b) Technological optimism mindset and temperature & p
> rices suggested
> 
> III) In text-statistics not mentioned in the supplementary on
> line material
>     - "Delegates vastly agree to limit global warming: The ma
> jority perceives a rise above 1.5°C unacceptable (78%), with 
> only few (8%) deeming an increase of 2.5°C or more acceptable
> ."
>     - "The median global carbon price recommended in our samp
> le is 50 USD [...]"
>     - "Roughly half of all delegates interviewed stated rathe
> r unambitious carbon prices below 60 USD (55%). Only 37% (19%
>  and 13%, respectively) deemed a price of at least 82 USD (18
> 5 USD, 281 USD) as appropriate"
>     - "This variance in global price suggested is highest for
>  the three low temperature options (0°C, 0.5°C and 1°C), with
>  price suggestions ranging from 0 to 2,000 USD (Levene’s test
>  F(1, 275)=21.7, p<0.001)."
>     - "Of the 100 delegates [suggesting prices between 0°C un
> d 1°C] in favor of these ambitious temperature targets, 62% i
> ndicated global carbon prices below 60 USD as appropriate to 
> stay below the temperature target."
>     - "In addition, we find that participants who claim to be
>  influential in their delegation score higher on the technolo
> gical optimism mindset (r=.23, p<.001)."
> */
. 
. 
. use "$working_ANALYSIS\data\delegates_analysis.dta", clear

. 
. 
. *---------------------------------------
. *   I) FIGURE 1: Temperature rise deemed acceptable, carbon p
> rice suggested, and negotiation strategy applied
. *------------------------------
. // Figure Settings
. * Text size
. global head     10 // Title

. global legend    8 // Legend

. global xytitle   8 // Axis title

. global xylab     8 // Scale label

. 
. 
. // Fig 1a: Stripplot: Price and temperature rise 
. * Generate variable defining position of observations on x-ax
> is
. egen carbon_price_rank = rank(carbon_price_cap), by(temp_rise
> _cropped) unique

. egen temp_rise_cropped_freq = count(carbon_price_cap), by(tem
> p_rise_cropped)

. gen  temp_rise_cropped_jitter2 = temp_rise_cropped + (carbon_
> price_rank *.006) - (temp_rise_cropped_freq / 2 * 0.006)

. 
. * Save number of observations in locals
. forvalues i = 1/6 {
  2. sum ln_carbon_price if tr`i' == 1
  3. local n_`i' = r(N)
  4. }

    Variable |        Obs        Mean    Std. Dev.       Min   
>      Max
-------------+-------------------------------------------------
> --------
ln_carbon_~e |         22    3.323065    2.261287          0   
> 7.601402

    Variable |        Obs        Mean    Std. Dev.       Min   
>      Max
-------------+-------------------------------------------------
> --------
ln_carbon_~e |         36    3.722019    2.127395   .6931472   
> 7.601402

    Variable |        Obs        Mean    Std. Dev.       Min   
>      Max
-------------+-------------------------------------------------
> --------
ln_carbon_~e |         42    4.207788    1.800718   1.098612   
> 7.601402

    Variable |        Obs        Mean    Std. Dev.       Min   
>      Max
-------------+-------------------------------------------------
> --------
ln_carbon_~e |        116    4.121002    1.359837          0   
> 7.313887

    Variable |        Obs        Mean    Std. Dev.       Min   
>      Max
-------------+-------------------------------------------------
> --------
ln_carbon_~e |         40    3.659859    1.407166          0   
> 6.552508

    Variable |        Obs        Mean    Std. Dev.       Min   
>      Max
-------------+-------------------------------------------------
> --------
ln_carbon_~e |         21    3.544467    1.325008   .6931472   
> 6.908755

. twoway ///
> (scatter carbon_price_cap temp_rise_cropped_jitter2 , mcolor(
> %30) msize(medium) msymbol(o))              ///
> (scatter mean_carbon_price temp_rise_cropped , mcolor(538g) m
> symbol(triangle))                                  ///
> (scatter median_carbon_price temp_rise_cropped , mcolor(538r)
>  msymbol(square))                                  ///
> , title("{bf:a }", pos(11) span size($head pt))              
>                                             ///
> ytitle("Global carbon price (USD/tCO2)", size($xytitle pt))  
>                                             ///
> ylabel(, labsize($xylab pt))                                 
>                                             ///
> xtitle("Temperature rise deemed acceptable (°C)", size($xytit
> le pt)  margin(0 0 0 4))                    ///
> xlabel(1 `" "0°C" "(n=`n_1')" "' 2 `" "0.5°C" "(n=`n_2')" "' 
>  3 `" "1°C" "(n=`n_3')" "' 4 `" "1.5°C" "(n=`n_4')" "' 5 `" "
> 2°C" "(n=`n_5')" "' 6 `" "{&ge}2.5°C" "(n=`n_6')" "' , labsiz
> e(2.5 pt))                                                ///
> legend(order(1 "Observation" 2 "Mean" 3 "Median") size($legen
> d pt) rows(3) pos(6) ring(1) region(fcolor(%40)))
(note:  named style 538g not found in class color, default
    attributes used)
(note:  named style 538g not found in class color, default
    attributes used)
(note:  named style 538r not found in class color, default
    attributes used)
(note:  named style 538r not found in class color, default
    attributes used)

. graph save "$working_ANALYSIS\results\intermediate\price_temp
> rise", replace
(file C:\Users\Max Burger\HESSENBOX\2-Projekte (Björn Vollan)\P
> aper SustUse\Donia_Delegates\8_Submission\analysis\results\in
> termediate\price_temprise.gph saved)

. graph export "$working_ANALYSIS\results\intermediate\price_te
> mprise.tif", replace
(file C:\Users\Max Burger\HESSENBOX\2-Projekte (Björn Vollan)\P
> aper SustUse\Donia_Delegates\8_Submission\analysis\results\in
> termediate\price_temprise.tif written in TIFF format)

. 
. 
. // Fig. 1b: Shifting the burden to other countries and the fu
> ture (Descriptives)
. preserve

. 
. ** Save number of observations per income-level in local
. forvalues i = 1/4 {
  2. sum income_level if income_level == `i'
  3. local n_`i' = r(N)
  4. }

    Variable |        Obs        Mean    Std. Dev.       Min   
>      Max
-------------+-------------------------------------------------
> --------
income_level |         50           1           0          1   
>        1

    Variable |        Obs        Mean    Std. Dev.       Min   
>      Max
-------------+-------------------------------------------------
> --------
income_level |        103           2           0          2   
>        2

    Variable |        Obs        Mean    Std. Dev.       Min   
>      Max
-------------+-------------------------------------------------
> --------
income_level |         56           3           0          3   
>        3

    Variable |        Obs        Mean    Std. Dev.       Min   
>      Max
-------------+-------------------------------------------------
> --------
income_level |         68           4           0          4   
>        4

. 
. ** Collpase observations to receive median
. collapse (median) price_home_now price_oecd_now price_ldc_now
>  price_home_future price_oecd_future price_ldc_future , by(in
> come_level)

. 
. ** Reshaping dataset from wide to long
. foreach var in price_home price_oecd price_ldc {
  2. rename `var'_now `var'1
  3. rename `var'_future `var'2
  4. }

. reshape long price_home price_oecd price_ldc, i(income_level)
>  j(now_future)
(note: j = 1 2)

Data                               wide   ->   long
---------------------------------------------------------------
> --------------
Number of obs.                        4   ->       8
Number of variables                   7   ->       5
j variable (2 values)                     ->   now_future
xij variables:
                price_home1 price_home2   ->   price_home
                price_oecd1 price_oecd2   ->   price_oecd
                  price_ldc1 price_ldc2   ->   price_ldc
---------------------------------------------------------------
> --------------

. lab define now_future 1 "Now" 2 "Future"

. lab val now_future now_future

. gen income_level_future = .
(8 missing values generated)

. replace income_level_future  = income_level if now_future == 
> 1
(4 real changes made)

. replace income_level_future  = income_level + .25 if now_futu
> re == 2
(4 real changes made)

. 
. ** Draw figure
. global y = -6

. twoway ///
>         rspike price_home price_oecd income_level if now_futu
> re == 1, vertical lwidth(vthick) lcolor(538y%25) xlabel(0(25)
> 150)          || /// Now: Home-OECD
>         rspike price_home price_ldc income_level if now_futur
> e == 1, vertical lwidth(vthick) lcolor(538bs1%25) xlabel(0(25
> )150)         || /// Now: Home-LDC
>         rspike price_home price_oecd income_level_future if n
> ow_future == 2, vertical lwidth(vthick) lcolor(538y%25) xlabe
> l(0(25)150)   || /// Future: Home-OECD
>         rspike price_home price_ldc income_level_future  if n
> ow_future == 2, vertical lwidth(vthick) lcolor(538bs1%25) xla
> bel(0(25)150) || /// Future: Home-LDC
>     scatter price_ldc  income_level if now_future == 1,  mcol
> or(538bs1%80)           || /// Now: LDC
>         scatter price_home income_level if now_future == 1,  
> mcolor(538g%80)             || /// Now: Home
>         scatter price_oecd income_level if now_future == 1,  
> mcolor(538y%80)             || /// Now: OECD
>     scatter price_ldc  income_level_future if now_future == 2
> ,  mcolor(538bs1%80)      || /// Future: LDC
>         scatter price_home income_level_future if now_future 
> == 2,  mcolor(538g%80)        || /// Future: Home
>         scatter price_oecd income_level_future if now_future 
> == 2,  mcolor(538y%80)        || /// Future: OECDw-Future: LD
> C, High
>     line price_home income_level_future if income_level == 1,
>   lcolor(538g%40)  lpattern(dash) || /// Now-Future: Home, Lo
> w
>         line price_home income_level_future if income_level =
> = 2,  lcolor(538g%40)  lpattern(dash) || /// Now-Future: Home
> , Low-Mid
>         line price_home income_level_future if income_level =
> = 3,  lcolor(538g%40)  lpattern(dash) || /// Now-Future: Home
> , Upper-Mid
>         line price_home income_level_future if income_level =
> = 4,  lcolor(538g%40)  lpattern(dash)    /// Now-Future: Home
> , High
>         title("{bf:b }", pos(11) span size($head pt))        
>                                                     ///
>         ytitle("Area-specific carbon price (median, in USD/tC
> O2)", size($xytitle pt))                            ///
>     ylabel(0 25 50 75 100 125 150, labsize($xylab pt) noticks
>  nogrid) ymtick(25 50 75 100 125 150, grid)     ///
>         yline(0, lcolor(gs12%40) lpattern(solid))            
>                                                     ///
>         xtitle(Income level (country), size($xytitle pt) marg
> in(0 0 0 4))                                        ///
>         xlabel(1.125 `" "Low" "(n=`n_1')" "'  2.125 `" "Low-M
> id" "(n=`n_2')" "' 3.125 `" "Up-Mid" "(n=`n_3')" "' 4.125 `" 
> "High" "(n=`n_4')" "', labsize(2.5 pt)) ///
>         ttext($y 1 "Now " $y 1.25 "Future" $y 2  "Now" $y 2.2
> 5 "Future" $y 3 "Now"  $y 3.25 "Future" $y 4 "Now" $y 4.25 "F
> uture", orientation(vertical) placement(north) color(gs10) si
> ze(7pt)) /// Y X "Text"  
>                 legend(order(5 "Price LDC" 2 "Diff LDC-Home" 
> 6 "Price Home" 11 "Diff Home Now-Future" 7 "Price OECD" 3 "Di
> ff Home-OECD") cols(2) pos(6) ring(1) size($legend pt) region
> (fcolor(%40))) graphregion(fcolor(none))
(note:  named style 538y not found in class color, default
    attributes used)
(note:  named style 538y not found in class color, default
    attributes used)
(note:  named style 538bs1 not found in class color, default
    attributes used)
(note:  named style 538bs1 not found in class color, default
    attributes used)
(note:  named style 538y not found in class color, default
    attributes used)
(note:  named style 538y not found in class color, default
    attributes used)
(note:  named style 538bs1 not found in class color, default
    attributes used)
(note:  named style 538bs1 not found in class color, default
    attributes used)
(note:  named style 538bs1 not found in class color, default
    attributes used)
(note:  named style 538bs1 not found in class color, default
    attributes used)
(note:  named style 538g not found in class color, default
    attributes used)
(note:  named style 538g not found in class color, default
    attributes used)
(note:  named style 538y not found in class color, default
    attributes used)
(note:  named style 538y not found in class color, default
    attributes used)
(note:  named style 538bs1 not found in class color, default
    attributes used)
(note:  named style 538bs1 not found in class color, default
    attributes used)
(note:  named style 538g not found in class color, default
    attributes used)
(note:  named style 538g not found in class color, default
    attributes used)
(note:  named style 538y not found in class color, default
    attributes used)
(note:  named style 538y not found in class color, default
    attributes used)
(note:  named style 538g not found in class color, default
    attributes used)
(note:  named style 538g not found in class color, default
    attributes used)
(note:  named style 538g not found in class color, default
    attributes used)
(note:  named style 538g not found in class color, default
    attributes used)
(note:  named style 538g not found in class color, default
    attributes used)
(note:  named style 538g not found in class color, default
    attributes used)
(note:  named style 538g not found in class color, default
    attributes used)
(note:  named style 538g not found in class color, default
    attributes used)
(note:  named style thin not found in class linestyle,
    default attributes used)

. graph save "$working_ANALYSIS\results\intermediate\shift_burd
> en_by_incomelevel", replace
(file C:\Users\Max Burger\HESSENBOX\2-Projekte (Björn Vollan)\P
> aper SustUse\Donia_Delegates\8_Submission\analysis\results\in
> termediate\shift_burden_by_incomelevel.gph saved)

. graph export "$working_ANALYSIS\results\intermediate\shift_bu
> rden_by_incomelevel.tif", replace
(file C:\Users\Max Burger\HESSENBOX\2-Projekte (Björn Vollan)\P
> aper SustUse\Donia_Delegates\8_Submission\analysis\results\in
> termediate\shift_burden_by_incomelevel.tif written in TIFF fo
> rmat)

. restore

. 
. // Combine Graph a and b
. graph combine "$working_ANALYSIS\results\intermediate\price_t
> emprise"  "$working_ANALYSIS\results\intermediate\shift_burde
> n_by_incomelevel", rows(1) scale(1.3) graphregion(margin(zero
> ))
(note:  named style 538g not found in class color, default
    attributes used)
(note:  named style 538g not found in class color, default
    attributes used)
(note:  named style 538r not found in class color, default
    attributes used)
(note:  named style 538r not found in class color, default
    attributes used)
(note:  named style 538y not found in class color, default
    attributes used)
(note:  named style 538y not found in class color, default
    attributes used)
(note:  named style 538bs1 not found in class color, default
    attributes used)
(note:  named style 538bs1 not found in class color, default
    attributes used)
(note:  named style 538y not found in class color, default
    attributes used)
(note:  named style 538y not found in class color, default
    attributes used)
(note:  named style 538bs1 not found in class color, default
    attributes used)
(note:  named style 538bs1 not found in class color, default
    attributes used)
(note:  named style 538bs1 not found in class color, default
    attributes used)
(note:  named style 538bs1 not found in class color, default
    attributes used)
(note:  named style 538g not found in class color, default
    attributes used)
(note:  named style 538g not found in class color, default
    attributes used)
(note:  named style 538y not found in class color, default
    attributes used)
(note:  named style 538y not found in class color, default
    attributes used)
(note:  named style 538bs1 not found in class color, default
    attributes used)
(note:  named style 538bs1 not found in class color, default
    attributes used)
(note:  named style 538g not found in class color, default
    attributes used)
(note:  named style 538g not found in class color, default
    attributes used)
(note:  named style 538y not found in class color, default
    attributes used)
(note:  named style 538y not found in class color, default
    attributes used)
(note:  named style 538g not found in class color, default
    attributes used)
(note:  named style 538g not found in class color, default
    attributes used)
(note:  named style 538g not found in class color, default
    attributes used)
(note:  named style 538g not found in class color, default
    attributes used)
(note:  named style 538g not found in class color, default
    attributes used)
(note:  named style 538g not found in class color, default
    attributes used)
(note:  named style 538g not found in class color, default
    attributes used)
(note:  named style 538g not found in class color, default
    attributes used)
(note:  named style thin not found in class linestyle,
    default attributes used)

. graph save "$working_ANALYSIS\results\figures\Figure 1", repl
> ace
(file C:\Users\Max Burger\HESSENBOX\2-Projekte (Björn Vollan)\P
> aper SustUse\Donia_Delegates\8_Submission\analysis\results\fi
> gures\Figure 1.gph saved)

. graph export "$working_ANALYSIS\results\figures\Figure 1.tif"
> , replace
(file C:\Users\Max Burger\HESSENBOX\2-Projekte (Björn Vollan)\P
> aper SustUse\Donia_Delegates\8_Submission\analysis\results\fi
> gures\Figure 1.tif written in TIFF format)

. 
. 
. 
. 
. 
. 
. 
. *---------------------------------------
. *   II) FIGURE 2: The effect of technological optimism mindse
> t on temperature rise deemed acceptable, carbon prices, and s
> trategic negotiation
. *------------------------------
. 
. // Fig 2: Inferential (Marginsplot)
. global head3     22 pt   // Title

. global legend3   18 pt   // Legend

. global xytitle3  20 pt   // Axis title

. global xylab3    20 pt   // Scale label

. global fysize    22 

. global textsize  14 pt

. 
. global pos_text1 -15 50

. global pos_text2  50 -4

. 
. 
. // Fig S2a: Distribution of answers towards technological opt
> imism items
. 
. ** Catplot for each item
. global margins 145 0 1 3 // set margins for all

. mylabels 0(25)100, myscale(@) local(pctlabel) suffix("%") // 
> set label for axis
0 "0%" 25 "25%" 50 "50%" 75 "75%" 100 "100%"

. catplot tech_ms_1 , text($pos_text1 "Future generations will 
> be richer and better equipped to deal" "with adverse impacts 
> of climate change." $pos_text2 "{it:.42}", size($textsize) pl
> ace(w) just(right)) stack percent asyvar yla(`pctlabel', nogr
> id)  title("") bargap(0) blabel(bar, size(medium) format(%9.0
> f) pos(center)) l1title("")  b1title("") legend(rows(1) pos(6
> ) ring(1) size(vsmall)) plotregion(margin(zero)) graphregion(
> margin($margins)) yscale(off) fysize($fysize)

. graph save "$working_ANALYSIS\results\intermediate\fut_opt1",
>  replace
(file C:\Users\Max Burger\HESSENBOX\2-Projekte (Björn Vollan)\P
> aper SustUse\Donia_Delegates\8_Submission\analysis\results\in
> termediate\fut_opt1.gph saved)

. catplot tech_ms_2 , text($pos_text1  "Technological innovatio
> n e.g., solar geoengineering offers" "a suitable solution to 
> respond in case of a future climate emergency." $pos_text2 "{
> it:.47}", size($textsize) place(w) just(right)) stack percent
>  asyvar yla(`pctlabel', nogrid)  title("") bargap(0) blabel(b
> ar, size(medium) format(%9.0f) pos(center)) l1title("")  b1ti
> tle("") legend(rows(1) pos(6) ring(1) size(vsmall)) plotregio
> n(margin(zero)) graphregion(margin($margins)) yscale(off) fys
> ize($fysize)

. graph save "$working_ANALYSIS\results\intermediate\fut_opt2",
>  replace
(file C:\Users\Max Burger\HESSENBOX\2-Projekte (Björn Vollan)\P
> aper SustUse\Donia_Delegates\8_Submission\analysis\results\in
> termediate\fut_opt2.gph saved)

. catplot tech_ms_3 , text($pos_text1  "The present costs and f
> uture benefits to society must be weighed" "against each othe
> r, while deciding about emission reduction policies." $pos_te
> xt2 "{it:.38}", size($textsize) place(w) just(right)) stack p
> ercent asyvar yla(`pctlabel', nogrid)  title("") bargap(0) bl
> abel(bar, size(medium) format(%9.0f) pos(center)) l1title("")
>   b1title("") legend(rows(1) pos(6) ring(1) size(vsmall)) plo
> tregion(margin(zero)) graphregion(margin($margins)) yscale(of
> f) fysize($fysize)

. graph save "$working_ANALYSIS\results\intermediate\fut_opt3",
>  replace
(file C:\Users\Max Burger\HESSENBOX\2-Projekte (Björn Vollan)\P
> aper SustUse\Donia_Delegates\8_Submission\analysis\results\in
> termediate\fut_opt3.gph saved)

. catplot tech_ms_4 , text($pos_text1 "The usage of conventiona
> l energy sources is inevitable as global" "energy demand is t
> oo high to be covered by renewable energy." $pos_text2 "{it:.
> 43}", size($textsize) place(w) just(right)) stack percent asy
> var yla(`pctlabel', nogrid)  title("") bargap(0) blabel(bar, 
> size(medium) format(%9.0f) pos(center)) l1title("")  b1title(
> "") legend(rows(1) pos(6) ring(1) size(vsmall)) plotregion(ma
> rgin(zero)) graphregion(margin($margins)) yscale(off) fysize(
> $fysize)

. graph save "$working_ANALYSIS\results\intermediate\fut_opt4",
>  replace
(file C:\Users\Max Burger\HESSENBOX\2-Projekte (Björn Vollan)\P
> aper SustUse\Donia_Delegates\8_Submission\analysis\results\in
> termediate\fut_opt4.gph saved)

. catplot tech_ms_5 , text($pos_text1 "Technological innovation
> s for climate change emerge more likely in a" "free-market ec
> onomy without much interference from the Government." $pos_te
> xt2 "{it:.37}", size($textsize) place(w) just(right)) stack p
> ercent asyvar yla(`pctlabel', nogrid labsize(relative3)) ytit
> le("percent", size(relative3)) title("") bargap(0) blabel(bar
> , size(medium) format(%9.0f) pos(center)) l1title("")  b1titl
> e("") legend(rows(3) pos(6) ring(1) size(7.5 pt) symxsize(2.5
> )) plotregion(margin(zero)) graphregion(margin($margins)) fys
> ize(40)

. graph save "$working_ANALYSIS\results\intermediate\fut_opt5",
>  replace
(file C:\Users\Max Burger\HESSENBOX\2-Projekte (Björn Vollan)\P
> aper SustUse\Donia_Delegates\8_Submission\analysis\results\in
> termediate\fut_opt5.gph saved)

. catplot tech_ms_6 , text($pos_text1 "Transformation towards a
>  sustainable society is possible by making" "productions more
>  resourcesaving and without harming the economy." $pos_text2 
> "{it:.37}" 180 2 "{it:Loading}" "{it:(PCA)}", size($textsize)
>  place(w) just(right)) stack percent asyvar yla(`pctlabel', n
> ogrid)  title("") bargap(0) blabel(bar, size(medium) format(%
> 9.0f) pos(center)) l1title("")  b1title("") legend(rows(3) po
> s(6) ring(1) size(7.5 pt) rowgap(minuscule) symxsize(2.5)) pl
> otregion(margin(zero)) graphregion(margin($margins)) yscale(o
> ff) fysize($fysize)

. graph save "$working_ANALYSIS\results\intermediate\fut_opt6",
>  replace
(file C:\Users\Max Burger\HESSENBOX\2-Projekte (Björn Vollan)\P
> aper SustUse\Donia_Delegates\8_Submission\analysis\results\in
> termediate\fut_opt6.gph saved)

. 
. ** Combine the single plots
. grc1leg "$working_ANALYSIS\results\intermediate\fut_opt6" "$w
> orking_ANALYSIS\results\intermediate\fut_opt3" "$working_ANAL
> YSIS\results\intermediate\fut_opt2" "$working_ANALYSIS\result
> s\intermediate\fut_opt4" "$working_ANALYSIS\results\intermedi
> ate\fut_opt1" "$working_ANALYSIS\results\intermediate\fut_opt
> 5" , cols(1) legendfrom("$working_ANALYSIS\results\intermedia
> te\fut_opt6") title("{bf:a }", size(11 pt) pos(11) ring(15)) 
> graphregion(margin(2 3 -3 4)) plotregion(margin(0 0 0 5)) 

. gr_edit .legend.plotregion1.DragBy 1 35

. gr_edit .plotregion1.graph1.plotregion1.textbox3.style.editst
> yle horizontal(center) editcopy

. gr_edit .plotregion1.graph1.plotregion1.textbox3.style.editst
> yle size(13) editcopy

. gr_edit .plotregion1.graph1.plotregion1.textbox2.style.editst
> yle size(13) editcopy

. gr_edit .plotregion1.graph2.plotregion1.textbox2.style.editst
> yle size(13) editcopy

. gr_edit .plotregion1.graph3.plotregion1.textbox2.style.editst
> yle size(13) editcopy
invalid syntax
r(198);

end of do-file
r(198);

end of do-file

r(198);

. exit, clear
