---------------------------------------------------------------------------------
      name:  <unnamed>
       log:  C:\Users\Max Burger\HESSENBOX\2-Projekte (Björn Vollan)\Paper SustUs
> e\Donia_Delegates\8_Submission\NSUST\analysis/scripts/logs/2024.03.06-14.05.31.
> log.txt
  log type:  text
 opened on:   6 Mar 2024, 14:05:31

. 
. di "Begin date and time: $S_DATE $S_TIME"
Begin date and time:  6 Mar 2024 14:05:31

. di "Stata version: `c(stata_version)'"
Stata version: 16.1

. di "Updated as of: `c(born_date)'"
Updated as of: 11 Oct 2022

. di "Variant:       `=cond( c(MP),"MP",cond(c(SE),"SE",c(flavor)) )'"
Variant:       MP

. di "Processors:    `c(processors)'"
Processors:    2

. di "OS:            `c(os)' `c(osdtl)'"
OS:            Windows 64-bit

. di "Machine type:  `c(machine_type)'"
Machine type:  PC (64-bit x86-64)

. 
. *   Analyses were run on Windows using Stata version 16
. version 16              // Set Version number for backward compatibility

. 
. /* All required Stata packages are available in the /libraries/stata folder
> tokenize `"$S_ADO"', parse(";")
> while `"`1'"' != "" {
>   if `"`1'"'!="BASE" cap adopath - `"`1'"'
>   macro shift
> }
> adopath ++ "$working_ANALYSIS/scripts/libraries/stata"
> mata: mata mlib index
> */
. 
. * Create directories for output files
. cap mkdir "$working_ANALYSIS/results"

. cap mkdir "$working_ANALYSIS/results/intermediate"

. cap mkdir "$working_ANALYSIS/results/tables"

. cap mkdir "$working_ANALYSIS/results/figures"

. * -------------------------------------------------
. 
. * Set general graph style
. set scheme swift_red // select one scheme as reference scheme to work with

. 
. 
. grstyle init 

. {
. *Background color
. grstyle set color white: background plotregion graphregion legend box textbox /
> /
. 
. *Main colors (note: swift_red only defines 8 colors. Multiplying the color, tha
> t is "xx yy zz*0.5" reduces/increases intensity and "xx yy zz%50" reduces trans
> parency)
. grstyle set color       "100 143 255" "120 94 240" "220 38 127" "254 97 0" "255
>  176 0" /// 5 main colors
>                                         "100 143 255*0.4" "120 94 240*0.4" "220
>  38 127*0.4" "254 97 0*0.4" "255 176 0*0.4" ///
>                                         "100 143 255*1.7" "120 94 240*1.7" "220
>  38 127*1.7" "254 97 0*1.7" "255 176 0*1.7" ///
>                                         : p# p#line p#lineplot p#bar p#area p#a
> realine p#pie histogram 
. 
. *margins
. grstyle set compact
. 
. *Font size
. grstyle set size 10pt: heading //titles
. grstyle set size 8pt: subheading axis_title //axis titles
. grstyle set size 8pt: p#label p#boxlabel body small_body text_option axis_label
>  tick_label minortick_label key_label //all other text
. 
. }

. * -------------------------------------------------
. 
end of do-file

. do "C:\Users\MAXBUR~1\AppData\Local\Temp\STD67bc_000000.tmp"

. 
. // Distribution
. * Figure SX. Raincloud plot for mindset (such as in https://www.cedricscherer.c
> om/2021/06/06/visualizing-distributions-with-raincloud-plots-and-how-to-create-
> them-with-ggplot2/ or https://wellcomeopenresearch.org/articles/4-63)
. 
. // For boxplot in twoway: https://stats.oarc.ucla.edu/stata/code/creating-and-e
> xtending-boxplots-using-twoway-graphs/
. * Use egen to generate the median, quartiles, interquartile range (IQR), and me
> an. 
. egen med = median(tech_ms_pca)
tech_ms_pca not found
r(111);

end of do-file

r(111);

. do "C:\Users\MAXBUR~1\AppData\Local\Temp\STD67bc_000000.tmp"

. 
. 
. global working_ANALYSIS "C:\Users\Max Burger\HESSENBOX\2-Projekte (Björn Vollan
> )\Paper SustUse\Donia_Delegates\8_Submission\NSUST\analysis"

. 
. use "$working_ANALYSIS\data\delegates_analysis_complete.dta", clear

. 
end of do-file

. do "C:\Users\MAXBUR~1\AppData\Local\Temp\STD67bc_000000.tmp"

. 
. 
. 
. 
. // Figure Settings
. * Text size: A & C
. global head     10 // Title

. global legend    8 // Legend

. global xytitle   8 // Axis title

. global xylab     8 // Scale label

. 
. * Text size: B (A&C * 2/3)
. global ratio_abc = 3/4

. display $ratio_abc * $head
7.5

. display $ratio_abc * $legend  
6

. display $ratio_abc * $xytitle
6

. display $ratio_abc * $xylab  
6

. 
. global head2    7.5  // Title

. global legend2  6    // Legend

. global xytitle2 6    // Axis title

. global xylab2   6    // Scale label

. 
. 
. * Generate
. gen ln_science = ln(science)

. 
. alpha ln_carbon_price ln_carbon_price ln_price_home_now ln_price_oecd_now ln_pr
> ice_ldc_now ln_price_home_future ln_price_oecd_future ln_price_ldc_future, gen(
> ln_carbon_price_mean)

Test scale = mean(unstandardized items)

Average interitem covariance:     2.073274
Number of items in the scale:            7
Scale reliability coefficient:      0.9487

. 
. alpha carbon_price carbon_price price_home_now price_oecd_now price_ldc_now pri
> ce_home_future price_oecd_future price_ldc_future, gen(carbon_price_mean)

Test scale = mean(unstandardized items)

Average interitem covariance:     93975.97
Number of items in the scale:            7
Scale reliability coefficient:      0.9286

. 
. 
end of do-file

. do "C:\Users\MAXBUR~1\AppData\Local\Temp\STD67bc_000000.tmp"

. 
. 
. // Distribution
. * Figure SX. Raincloud plot for mindset (such as in https://www.cedricscherer.c
> om/2021/06/06/visualizing-distributions-with-raincloud-plots-and-how-to-create-
> them-with-ggplot2/ or https://wellcomeopenresearch.org/articles/4-63)
. 
. // For boxplot in twoway: https://stats.oarc.ucla.edu/stata/code/creating-and-e
> xtending-boxplots-using-twoway-graphs/
. * Use egen to generate the median, quartiles, interquartile range (IQR), and me
> an. 
. egen med = median(tech_ms_pca)

. egen lqt = pctile(tech_ms_pca), p(25)

. egen uqt = pctile(tech_ms_pca), p(75)

. egen iqr = iqr(tech_ms_pca)

. egen mean = mean(tech_ms_pca)

. 
. * Find the lowest value that is more than lqt - 1.5 iqr (Lower whisker)
. gen l = tech_ms_pca if(tech_ms_pca >= lqt-1.5*iqr)
(6 missing values generated)

. egen ls = min(l)

. 
. * Find the highest value that is less than uqt + 1.5 iqr (Upper whisker)
. gen u = tech_ms_pca if(tech_ms_pca <= uqt+1.5*iqr)

. egen us = max(u)

. 
. * Set position of "raindrops" on x-axis by attributing ranodm values for x-axis
. gen pos_rain = runiform(0.02,0.1)

. replace pos_rain = pos_rain * (-1)
(276 real changes made)

. 
. * Set position of Boxplot (In middle of "raindrops": between pos_rain)
. gen pos_box = -.06

. */
. 
. global gray gs6

. global width medthick

. twoway ///
> kdensity tech_ms_pca , recast(area) color(purple*1.5%50)   ||         /// Distr
> ibution (Cloud)
> rbar lqt med pos_box, barw(.06) fcolor(white%0) lcolor($gray) lwidth($width) ho
> rizontal  || ///
> rbar med uqt pos_box, barw(.06) fcolor(white%0) lcolor($gray) lwidth($width) ho
> rizontal  ||  ///
> rspike lqt ls pos_box, lcolor($gray) lwidth($width) horizontal ||   ///
> rspike uqt us pos_box, lcolor($gray) lwidth($width) horizontal ||   ///
> scatter pos_rain tech_ms_pca, color(purple*1.5%25) msize(medium)    /// Single 
> observation (Rain)
> , legend(off) yscale(off) ylabel(none) xlabel(-4(2)2, labsize($xylab3)) xtitle(
> "Technological optimism mindset (PCA)", size($xytitle3)) yla(, labsize($xylab3)
> )  title("{bf:b }" , size($head3)) graphregion(margin(0 5 0 0)) plotregion(marg
> in(0 0 0 15)) 

. gr save "$output\dist_mindset.gph", replace
(note: file \dist_mindset.gph not found)
file \dist_mindset.gph could not be opened
r(603);

end of do-file

r(603);

. sum tech_opt_ms
variable tech_opt_ms not found
r(111);

. sum tech_ms_pca

    Variable |        Obs        Mean    Std. Dev.       Min        Max
-------------+---------------------------------------------------------
 tech_ms_pca |        276    .0097056    1.468493  -4.940824   2.506011

. do "C:\Users\MAXBUR~1\AppData\Local\Temp\STD67bc_000000.tmp"

. 
. global gray gs6

. global width medthick

. twoway ///
> kdensity tech_ms_pca , recast(area) color(purple*1.5%50)   ||         /// Distr
> ibution (Cloud)
> rbar lqt med pos_box, barw(.06) fcolor(white%0) lcolor($gray) lwidth($width) ho
> rizontal  || ///
> rbar med uqt pos_box, barw(.06) fcolor(white%0) lcolor($gray) lwidth($width) ho
> rizontal  ||  ///
> rspike lqt ls pos_box, lcolor($gray) lwidth($width) horizontal ||   ///
> rspike uqt us pos_box, lcolor($gray) lwidth($width) horizontal ||   ///
> scatter pos_rain tech_ms_pca, color(purple*1.5%25) msize(medium)    /// Single 
> observation (Rain)
> , legend(off) yscale(off) ylabel(none) xlabel(-5(2)3, labsize($xylab3)) xtitle(
> "Technological optimism mindset (PCA)", size($xytitle3)) yla(, labsize($xylab3)
> )  title("{bf:b }" , size($head3)) graphregion(margin(0 5 0 0)) plotregion(marg
> in(0 0 0 15)) 

. gr save "$output\dist_mindset.gph", replace
(note: file \dist_mindset.gph not found)
file \dist_mindset.gph could not be opened
r(603);

end of do-file

r(603);

. do "C:\Users\MAXBUR~1\AppData\Local\Temp\STD67bc_000000.tmp"

. 
. global gray gs6

. global width medthick

. twoway ///
> kdensity tech_ms_pca , recast(area) color(purple*1.5%50)   ||         /// Distr
> ibution (Cloud)
> rbar lqt med pos_box, barw(.06) fcolor(white%0) lcolor($gray) lwidth($width) ho
> rizontal  || ///
> rbar med uqt pos_box, barw(.06) fcolor(white%0) lcolor($gray) lwidth($width) ho
> rizontal  ||  ///
> rspike lqt ls pos_box, lcolor($gray) lwidth($width) horizontal ||   ///
> rspike uqt us pos_box, lcolor($gray) lwidth($width) horizontal ||   ///
> scatter pos_rain tech_ms_pca, color(purple*1.5%25) msize(medium)    /// Single 
> observation (Rain)
> , legend(off) yscale(off) ylabel(none) xscale(range(-5.5 3) xlabel(-5(2)2, labs
> ize($xylab3)) xtitle("Technological optimism mindset (PCA)", size($xytitle3)) y
> la(, labsize($xylab3))  title("{bf:b }" , size($head3)) graphregion(margin(0 5 
> 0 0)) plotregion(margin(0 0 0 15)) 
parentheses do not balance
r(198);

end of do-file

r(198);

. twoway (scatter continent gender), xscale(range(-5 2))

. do "C:\Users\MAXBUR~1\AppData\Local\Temp\STD67bc_000000.tmp"

. scatter pos_rain tech_ms_pca, color(purple*1.5%25) msize(medium)    /// Single 
> observation (Rain)
> , legend(off) yscale(off) ylabel(none) xscale(range(-5.5 3)) xlabel(-5(2)2, lab
> size($xylab3)) xtitle("Technological optimism mindset (PCA)", size($xytitle3)) 
> yla(, labsize($xylab3))  title("{bf:b }" , size($head3)) graphregion(margin(0 5
>  0 0)) plotregion(margin(0 0 0 15)) 

. 
end of do-file

. do "C:\Users\MAXBUR~1\AppData\Local\Temp\STD67bc_000000.tmp"

. global gray gs6

. global width medthick

. twoway ///
> kdensity tech_ms_pca , recast(area) color(purple*1.5%50)   ||         /// Distr
> ibution (Cloud)
> rbar lqt med pos_box, barw(.06) fcolor(white%0) lcolor($gray) lwidth($width) ho
> rizontal  || ///
> rbar med uqt pos_box, barw(.06) fcolor(white%0) lcolor($gray) lwidth($width) ho
> rizontal  ||  ///
> rspike lqt ls pos_box, lcolor($gray) lwidth($width) horizontal ||   ///
> rspike uqt us pos_box, lcolor($gray) lwidth($width) horizontal ||   ///
> scatter pos_rain tech_ms_pca, color(purple*1.5%25) msize(medium)    /// Single 
> observation (Rain)
> , legend(off) yscale(off) ylabel(none) xscale(range(-5.5 3)) xlabel(-5(2)2, lab
> size($xylab3)) xtitle("Technological optimism mindset (PCA)", size($xytitle3)) 
> yla(, labsize($xylab3))  title("{bf:b }" , size($head3)) graphregion(margin(0 5
>  0 0)) plotregion(margin(0 0 0 15)) 

. gr save "$output\dist_mindset.gph", replace
(note: file \dist_mindset.gph not found)
file \dist_mindset.gph could not be opened
r(603);

end of do-file

r(603);

. do "C:\Users\MAXBUR~1\AppData\Local\Temp\STD67bc_000000.tmp"

. hist tech_ms_pca
(bin=16, start=-4.9408236, width=.46542716)

. 
end of do-file

. do "C:\Users\MAXBUR~1\AppData\Local\Temp\STD67bc_000000.tmp"

. hist tech_ms_pca, width(.5)
(bin=15, start=-4.9408236, width=.5)

. 
end of do-file

. do "C:\Users\MAXBUR~1\AppData\Local\Temp\STD67bc_000000.tmp"

. hist tech_ms_pca, width(.5) start(-5.5)
(bin=17, start=-5.5, width=.5)

. 
end of do-file

. do "C:\Users\MAXBUR~1\AppData\Local\Temp\STD67bc_000000.tmp"

. hist tech_ms_pca, width(.25) start(-5.5)
(bin=33, start=-5.5, width=.25)

. 
end of do-file

. do "C:\Users\MAXBUR~1\AppData\Local\Temp\STD67bc_000000.tmp"

. hist tech_ms_pca, width(.5) start(-5.5)
(bin=17, start=-5.5, width=.5)

. 
end of do-file

. do "C:\Users\MAXBUR~1\AppData\Local\Temp\STD67bc_000000.tmp"

. hist tech_ms_pca, width(.5) start(-5.5) percent
(bin=17, start=-5.5, width=.5)

. 
end of do-file

. do "C:\Users\MAXBUR~1\AppData\Local\Temp\STD67bc_000000.tmp"

. // Distribution
. hist tech_ms_pca, width(.5) start(-5.5) percent
(bin=17, start=-5.5, width=.5)

. 
end of do-file

. do "C:\Users\MAXBUR~1\AppData\Local\Temp\STD67bc_000000.tmp"

. hist tech_ms_pca, width(.5) start(-5.5) percent xrange((-5 2))
(bin=17, start=-5.5, width=.5)
option xrange() not allowed
r(198);

end of do-file

r(198);

. histogram tech_ms_pca, percent xscale(range(-5 2))
(bin=16, start=-4.9408236, width=.46542716)

. do "C:\Users\MAXBUR~1\AppData\Local\Temp\STD67bc_000000.tmp"

. hist tech_ms_pca, width(.5) start(-5.5) percent 
(bin=17, start=-5.5, width=.5)

. graph export "$working_ANALYSIS/results/figures/Figure SX.tif", replace width(4
> 000)
(note: file C:\Users\Max Burger\HESSENBOX\2-Projekte (Björn Vollan)\Paper SustUse
> \Donia_Delegates\8_Submission\NSUST\analysis/results/figures/Figure SX.tif not 
> found)
(file C:\Users\Max Burger\HESSENBOX\2-Projekte (Björn Vollan)\Paper SustUse\Donia
> _Delegates\8_Submission\NSUST\analysis/results/figures/Figure SX.tif written in
>  TIFF format)

. 
end of do-file

. do "C:\Users\MAXBUR~1\AppData\Local\Temp\STD67bc_000000.tmp"

. hist tech_ms_pca, width(.4) start(-5.5) percent 
(bin=21, start=-5.5, width=.4)

. 
end of do-file

. do "C:\Users\MAXBUR~1\AppData\Local\Temp\STD67bc_000000.tmp"

. hist tech_ms_pca, start(-5.5) percent 
(bin=16, start=-5.5, width=.50037569)

. 
end of do-file

. sum tech_ms_pca, d

            Technological optimism mindset (PCA)
-------------------------------------------------------------
      Percentiles      Smallest
 1%     -4.12035      -4.940824
 5%    -2.918292       -4.17742
10%    -1.898257       -4.12035       Obs                 276
25%    -.8519809      -4.039485       Sum of Wgt.         276

50%      .160902                      Mean           .0097056
                        Largest       Std. Dev.      1.468493
75%     1.067281       2.506011
90%     1.765222       2.506011       Variance       2.156473
95%     2.165586       2.506011       Skewness      -.6918924
99%     2.506011       2.506011       Kurtosis       3.319071

. sum tech_ms_pca

    Variable |        Obs        Mean    Std. Dev.       Min        Max
-------------+---------------------------------------------------------
 tech_ms_pca |        276    .0097056    1.468493  -4.940824   2.506011

. tab tech_ms_pca

Technologic |
al optimism |
    mindset |
      (PCA) |      Freq.     Percent        Cum.
------------+-----------------------------------
  -4.940824 |          1        0.36        0.36
   -4.17742 |          1        0.36        0.72
   -4.12035 |          1        0.36        1.09
  -4.039485 |          1        0.36        1.45
  -3.817035 |          1        0.36        1.81
  -3.777056 |          1        0.36        2.17
  -3.717117 |          1        0.36        2.54
   -3.41954 |          1        0.36        2.90
  -3.379561 |          1        0.36        3.26
  -3.371443 |          1        0.36        3.62
  -3.053632 |          1        0.36        3.99
  -3.039136 |          1        0.36        4.35
  -3.007549 |          1        0.36        4.71
  -2.918292 |          1        0.36        5.07
  -2.770551 |          1        0.36        5.43
  -2.735821 |          1        0.36        5.80
  -2.547246 |          2        0.72        6.52
  -2.540816 |          1        0.36        6.88
  -2.500837 |          1        0.36        7.25
  -2.372781 |          1        0.36        7.61
  -2.278387 |          1        0.36        7.97
  -2.153475 |          1        0.36        8.33
  -2.112314 |          1        0.36        8.70
  -2.110626 |          1        0.36        9.06
   -2.07904 |          1        0.36        9.42
  -2.017645 |          1        0.36        9.78
  -1.898257 |          1        0.36       10.14
  -1.852539 |          1        0.36       10.51
  -1.829925 |          2        0.72       11.23
  -1.738615 |          1        0.36       11.59
  -1.672937 |          1        0.36       11.96
  -1.647454 |          1        0.36       12.32
  -1.497893 |          1        0.36       12.68
    -1.4895 |          1        0.36       13.04
   -1.43243 |          1        0.36       13.41
  -1.429561 |          1        0.36       13.77
  -1.400844 |          1        0.36       14.13
  -1.378229 |          1        0.36       14.49
   -1.37536 |          1        0.36       14.86
  -1.372491 |          1        0.36       15.22
  -1.371525 |          1        0.36       15.58
  -1.365422 |          1        0.36       15.94
  -1.347008 |          1        0.36       16.30
   -1.33825 |          1        0.36       16.67
  -1.300926 |          1        0.36       17.03
  -1.291841 |          1        0.36       17.39
  -1.281181 |          1        0.36       17.75
  -1.240235 |          1        0.36       18.12
  -1.229033 |          1        0.36       18.48
  -1.217406 |          1        0.36       18.84
  -1.214537 |          1        0.36       19.20
  -1.209288 |          1        0.36       19.57
  -1.197447 |          1        0.36       19.93
  -1.129115 |          2        0.72       20.65
  -1.097743 |          1        0.36       21.01
  -1.069391 |          1        0.36       21.38
  -1.057764 |          2        0.72       22.10
  -1.034935 |          1        0.36       22.46
  -.9978251 |          1        0.36       22.83
  -.9778654 |          2        0.72       23.55
   -.949513 |          1        0.36       23.91
  -.8779473 |          1        0.36       24.28
  -.8553331 |          2        0.72       25.00
  -.8486287 |          2        0.72       25.72
  -.8372763 |          1        0.36       26.09
  -.8286689 |          1        0.36       26.45
   -.817257 |          1        0.36       26.81
  -.7999516 |          1        0.36       27.17
  -.7944281 |          2        0.72       27.90
  -.7915589 |          1        0.36       28.26
  -.7715991 |          2        0.72       28.99
  -.7515798 |          2        0.72       29.71
  -.7199932 |          1        0.36       30.07
  -.6374402 |          1        0.36       30.43
  -.6090877 |          3        1.09       31.52
  -.5791894 |          1        0.36       31.88
  -.5548871 |          3        1.09       32.97
  -.5165961 |          1        0.36       33.33
   -.514908 |          1        0.36       33.70
  -.4794861 |          1        0.36       34.06
   -.476617 |          2        0.72       34.78
   -.434043 |          1        0.36       35.14
  -.4311739 |          1        0.36       35.51
  -.4195472 |          1        0.36       35.87
  -.3969331 |          2        0.72       36.59
   -.379568 |          1        0.36       36.96
  -.3769733 |          1        0.36       37.32
  -.3540848 |          1        0.36       37.68
  -.3369941 |          1        0.36       38.04
  -.3270556 |          1        0.36       38.41
  -.3196291 |          1        0.36       38.77
  -.3025385 |          1        0.36       39.13
  -.1790401 |          1        0.36       39.49
  -.1761709 |          2        0.72       40.22
  -.1744827 |          1        0.36       40.58
  -.1417153 |          1        0.36       40.94
  -.1390609 |          1        0.36       41.30
  -.1145438 |          1        0.36       41.67
   -.113852 |          1        0.36       42.03
  -.0446663 |          1        0.36       42.39
  -.0365481 |          3        1.09       43.48
  -.0336789 |          1        0.36       43.84
  -.0252862 |          1        0.36       44.20
   -.019183 |          1        0.36       44.57
   .0034311 |          1        0.36       44.93
   .0205217 |          1        0.36       45.29
   .0317835 |          1        0.36       45.65
   .0434102 |          3        1.09       46.74
   .0462794 |          2        0.72       47.46
   .0605009 |          2        0.72       48.19
     .06337 |          1        0.36       48.55
     .10048 |          1        0.36       48.91
   .1033492 |          1        0.36       49.28
   .1430539 |          1        0.36       49.64
   .1587308 |          1        0.36       50.00
   .1630733 |          1        0.36       50.36
   .1659425 |          1        0.36       50.72
   .2213241 |          1        0.36       51.09
   .2412839 |          1        0.36       51.45
   .2636832 |          1        0.36       51.81
    .263898 |          1        0.36       52.17
   .3038771 |          1        0.36       52.54
   .3067463 |          1        0.36       52.90
    .318373 |          1        0.36       53.26
   .3212422 |          1        0.36       53.62
   .3438563 |          1        0.36       53.99
   .3638161 |          2        0.72       54.71
   .3864302 |          1        0.36       55.07
   .4208859 |          1        0.36       55.43
   .4409052 |          1        0.36       55.80
   .4663885 |          1        0.36       56.16
   .4863483 |          1        0.36       56.52
   .5263274 |          1        0.36       56.88
   .5434181 |          1        0.36       57.25
   .5833973 |          1        0.36       57.61
   .5962049 |          1        0.36       57.97
   .6188191 |          1        0.36       58.33
   .6443024 |          5        1.81       60.14
   .6471715 |          1        0.36       60.51
   .6642621 |          1        0.36       60.87
   .6842815 |          1        0.36       61.23
   .7042413 |          2        0.72       61.96
   .7297246 |          1        0.36       62.32
   .7413513 |          3        1.09       63.41
   .7468152 |          1        0.36       63.77
   .7668346 |          2        0.72       64.49
   .7867944 |          4        1.45       65.94
   .8412694 |          3        1.09       67.03
   .8621953 |          1        0.36       67.39
   .8638835 |          1        0.36       67.75
   .8667527 |          2        0.72       68.48
   .8838433 |          1        0.36       68.84
   .9045544 |          1        0.36       69.20
   .9238225 |          1        0.36       69.57
   .9447484 |          2        0.72       70.29
   .9638016 |          2        0.72       71.01
   .9731008 |          1        0.36       71.38
   1.001818 |          1        0.36       71.74
   1.004687 |          1        0.36       72.10
   1.041797 |          3        1.09       73.19
   1.044667 |          1        0.36       73.55
   1.061757 |          1        0.36       73.91
   1.067281 |          6        2.17       76.09
   1.084646 |          1        0.36       76.45
   1.101736 |          1        0.36       76.81
    1.12722 |          1        0.36       77.17
   1.141715 |          1        0.36       77.54
    1.16433 |          4        1.45       78.99
   1.167199 |          2        0.72       79.71
   1.181695 |          2        0.72       80.43
   1.184289 |          1        0.36       80.80
   1.204309 |          1        0.36       81.16
   1.207178 |          3        1.09       82.25
    1.25969 |          1        0.36       82.61
   1.264248 |          2        0.72       83.33
   1.304227 |          1        0.36       83.70
   1.304919 |          1        0.36       84.06
   1.342243 |          1        0.36       84.42
   1.385092 |          1        0.36       84.78
   1.407706 |          1        0.36       85.14
   1.442161 |          1        0.36       85.51
   1.467645 |          3        1.09       86.59
   1.482141 |          2        0.72       87.32
   1.524715 |          2        0.72       88.04
   1.604673 |          1        0.36       88.41
   1.682669 |          2        0.72       89.13
   1.685538 |          1        0.36       89.49
   1.742608 |          1        0.36       89.86
   1.765222 |          1        0.36       90.22
   1.768091 |          1        0.36       90.58
   1.805201 |          3        1.09       91.67
   1.905119 |          1        0.36       92.03
   2.083033 |          3        1.09       93.12
   2.105647 |          2        0.72       93.84
   2.108516 |          3        1.09       94.93
   2.165586 |          2        0.72       95.65
   2.205565 |          5        1.81       97.46
   2.506011 |          7        2.54      100.00
------------+-----------------------------------
      Total |        276      100.00

. help ttest

. do "C:\Users\MAXBUR~1\AppData\Local\Temp\STD67bc_000000.tmp"

. set obs `=_N+284'
number of observations (_N) was 276, now 560

. 
end of do-file

. relace treat_tech = 1 if treat_tech == .
command relace is unrecognized
r(199);

. do "C:\Users\MAXBUR~1\AppData\Local\Temp\STD67bc_000000.tmp"

. replace treat_tech = 1 if treat_tech == .
(284 real changes made)

. 
end of do-file

. do "C:\Users\MAXBUR~1\AppData\Local\Temp\STD67bc_000000.tmp"

. set obs `=_N+296'
number of observations (_N) was 560, now 856

. replace treat_tech = 0 if treat_tech == .
(296 real changes made)

. 
end of do-file

. tab treat_tech

  Technological |
  optimism made |
        salient |
   (compared to |
  env. caution) |      Freq.     Percent        Cum.
----------------+-----------------------------------
   Env. caution |        423       49.42       49.42
Techn. optimism |        433       50.58      100.00
----------------+-----------------------------------
          Total |        856      100.00

. do "C:\Users\MAXBUR~1\AppData\Local\Temp\STD67bc_000000.tmp"

. gen attrited = 0

. replace attrited = 1 if tech_ms_1 == . 
(580 real changes made)

. 
end of do-file

. tab attrited treat_tech

           |     Technological
           | optimism made salient
           |   (compared to env.
           |       caution)
  attrited | Env. caut  Techn. op |     Total
-----------+----------------------+----------
         0 |       127        149 |       276 
         1 |       296        284 |       580 
-----------+----------------------+----------
     Total |       423        433 |       856 

. do "C:\Users\MAXBUR~1\AppData\Local\Temp\STD67bc_000000.tmp"

. test attrited, by(treat_tech)
option by() not allowed
r(198);

end of do-file

r(198);

. do "C:\Users\MAXBUR~1\AppData\Local\Temp\STD67bc_000000.tmp"

. ttest attrited, by(treat_tech)

Two-sample t test with equal variances
------------------------------------------------------------------------------
   Group |     Obs        Mean    Std. Err.   Std. Dev.   [95% Conf. Interval]
---------+--------------------------------------------------------------------
Env. cau |     423    .6997636    .0223126    .4589034    .6559058    .7436214
Techn. o |     433    .6558891    .0228572     .475627     .610964    .7008142
---------+--------------------------------------------------------------------
combined |     856    .6775701     .015985    .4676798    .6461957    .7089445
---------+--------------------------------------------------------------------
    diff |            .0438744    .0319556               -.0188462    .1065951
------------------------------------------------------------------------------
    diff = mean(Env. cau) - mean(Techn. o)                        t =   1.3730
Ho: diff = 0                                     degrees of freedom =      854

    Ha: diff < 0                 Ha: diff != 0                 Ha: diff > 0
 Pr(T < t) = 0.9149         Pr(|T| > |t|) = 0.1701          Pr(T > t) = 0.0851

. 
end of do-file

. do "C:\Users\MAXBUR~1\AppData\Local\Temp\STD67bc_000000.tmp"

. gen treat_tech_rev = (treat_tech -1) * (-1)

. iebaltab tech_ms_pca female age edu1 edu2 edu3 edu4 edu5 low_income lower_middl
> e_income upper_middle_income high_income, grpvar(treat_tech_rev) savexlsx("$wor
> king_ANALYSIS/results/tables/balance_treat") replace

    Balance table saved in Excel format to: C:\Users\Max
        Burger\HESSENBOX\2-Projekte (Björn Vollan)\Paper
        SustUse\Donia_Delegates\8_Submission\NSUST\analysis/results/tables/bala
        > nce_treat.xlsx

. 
end of do-file

. help iebaltab

. do "C:\Users\MAXBUR~1\AppData\Local\Temp\STD67bc_000000.tmp"

. gen treat_tech_rev = (treat_tech -1) * (-1)
variable treat_tech_rev already defined
r(110);

end of do-file

r(110);

. do "C:\Users\MAXBUR~1\AppData\Local\Temp\STD67bc_000000.tmp"

. iebaltab tech_ms_pca female age edu1 edu2 edu3 edu4 edu5 low_income lower_middl
> e_income upper_middle_income high_income, stats(desc(desc_stats) pair(pair_stat
> s) f(f_stats) feq(feq_stats)) grpvar(treat_tech_rev) savexlsx("$working_ANALYSI
> S/results/tables/balance_treat") replace

    The name [desc_stats] in [desc(desc_stats)] in [stats(desc(desc_stats)
        pair(pair_stats) f(f_stats) feq(feq_stats))] is not an allowed
        statistics name. Allowed names are [se var sd].
invalid syntax
r(198);

end of do-file

r(198);

. do "C:\Users\MAXBUR~1\AppData\Local\Temp\STD67bc_000000.tmp"

. iebaltab tech_ms_pca female age edu1 edu2 edu3 edu4 edu5 low_income lower_middl
> e_income upper_middle_income high_income, stats(desc(se) pair(diff p) f(f) feq(
> f)) grpvar(treat_tech_rev) savexlsx("$working_ANALYSIS/results/tables/balance_t
> reat") replace

    The [pair(diff p)] in [stats(desc(se) pair(diff p) f(f) feq(f))] is not
        formatted properly. Make sure that each test name is followed by a
        single stat inside a ().
invalid syntax
r(198);

end of do-file

r(198);

. do "C:\Users\MAXBUR~1\AppData\Local\Temp\STD67bc_000000.tmp"

. iebaltab tech_ms_pca female age edu1 edu2 edu3 edu4 edu5 low_income lower_middl
> e_income upper_middle_income high_income, stats(desc(se) pair(p) f(f) feq(f)) g
> rpvar(treat_tech_rev) savexlsx("$working_ANALYSIS/results/tables/balance_treat"
> ) replace

    Warning: A stats perference was specified in [stats(desc(se) pair(p) f(f)
        feq(f))] for F test across all variables, but no such test will be done
        as the option [ftest] for that test was not specified.
    Warning: A stats perference was specified in [stats(desc(se) pair(p) f(f)
        feq(f))] for F test across all groups, but no such test will be done as
        the option [feqtest] for that test was not specified.
    Balance table saved in Excel format to: C:\Users\Max
        Burger\HESSENBOX\2-Projekte (Björn Vollan)\Paper
        SustUse\Donia_Delegates\8_Submission\NSUST\analysis/results/tables/bala
        > nce_treat.xlsx

. 
end of do-file

. do "C:\Users\MAXBUR~1\AppData\Local\Temp\STD67bc_000000.tmp"

. eststo table_13_6: reg ln_price_home_future book1 book3 $info_source $orga cops
> _attended $socioeconomics $countryspecifics treat_tech, vce(robust)

Linear regression                               Number of obs     =        276
                                                F(24, 251)        =       3.01
                                                Prob > F          =     0.0000
                                                R-squared         =     0.1591
                                                Root MSE          =     1.6921

--------------------------------------------------------------------------------
               |               Robust
ln_price_hom~e |      Coef.   Std. Err.      t    P>|t|     [95% Conf. Interval]
---------------+----------------------------------------------------------------
         book1 |   .1626789   .2643224     0.62   0.539    -.3578937    .6832514
         book3 |   .7118898   .2752359     2.59   0.010     .1698237    1.253956
     info_cc_1 |   .1571048   .2859505     0.55   0.583    -.4060634     .720273
     info_cc_2 |  -.0151625   .2236937    -0.07   0.946    -.4557184    .4253934
     info_cc_3 |  -.1652021   .3914296    -0.42   0.673    -.9361072     .605703
     info_cc_4 |   .3535076   .3022161     1.17   0.243    -.2416949    .9487101
     info_cc_5 |  -.4009011   .3370094    -1.19   0.235    -1.064628    .2628255
         orga2 |   -.419795   .3791989    -1.11   0.269    -1.166612    .3270223
         orga3 |  -.2072119   .3488688    -0.59   0.553     -.894295    .4798712
         orga4 |  -.2763798   .3171699    -0.87   0.384    -.9010333    .3482736
 cops_attended |  -.0397717   .0205265    -1.94   0.054    -.0801978    .0006543
        female |  -.1424959    .213226    -0.67   0.505    -.5624359    .2774442
           age |   .0004012   .0111073     0.04   0.971    -.0214742    .0222767
          edu1 |  -.1418238   .2895863    -0.49   0.625    -.7121524    .4285049
          edu3 |   .2243036   .3508223     0.64   0.523    -.4666269    .9152342
          edu4 |   .4329052   .3772913     1.15   0.252    -.3101551    1.175965
          edu5 |  -.1160723     .43541    -0.27   0.790    -.9735949    .7414503
               |
  income_level |
   Low-middle  |  -.4169201   .3874438    -1.08   0.283    -1.179975     .346135
 Upper-middle  |  -.0955001   .4676918    -0.20   0.838    -1.016601    .8256004
         High  |    .294553   .8105222     0.36   0.717    -1.301738    1.890844
               |
        co2_pc |   .0344887   .0538234     0.64   0.522    -.0715143    .1404916
    ln_science |    .054682   .0698994     0.78   0.435     -.082982    .1923461
freedom_hous~x |   .0025084   .0065941     0.38   0.704    -.0104784    .0154951
    treat_tech |    .192313   .2568363     0.75   0.455     -.313516    .6981419
         _cons |   3.481253   .8041956     4.33   0.000     1.897422    5.065085
--------------------------------------------------------------------------------

. 
end of do-file

. do "C:\Users\MAXBUR~1\AppData\Local\Temp\STD67bc_000000.tmp"

. ereturn list

scalars:
               e(rank) =  25
               e(ll_0) =  -547.6165038877242
                 e(ll) =  -523.6978673607804
               e(r2_a) =  .0787329190194866
                e(rss) =  718.694147763212
                e(mss) =  136.0133775223258
               e(rmse) =  1.692135720875073
                 e(r2) =  .1591344097232406
                  e(F) =  3.006545401434586
               e(df_r) =  251
               e(df_m) =  24
                  e(N) =  276

macros:
            e(cmdline) : "regress ln_price_home_future book1 book3 info_cc_1 .."
              e(title) : "Linear regression"
          e(marginsok) : "XB default"
                e(vce) : "robust"
             e(depvar) : "ln_price_home_future"
                e(cmd) : "regress"
         e(properties) : "b V"
            e(predict) : "regres_p"
              e(model) : "ols"
          e(estat_cmd) : "regress_estat"
            e(vcetype) : "Robust"

matrices:
                  e(b) :  1 x 26
                  e(V) :  26 x 26
       e(V_modelbased) :  26 x 26

functions:
             e(sample)   

. 
end of do-file

. do "C:\Users\MAXBUR~1\AppData\Local\Temp\STD67bc_000000.tmp"

. 
. // S4.5: Use books as explanatory variables / measures for mindset
. *Table S13: Using the book recommendation as alternative explanatory variables 
. 
. ** DV: Global carbon price suggested below USD60
. probit price_below temp_rise book1 book3 $info_source $orga cops_attended $soci
> oeconomics $countryspecifics treat_tech, vce(robust) 

Iteration 0:   log pseudolikelihood = -190.08217  
Iteration 1:   log pseudolikelihood = -147.35134  
Iteration 2:   log pseudolikelihood = -146.92208  
Iteration 3:   log pseudolikelihood = -146.92173  
Iteration 4:   log pseudolikelihood = -146.92173  

Probit regression                               Number of obs     =        276
                                                Wald chi2(25)     =      73.27
                                                Prob > chi2       =     0.0000
Log pseudolikelihood = -146.92173               Pseudo R2         =     0.2271

--------------------------------------------------------------------------------
               |               Robust
   price_below |      Coef.   Std. Err.      z    P>|z|     [95% Conf. Interval]
---------------+----------------------------------------------------------------
     temp_rise |  -.0140221   .0993408    -0.14   0.888    -.2087264    .1806822
         book1 |  -.2705001   .2122317    -1.27   0.202    -.6864665    .1454664
         book3 |  -.7482959   .2218313    -3.37   0.001    -1.183077   -.3135145
     info_cc_1 |   .0131852    .217171     0.06   0.952    -.4124622    .4388326
     info_cc_2 |  -.0972198   .1873655    -0.52   0.604    -.4644495    .2700099
     info_cc_3 |  -.2256507   .2697791    -0.84   0.403    -.7544079    .3031066
     info_cc_4 |  -.0708825   .2449687    -0.29   0.772    -.5510123    .4092474
     info_cc_5 |  -.1392955   .2839307    -0.49   0.624    -.6957894    .4171984
         orga2 |   .2674408   .3094079     0.86   0.387    -.3389876    .8738692
         orga3 |   .1555521   .3036816     0.51   0.608    -.4396528    .7507571
         orga4 |   .1608412   .2376887     0.68   0.499    -.3050202    .6267026
 cops_attended |   .0395398    .016326     2.42   0.015     .0075414    .0715382
        female |  -.0075415   .1851981    -0.04   0.968     -.370523    .3554401
           age |   .0055717   .0089635     0.62   0.534    -.0119963    .0231398
          edu1 |  -.2537165   .2266314    -1.12   0.263    -.6979059     .190473
          edu3 |  -.3722317   .2769416    -1.34   0.179    -.9150272    .1705637
          edu4 |  -.8182261   .3365043    -2.43   0.015    -1.477762   -.1586898
          edu5 |  -.1117135   .3389124    -0.33   0.742    -.7759697    .5525427
               |
  income_level |
   Low-middle  |   .0063896   .2652021     0.02   0.981    -.5133969    .5261762
 Upper-middle  |   .0671368   .3548064     0.19   0.850     -.628271    .7625446
         High  |  -1.555392   .5815071    -2.67   0.007    -2.695125   -.4156594
               |
        co2_pc |   .0847332   .0464034     1.83   0.068    -.0062157    .1756822
    ln_science |   .0166738   .0467166     0.36   0.721    -.0748889    .1082366
freedom_hous~x |  -.0047568   .0046841    -1.02   0.310    -.0139374    .0044239
    treat_tech |  -.3840692    .201519    -1.91   0.057    -.7790391    .0109008
         _cons |   1.097642   .6640467     1.65   0.098    -.2038656     2.39915
--------------------------------------------------------------------------------

. margins, dydx(*)

Average marginal effects                        Number of obs     =        276
Model VCE    : Robust

Expression   : Pr(price_below), predict()
dy/dx w.r.t. : temp_rise book1 book3 info_cc_1 info_cc_2 info_cc_3 info_cc_4
               info_cc_5 orga2 orga3 orga4 cops_attended female age edu1 edu3
               edu4 edu5 2.income_level 3.income_level 4.income_level co2_pc
               ln_science freedom_house_index treat_tech

--------------------------------------------------------------------------------
               |            Delta-method
               |      dy/dx   Std. Err.      z    P>|z|     [95% Conf. Interval]
---------------+----------------------------------------------------------------
     temp_rise |  -.0042143   .0298372    -0.14   0.888    -.0626942    .0542655
         book1 |  -.0812986    .063509    -1.28   0.201    -.2057739    .0431767
         book3 |  -.2248997   .0636037    -3.54   0.000    -.3495607   -.1002388
     info_cc_1 |   .0039628   .0652654     0.06   0.952    -.1239551    .1318807
     info_cc_2 |  -.0292193   .0561526    -0.52   0.603    -.1392764    .0808377
     info_cc_3 |  -.0678191   .0806124    -0.84   0.400    -.2258166    .0901783
     info_cc_4 |  -.0213037   .0735732    -0.29   0.772    -.1655044    .1228971
     info_cc_5 |  -.0418652   .0853209    -0.49   0.624    -.2090911    .1253608
         orga2 |   .0803791    .092331     0.87   0.384    -.1005863    .2613445
         orga3 |   .0467511    .091077     0.51   0.608    -.1317565    .2252587
         orga4 |   .0483407   .0712402     0.68   0.497    -.0912875    .1879689
 cops_attended |   .0118836    .004784     2.48   0.013     .0025072    .0212601
        female |  -.0022666   .0556634    -0.04   0.968    -.1113649    .1068317
           age |   .0016746   .0026918     0.62   0.534    -.0036013    .0069505
          edu1 |  -.0762543   .0674973    -1.13   0.259    -.2085466    .0560381
          edu3 |   -.111874   .0824233    -1.36   0.175    -.2734206    .0496727
          edu4 |  -.2459172   .0988341    -2.49   0.013    -.4396286   -.0522059
          edu5 |  -.0335754   .1019505    -0.33   0.742    -.2333948     .166244
               |
  income_level |
   Low-middle  |   .0020163   .0837576     0.02   0.981    -.1621456    .1661781
 Upper-middle  |   .0209542   .1112217     0.19   0.851    -.1970364    .2389448
         High  |  -.4807424   .1457296    -3.30   0.001    -.7663672   -.1951177
               |
        co2_pc |   .0254665   .0137116     1.86   0.063    -.0014077    .0523407
    ln_science |   .0050113   .0140394     0.36   0.721    -.0225055    .0325281
freedom_hous~x |  -.0014296   .0013993    -1.02   0.307    -.0041723     .001313
    treat_tech |  -.1154317   .0594933    -1.94   0.052    -.2320364     .001173
--------------------------------------------------------------------------------
Note: dy/dx for factor levels is the discrete change from the base level.

. local r2_p = e(r2_p)

. eststo table_13_1: margins, dydx(*) post

Average marginal effects                        Number of obs     =        276
Model VCE    : Robust

Expression   : Pr(price_below), predict()
dy/dx w.r.t. : temp_rise book1 book3 info_cc_1 info_cc_2 info_cc_3 info_cc_4
               info_cc_5 orga2 orga3 orga4 cops_attended female age edu1 edu3
               edu4 edu5 2.income_level 3.income_level 4.income_level co2_pc
               ln_science freedom_house_index treat_tech

--------------------------------------------------------------------------------
               |            Delta-method
               |      dy/dx   Std. Err.      z    P>|z|     [95% Conf. Interval]
---------------+----------------------------------------------------------------
     temp_rise |  -.0042143   .0298372    -0.14   0.888    -.0626942    .0542655
         book1 |  -.0812986    .063509    -1.28   0.201    -.2057739    .0431767
         book3 |  -.2248997   .0636037    -3.54   0.000    -.3495607   -.1002388
     info_cc_1 |   .0039628   .0652654     0.06   0.952    -.1239551    .1318807
     info_cc_2 |  -.0292193   .0561526    -0.52   0.603    -.1392764    .0808377
     info_cc_3 |  -.0678191   .0806124    -0.84   0.400    -.2258166    .0901783
     info_cc_4 |  -.0213037   .0735732    -0.29   0.772    -.1655044    .1228971
     info_cc_5 |  -.0418652   .0853209    -0.49   0.624    -.2090911    .1253608
         orga2 |   .0803791    .092331     0.87   0.384    -.1005863    .2613445
         orga3 |   .0467511    .091077     0.51   0.608    -.1317565    .2252587
         orga4 |   .0483407   .0712402     0.68   0.497    -.0912875    .1879689
 cops_attended |   .0118836    .004784     2.48   0.013     .0025072    .0212601
        female |  -.0022666   .0556634    -0.04   0.968    -.1113649    .1068317
           age |   .0016746   .0026918     0.62   0.534    -.0036013    .0069505
          edu1 |  -.0762543   .0674973    -1.13   0.259    -.2085466    .0560381
          edu3 |   -.111874   .0824233    -1.36   0.175    -.2734206    .0496727
          edu4 |  -.2459172   .0988341    -2.49   0.013    -.4396286   -.0522059
          edu5 |  -.0335754   .1019505    -0.33   0.742    -.2333948     .166244
               |
  income_level |
   Low-middle  |   .0020163   .0837576     0.02   0.981    -.1621456    .1661781
 Upper-middle  |   .0209542   .1112217     0.19   0.851    -.1970364    .2389448
         High  |  -.4807424   .1457296    -3.30   0.001    -.7663672   -.1951177
               |
        co2_pc |   .0254665   .0137116     1.86   0.063    -.0014077    .0523407
    ln_science |   .0050113   .0140394     0.36   0.721    -.0225055    .0325281
freedom_hous~x |  -.0014296   .0013993    -1.02   0.307    -.0041723     .001313
    treat_tech |  -.1154317   .0594933    -1.94   0.052    -.2320364     .001173
--------------------------------------------------------------------------------
Note: dy/dx for factor levels is the discrete change from the base level.

. estadd scalar r2_p = `r2_p'

added scalar:
               e(r2_p) =  .22706198

. 
. ** DV: Log global carbon price
. eststo table_13_2: reg ln_carbon_price temp_rise book1 book3 $info_source $orga
>  cops_attended $socioeconomics $countryspecifics treat_tech, vce(robust) 

Linear regression                               Number of obs     =        276
                                                F(25, 250)        =       3.66
                                                Prob > F          =     0.0000
                                                R-squared         =     0.1710
                                                Root MSE          =     1.5731

--------------------------------------------------------------------------------
               |               Robust
ln_carbon_pr~e |      Coef.   Std. Err.      t    P>|t|     [95% Conf. Interval]
---------------+----------------------------------------------------------------
     temp_rise |  -.0097446   .1283216    -0.08   0.940    -.2624737    .2429845
         book1 |   .1811356   .2457226     0.74   0.462    -.3028146    .6650859
         book3 |   .6825478   .2453254     2.78   0.006     .1993799    1.165716
     info_cc_1 |  -.0540597   .2736259    -0.20   0.844    -.5929656    .4848461
     info_cc_2 |  -.0941206   .2144959    -0.44   0.661    -.5165699    .3283287
     info_cc_3 |   .3924632   .3588785     1.09   0.275    -.3143473    1.099274
     info_cc_4 |   .0307146   .2909281     0.11   0.916    -.5422678    .6036969
     info_cc_5 |    .012496   .3226402     0.04   0.969    -.6229433    .6479354
         orga2 |   -.056019   .3109028    -0.18   0.857    -.6683416    .5563036
         orga3 |   .0891219   .3900349     0.23   0.819    -.6790512     .857295
         orga4 |   .0200661   .2690408     0.07   0.941    -.5098093    .5499415
 cops_attended |  -.0392775   .0173174    -2.27   0.024     -.073384    -.005171
        female |   .2090228   .1900157     1.10   0.272    -.1652128    .5832585
           age |  -.0035542   .0093026    -0.38   0.703    -.0218756    .0147672
          edu1 |   .0053092    .277516     0.02   0.985    -.5412582    .5518766
          edu3 |    .469319   .3436263     1.37   0.173    -.2074525    1.146091
          edu4 |   .2904822   .3812779     0.76   0.447    -.4604439    1.041408
          edu5 |   .0913787   .3810283     0.24   0.811    -.6590559    .8418132
               |
  income_level |
   Low-middle  |  -.1273391   .3749801    -0.34   0.734    -.8658617    .6111835
 Upper-middle  |   .1559395   .4279458     0.36   0.716     -.686899     .998778
         High  |   1.222006   .6104903     2.00   0.046     .0196466    2.424366
               |
        co2_pc |  -.0347812   .0358568    -0.97   0.333    -.1054011    .0358387
    ln_science |  -.0418556   .0537578    -0.78   0.437    -.1477316    .0640204
freedom_hous~x |   .0013852   .0056451     0.25   0.806    -.0097329    .0125032
    treat_tech |   .1815868   .2301463     0.79   0.431    -.2716861    .6348596
         _cons |   3.519432    .694459     5.07   0.000     2.151696    4.887168
--------------------------------------------------------------------------------

. 
. ** DV: National carbon price now suggested below USD60
. probit price_below_home_now book1 book3 $info_source $orga cops_attended $socio
> economics $countryspecifics treat_tech, vce(robust)

Iteration 0:   log pseudolikelihood = -165.25312  
Iteration 1:   log pseudolikelihood = -137.71907  
Iteration 2:   log pseudolikelihood = -137.46402  
Iteration 3:   log pseudolikelihood = -137.46372  
Iteration 4:   log pseudolikelihood = -137.46372  

Probit regression                               Number of obs     =        276
                                                Wald chi2(24)     =      62.65
                                                Prob > chi2       =     0.0000
Log pseudolikelihood = -137.46372               Pseudo R2         =     0.1682

--------------------------------------------------------------------------------
               |               Robust
price_below_~w |      Coef.   Std. Err.      z    P>|z|     [95% Conf. Interval]
---------------+----------------------------------------------------------------
         book1 |  -.3445001   .2249422    -1.53   0.126    -.7853787    .0963785
         book3 |  -.5402176   .2370294    -2.28   0.023    -1.004787   -.0756486
     info_cc_1 |   .0990519    .218075     0.45   0.650    -.3283673    .5264711
     info_cc_2 |  -.0689799   .1900345    -0.36   0.717    -.4414406    .3034809
     info_cc_3 |   .2071772   .2829473     0.73   0.464    -.3473892    .7617437
     info_cc_4 |  -.1498299   .2527879    -0.59   0.553    -.6452851    .3456253
     info_cc_5 |  -.0156465   .2989897    -0.05   0.958    -.6016556    .5703627
         orga2 |   .1363673    .316765     0.43   0.667    -.4844806    .7572152
         orga3 |   .1621504   .3109068     0.52   0.602    -.4472158    .7715166
         orga4 |   .2402922   .2568745     0.94   0.350    -.2631726    .7437569
 cops_attended |   .0306466   .0170892     1.79   0.073    -.0028477    .0641409
        female |  -.0283216   .1815772    -0.16   0.876    -.3842065    .3275632
           age |   .0142283   .0089328     1.59   0.111    -.0032797    .0317363
          edu1 |   .2213365   .2317512     0.96   0.340    -.2328875    .6755604
          edu3 |   .1503999   .2809652     0.54   0.592    -.4002817    .7010815
          edu4 |  -.3196286   .3213445    -0.99   0.320    -.9494523    .3101951
          edu5 |   .5330845   .4075372     1.31   0.191    -.2656737    1.331843
               |
  income_level |
   Low-middle  |   .3834909    .282612     1.36   0.175    -.1704183    .9374002
 Upper-middle  |   .6097488   .4052958     1.50   0.132    -.1846163    1.404114
         High  |  -.2843356   .5998671    -0.47   0.636    -1.460054    .8913823
               |
        co2_pc |  -.0053811   .0431537    -0.12   0.901    -.0899608    .0791986
    ln_science |  -.0251247   .0522558    -0.48   0.631    -.1275442    .0772947
freedom_hous~x |  -.0057131   .0053326    -1.07   0.284    -.0161648    .0047386
    treat_tech |  -.2497835   .2116294    -1.18   0.238    -.6645696    .1650026
         _cons |   .3230186   .6740002     0.48   0.632    -.9979976    1.644035
--------------------------------------------------------------------------------

. margins, dydx(*)

Average marginal effects                        Number of obs     =        276
Model VCE    : Robust

Expression   : Pr(price_below_home_now), predict()
dy/dx w.r.t. : book1 book3 info_cc_1 info_cc_2 info_cc_3 info_cc_4 info_cc_5
               orga2 orga3 orga4 cops_attended female age edu1 edu3 edu4 edu5
               2.income_level 3.income_level 4.income_level co2_pc ln_science
               freedom_house_index treat_tech

--------------------------------------------------------------------------------
               |            Delta-method
               |      dy/dx   Std. Err.      z    P>|z|     [95% Conf. Interval]
---------------+----------------------------------------------------------------
         book1 |  -.0965681   .0622826    -1.55   0.121    -.2186397    .0255035
         book3 |  -.1514303   .0647505    -2.34   0.019    -.2783391   -.0245216
     info_cc_1 |   .0277656   .0612393     0.45   0.650    -.0922612    .1477924
     info_cc_2 |   -.019336   .0532036    -0.36   0.716    -.1236131    .0849411
     info_cc_3 |   .0580746   .0792751     0.73   0.464    -.0973018     .213451
     info_cc_4 |  -.0419994   .0706899    -0.59   0.552    -.1805491    .0965504
     info_cc_5 |  -.0043859   .0838223    -0.05   0.958    -.1686746    .1599028
         orga2 |   .0382256   .0885317     0.43   0.666    -.1352933    .2117445
         orga3 |    .045453   .0870733     0.52   0.602    -.1252075    .2161135
         orga4 |   .0673572   .0718883     0.94   0.349    -.0735413    .2082556
 cops_attended |   .0085907   .0048512     1.77   0.077    -.0009175    .0180988
        female |  -.0079389    .050914    -0.16   0.876    -.1077286    .0918507
           age |   .0039884   .0024714     1.61   0.107    -.0008555    .0088323
          edu1 |   .0620436    .064759     0.96   0.338    -.0648816    .1889689
          edu3 |   .0421591   .0786976     0.54   0.592    -.1120853    .1964036
          edu4 |  -.0895963   .0898881    -1.00   0.319    -.2657736    .0865811
          edu5 |   .1494309   .1129479     1.32   0.186     -.071943    .3708047
               |
  income_level |
   Low-middle  |   .1155496   .0894416     1.29   0.196    -.0597526    .2908519
 Upper-middle  |   .1714117    .115533     1.48   0.138    -.0550289    .3978523
         High  |  -.0980554   .2102178    -0.47   0.641    -.5100748    .3139639
               |
        co2_pc |  -.0015084   .0120922    -0.12   0.901    -.0252086    .0221918
    ln_science |  -.0070428   .0145736    -0.48   0.629    -.0356066    .0215209
freedom_hous~x |  -.0016015   .0014774    -1.08   0.278    -.0044971    .0012941
    treat_tech |  -.0700177   .0589396    -1.19   0.235    -.1855373    .0455018
--------------------------------------------------------------------------------
Note: dy/dx for factor levels is the discrete change from the base level.

. local r2_p = e(r2_p)

. eststo table_13_3: margins, dydx(*) post

Average marginal effects                        Number of obs     =        276
Model VCE    : Robust

Expression   : Pr(price_below_home_now), predict()
dy/dx w.r.t. : book1 book3 info_cc_1 info_cc_2 info_cc_3 info_cc_4 info_cc_5
               orga2 orga3 orga4 cops_attended female age edu1 edu3 edu4 edu5
               2.income_level 3.income_level 4.income_level co2_pc ln_science
               freedom_house_index treat_tech

--------------------------------------------------------------------------------
               |            Delta-method
               |      dy/dx   Std. Err.      z    P>|z|     [95% Conf. Interval]
---------------+----------------------------------------------------------------
         book1 |  -.0965681   .0622826    -1.55   0.121    -.2186397    .0255035
         book3 |  -.1514303   .0647505    -2.34   0.019    -.2783391   -.0245216
     info_cc_1 |   .0277656   .0612393     0.45   0.650    -.0922612    .1477924
     info_cc_2 |   -.019336   .0532036    -0.36   0.716    -.1236131    .0849411
     info_cc_3 |   .0580746   .0792751     0.73   0.464    -.0973018     .213451
     info_cc_4 |  -.0419994   .0706899    -0.59   0.552    -.1805491    .0965504
     info_cc_5 |  -.0043859   .0838223    -0.05   0.958    -.1686746    .1599028
         orga2 |   .0382256   .0885317     0.43   0.666    -.1352933    .2117445
         orga3 |    .045453   .0870733     0.52   0.602    -.1252075    .2161135
         orga4 |   .0673572   .0718883     0.94   0.349    -.0735413    .2082556
 cops_attended |   .0085907   .0048512     1.77   0.077    -.0009175    .0180988
        female |  -.0079389    .050914    -0.16   0.876    -.1077286    .0918507
           age |   .0039884   .0024714     1.61   0.107    -.0008555    .0088323
          edu1 |   .0620436    .064759     0.96   0.338    -.0648816    .1889689
          edu3 |   .0421591   .0786976     0.54   0.592    -.1120853    .1964036
          edu4 |  -.0895963   .0898881    -1.00   0.319    -.2657736    .0865811
          edu5 |   .1494309   .1129479     1.32   0.186     -.071943    .3708047
               |
  income_level |
   Low-middle  |   .1155496   .0894416     1.29   0.196    -.0597526    .2908519
 Upper-middle  |   .1714117    .115533     1.48   0.138    -.0550289    .3978523
         High  |  -.0980554   .2102178    -0.47   0.641    -.5100748    .3139639
               |
        co2_pc |  -.0015084   .0120922    -0.12   0.901    -.0252086    .0221918
    ln_science |  -.0070428   .0145736    -0.48   0.629    -.0356066    .0215209
freedom_hous~x |  -.0016015   .0014774    -1.08   0.278    -.0044971    .0012941
    treat_tech |  -.0700177   .0589396    -1.19   0.235    -.1855373    .0455018
--------------------------------------------------------------------------------
Note: dy/dx for factor levels is the discrete change from the base level.

. estadd scalar r2_p = `r2_p'

added scalar:
               e(r2_p) =  .16816265

. 
. ** DV: Log global carbon price
. eststo table_13_4: reg ln_price_home_now book1 book3 $info_source $orga cops_at
> tended $socioeconomics $countryspecifics treat_tech, vce(robust)

Linear regression                               Number of obs     =        276
                                                F(24, 251)        =       4.03
                                                Prob > F          =     0.0000
                                                R-squared         =     0.1776
                                                Root MSE          =     1.5731

--------------------------------------------------------------------------------
               |               Robust
ln_price_hom~w |      Coef.   Std. Err.      t    P>|t|     [95% Conf. Interval]
---------------+----------------------------------------------------------------
         book1 |   .0354382   .2414083     0.15   0.883    -.4400059    .5108823
         book3 |   .4772165   .2490496     1.92   0.056    -.0132767    .9677098
     info_cc_1 |   .0365024   .2776726     0.13   0.896    -.5103628    .5833676
     info_cc_2 |   .1130039   .2073802     0.54   0.586    -.2954231     .521431
     info_cc_3 |  -.1191005   .3377183    -0.35   0.725    -.7842233    .5460222
     info_cc_4 |   .1483043   .2794168     0.53   0.596     -.401996    .6986046
     info_cc_5 |  -.3618068   .3108356    -1.16   0.246    -.9739851    .2503716
         orga2 |   -.044117   .3410388    -0.13   0.897    -.7157793    .6275454
         orga3 |   .0712475   .3410475     0.21   0.835     -.600432     .742927
         orga4 |  -.3262299   .2599113    -1.26   0.211    -.8381148    .1856551
 cops_attended |  -.0445923   .0172015    -2.59   0.010      -.07847   -.0107145
        female |  -.0958224     .19589    -0.49   0.625    -.4816201    .2899752
           age |  -.0051644   .0097943    -0.53   0.598    -.0244538     .014125
          edu1 |  -.2014847   .2933402    -0.69   0.493    -.7792065    .3762372
          edu3 |   .1270977   .3405759     0.37   0.709     -.543653    .7978483
          edu4 |     .49737   .3552731     1.40   0.163    -.2023263    1.197066
          edu5 |  -.2441161   .4894817    -0.50   0.618    -1.208131    .7198986
               |
  income_level |
   Low-middle  |  -.4187446   .3698221    -1.13   0.259    -1.147095    .3096054
 Upper-middle  |  -.3292125   .4756905    -0.69   0.490    -1.266066    .6076409
         High  |   .3440253   .7727073     0.45   0.657    -1.177791    1.865842
               |
        co2_pc |   -.012488   .0443076    -0.28   0.778      -.09975     .074774
    ln_science |   .0750993   .0659155     1.14   0.256    -.0547186    .2049172
freedom_hous~x |   .0050976   .0066394     0.77   0.443    -.0079784    .0181735
    treat_tech |   .3630376   .2395965     1.52   0.131    -.1088381    .8349133
         _cons |   3.058426   .8035275     3.81   0.000     1.475911    4.640942
--------------------------------------------------------------------------------

. 
. ** DV: National carbon price now suggested below USD60
. probit price_below_home_future book1 book3 $info_source $orga cops_attended $so
> cioeconomics $countryspecifics treat_tech, vce(robust)

Iteration 0:   log pseudolikelihood = -190.08217  
Iteration 1:   log pseudolikelihood = -162.19313  
Iteration 2:   log pseudolikelihood = -162.07307  
Iteration 3:   log pseudolikelihood = -162.07302  
Iteration 4:   log pseudolikelihood = -162.07302  

Probit regression                               Number of obs     =        276
                                                Wald chi2(24)     =      55.56
                                                Prob > chi2       =     0.0003
Log pseudolikelihood = -162.07302               Pseudo R2         =     0.1474

--------------------------------------------------------------------------------
               |               Robust
price_below_~e |      Coef.   Std. Err.      z    P>|z|     [95% Conf. Interval]
---------------+----------------------------------------------------------------
         book1 |  -.2352365   .2043353    -1.15   0.250    -.6357264    .1652534
         book3 |  -.5042833   .2150908    -2.34   0.019    -.9258536    -.082713
     info_cc_1 |    .048761   .2079348     0.23   0.815    -.3587838    .4563057
     info_cc_2 |  -.0559731   .1786052    -0.31   0.754    -.4060329    .2940867
     info_cc_3 |   .1427771   .2580195     0.55   0.580    -.3629318     .648486
     info_cc_4 |  -.2877741   .2446171    -1.18   0.239    -.7672148    .1916665
     info_cc_5 |   .0670356   .2745012     0.24   0.807    -.4709768    .6050481
         orga2 |   .2908666    .273174     1.06   0.287    -.2445446    .8262777
         orga3 |   .0005024   .2983151     0.00   0.999    -.5841844    .5851891
         orga4 |    .131859   .2503776     0.53   0.598     -.358872      .62259
 cops_attended |   .0451377   .0162197     2.78   0.005     .0133477    .0769277
        female |   .1290145   .1794664     0.72   0.472    -.2227333    .4807622
           age |   .0010522   .0084389     0.12   0.901    -.0154878    .0175922
          edu1 |   .1133597   .2220306     0.51   0.610    -.3218122    .5485317
          edu3 |  -.0224915   .2740904    -0.08   0.935    -.5596988    .5147159
          edu4 |  -.3452719   .3244966    -1.06   0.287    -.9812735    .2907297
          edu5 |   .2084195   .3310287     0.63   0.529    -.4403848    .8572238
               |
  income_level |
   Low-middle  |   .1066344   .2658992     0.40   0.688    -.4145185    .6277873
 Upper-middle  |   .0785177   .3396857     0.23   0.817    -.5872541    .7442894
         High  |  -.9043161   .5543931    -1.63   0.103    -1.990907    .1822744
               |
        co2_pc |  -.0051471    .042637    -0.12   0.904    -.0887141    .0784198
    ln_science |  -.0311178   .0456746    -0.68   0.496    -.1206385    .0584028
freedom_hous~x |  -.0012225    .004674    -0.26   0.794    -.0103833    .0079384
    treat_tech |  -.1571071   .1922428    -0.82   0.414    -.5338961    .2196819
         _cons |   .5426452   .6196826     0.88   0.381    -.6719105    1.757201
--------------------------------------------------------------------------------

. margins, dydx(*)

Average marginal effects                        Number of obs     =        276
Model VCE    : Robust

Expression   : Pr(price_below_home_future), predict()
dy/dx w.r.t. : book1 book3 info_cc_1 info_cc_2 info_cc_3 info_cc_4 info_cc_5
               orga2 orga3 orga4 cops_attended female age edu1 edu3 edu4 edu5
               2.income_level 3.income_level 4.income_level co2_pc ln_science
               freedom_house_index treat_tech

--------------------------------------------------------------------------------
               |            Delta-method
               |      dy/dx   Std. Err.      z    P>|z|     [95% Conf. Interval]
---------------+----------------------------------------------------------------
         book1 |  -.0783303   .0675012    -1.16   0.246    -.2106303    .0539696
         book3 |   -.167919   .0696947    -2.41   0.016    -.3045182   -.0313199
     info_cc_1 |   .0162367   .0692504     0.23   0.815    -.1194915    .1519649
     info_cc_2 |  -.0186382   .0594056    -0.31   0.754    -.1350711    .0977947
     info_cc_3 |   .0475427   .0858165     0.55   0.580    -.1206546      .21574
     info_cc_4 |  -.0958246   .0807415    -1.19   0.235    -.2540751    .0624258
     info_cc_5 |   .0223219   .0913469     0.24   0.807    -.1567147    .2013585
         orga2 |   .0968543   .0904365     1.07   0.284    -.0803979    .2741066
         orga3 |   .0001673   .0993346     0.00   0.999    -.1945249    .1948595
         orga4 |   .0439071   .0833325     0.53   0.598    -.1194216    .2072359
 cops_attended |   .0150302   .0052632     2.86   0.004     .0047146    .0253458
        female |   .0429599   .0595001     0.72   0.470    -.0736581     .159578
           age |   .0003504   .0028097     0.12   0.901    -.0051566    .0058573
          edu1 |   .0377471   .0738574     0.51   0.609    -.1070106    .1825049
          edu3 |  -.0074893   .0912679    -0.08   0.935     -.186371    .1713924
          edu4 |  -.1149705   .1078666    -1.07   0.286    -.3263851    .0964441
          edu5 |   .0694007   .1100266     0.63   0.528    -.1462474    .2850488
               |
  income_level |
   Low-middle  |   .0377366   .0948575     0.40   0.691    -.1481807     .223654
 Upper-middle  |   .0279015    .120957     0.23   0.818    -.2091699    .2649728
         High  |  -.3221648   .1885519    -1.71   0.088    -.6917197    .0473901
               |
        co2_pc |  -.0017139   .0141984    -0.12   0.904    -.0295423    .0261144
    ln_science |  -.0103618   .0151649    -0.68   0.494    -.0400845    .0193609
freedom_hous~x |  -.0004071   .0015567    -0.26   0.794    -.0034582    .0026441
    treat_tech |  -.0523144   .0637745    -0.82   0.412    -.1773102    .0726814
--------------------------------------------------------------------------------
Note: dy/dx for factor levels is the discrete change from the base level.

. local r2_p = e(r2_p)

. eststo table_13_5: margins, dydx(*) post

Average marginal effects                        Number of obs     =        276
Model VCE    : Robust

Expression   : Pr(price_below_home_future), predict()
dy/dx w.r.t. : book1 book3 info_cc_1 info_cc_2 info_cc_3 info_cc_4 info_cc_5
               orga2 orga3 orga4 cops_attended female age edu1 edu3 edu4 edu5
               2.income_level 3.income_level 4.income_level co2_pc ln_science
               freedom_house_index treat_tech

--------------------------------------------------------------------------------
               |            Delta-method
               |      dy/dx   Std. Err.      z    P>|z|     [95% Conf. Interval]
---------------+----------------------------------------------------------------
         book1 |  -.0783303   .0675012    -1.16   0.246    -.2106303    .0539696
         book3 |   -.167919   .0696947    -2.41   0.016    -.3045182   -.0313199
     info_cc_1 |   .0162367   .0692504     0.23   0.815    -.1194915    .1519649
     info_cc_2 |  -.0186382   .0594056    -0.31   0.754    -.1350711    .0977947
     info_cc_3 |   .0475427   .0858165     0.55   0.580    -.1206546      .21574
     info_cc_4 |  -.0958246   .0807415    -1.19   0.235    -.2540751    .0624258
     info_cc_5 |   .0223219   .0913469     0.24   0.807    -.1567147    .2013585
         orga2 |   .0968543   .0904365     1.07   0.284    -.0803979    .2741066
         orga3 |   .0001673   .0993346     0.00   0.999    -.1945249    .1948595
         orga4 |   .0439071   .0833325     0.53   0.598    -.1194216    .2072359
 cops_attended |   .0150302   .0052632     2.86   0.004     .0047146    .0253458
        female |   .0429599   .0595001     0.72   0.470    -.0736581     .159578
           age |   .0003504   .0028097     0.12   0.901    -.0051566    .0058573
          edu1 |   .0377471   .0738574     0.51   0.609    -.1070106    .1825049
          edu3 |  -.0074893   .0912679    -0.08   0.935     -.186371    .1713924
          edu4 |  -.1149705   .1078666    -1.07   0.286    -.3263851    .0964441
          edu5 |   .0694007   .1100266     0.63   0.528    -.1462474    .2850488
               |
  income_level |
   Low-middle  |   .0377366   .0948575     0.40   0.691    -.1481807     .223654
 Upper-middle  |   .0279015    .120957     0.23   0.818    -.2091699    .2649728
         High  |  -.3221648   .1885519    -1.71   0.088    -.6917197    .0473901
               |
        co2_pc |  -.0017139   .0141984    -0.12   0.904    -.0295423    .0261144
    ln_science |  -.0103618   .0151649    -0.68   0.494    -.0400845    .0193609
freedom_hous~x |  -.0004071   .0015567    -0.26   0.794    -.0034582    .0026441
    treat_tech |  -.0523144   .0637745    -0.82   0.412    -.1773102    .0726814
--------------------------------------------------------------------------------
Note: dy/dx for factor levels is the discrete change from the base level.

. estadd scalar r2_p = `r2_p'

added scalar:
               e(r2_p) =  .14735284

. 
. ** DV: Log global carbon price
. eststo table_13_6: reg ln_price_home_future book1 book3 $info_source $orga cops
> _attended $socioeconomics $countryspecifics treat_tech, vce(robust)

Linear regression                               Number of obs     =        276
                                                F(24, 251)        =       3.01
                                                Prob > F          =     0.0000
                                                R-squared         =     0.1591
                                                Root MSE          =     1.6921

--------------------------------------------------------------------------------
               |               Robust
ln_price_hom~e |      Coef.   Std. Err.      t    P>|t|     [95% Conf. Interval]
---------------+----------------------------------------------------------------
         book1 |   .1626789   .2643224     0.62   0.539    -.3578937    .6832514
         book3 |   .7118898   .2752359     2.59   0.010     .1698237    1.253956
     info_cc_1 |   .1571048   .2859505     0.55   0.583    -.4060634     .720273
     info_cc_2 |  -.0151625   .2236937    -0.07   0.946    -.4557184    .4253934
     info_cc_3 |  -.1652021   .3914296    -0.42   0.673    -.9361072     .605703
     info_cc_4 |   .3535076   .3022161     1.17   0.243    -.2416949    .9487101
     info_cc_5 |  -.4009011   .3370094    -1.19   0.235    -1.064628    .2628255
         orga2 |   -.419795   .3791989    -1.11   0.269    -1.166612    .3270223
         orga3 |  -.2072119   .3488688    -0.59   0.553     -.894295    .4798712
         orga4 |  -.2763798   .3171699    -0.87   0.384    -.9010333    .3482736
 cops_attended |  -.0397717   .0205265    -1.94   0.054    -.0801978    .0006543
        female |  -.1424959    .213226    -0.67   0.505    -.5624359    .2774442
           age |   .0004012   .0111073     0.04   0.971    -.0214742    .0222767
          edu1 |  -.1418238   .2895863    -0.49   0.625    -.7121524    .4285049
          edu3 |   .2243036   .3508223     0.64   0.523    -.4666269    .9152342
          edu4 |   .4329052   .3772913     1.15   0.252    -.3101551    1.175965
          edu5 |  -.1160723     .43541    -0.27   0.790    -.9735949    .7414503
               |
  income_level |
   Low-middle  |  -.4169201   .3874438    -1.08   0.283    -1.179975     .346135
 Upper-middle  |  -.0955001   .4676918    -0.20   0.838    -1.016601    .8256004
         High  |    .294553   .8105222     0.36   0.717    -1.301738    1.890844
               |
        co2_pc |   .0344887   .0538234     0.64   0.522    -.0715143    .1404916
    ln_science |    .054682   .0698994     0.78   0.435     -.082982    .1923461
freedom_hous~x |   .0025084   .0065941     0.38   0.704    -.0104784    .0154951
    treat_tech |    .192313   .2568363     0.75   0.455     -.313516    .6981419
         _cons |   3.481253   .8041956     4.33   0.000     1.897422    5.065085
--------------------------------------------------------------------------------

. 
. 
. esttab table_13_1 table_13_2 table_13_3 table_13_4 table_13_5 table_13_6 using 
> "$working_ANALYSIS/results/tables/Table S13.rtf", se mtitles("Temp >= 2°C" "Tem
> p quasi cont." "Price < 60" "Log Price") b(%4.2f) order(temp_rise book1 book3 I
> nfo_source $info_source Orga_working $orga SocioEcon cops_attended $socioeconom
> ics Income-level income)  label stats(N r2_p r2_a, labels("N" "Pseudo R2" "Adju
> sted R2") fmt(%4.0f %4.2f)) star(* 0.10 ** 0.05 *** 0.01) varlabels(,elist(weig
> ht:_cons "{break}{hline @width}")) nonotes replace
(output written to C:\Users\Max Burger\HESSENBOX\2-Projekte (Björn Vollan)\Paper 
> SustUse\Donia_Delegates\8_Submission\NSUST\analysis/results/tables/Table S13.rt
> f)

. 
. 
. 
. 
. 
end of do-file

. do "C:\Users\MAXBUR~1\AppData\Local\Temp\STD67bc_000000.tmp"

. gen treat_tech_rev = (treat_tech -1) * (-1)
variable treat_tech_rev already defined
r(110);

end of do-file

r(110);

. do "C:\Users\MAXBUR~1\AppData\Local\Temp\STD67bc_000000.tmp"

. iebaltab tech_ms_pca female age edu1 edu2 edu3 edu4 edu5 low_income lower_middl
> e_income upper_middle_income high_income, stats(desc(se) pair(p) f(f) feq(f)) g
> rpvar(treat_tech_rev) savexlsx("$working_ANALYSIS/results/tables/balance_treat"
> ) replace

    Warning: A stats perference was specified in [stats(desc(se) pair(p) f(f)
        feq(f))] for F test across all variables, but no such test will be done
        as the option [ftest] for that test was not specified.
    Warning: A stats perference was specified in [stats(desc(se) pair(p) f(f)
        feq(f))] for F test across all groups, but no such test will be done as
        the option [feqtest] for that test was not specified.
    Balance table saved in Excel format to: C:\Users\Max
        Burger\HESSENBOX\2-Projekte (Björn Vollan)\Paper
        SustUse\Donia_Delegates\8_Submission\NSUST\analysis/results/tables/bala
        > nce_treat.xlsx

. 
. 
. 
end of do-file

. help iebaltab

. do "C:\Users\MAXBUR~1\AppData\Local\Temp\STD67bc_000000.tmp"

. iebaltab tech_ms_pca female age edu1 edu2 edu3 edu4 edu5 low_income lower_middl
> e_income upper_middle_income high_income, ftest stats(desc(se) pair(p) f(f) feq
> (f)) grpvar(treat_tech_rev) savexlsx("$working_ANALYSIS/results/tables/balance_
> treat") replace

    Warning: A stats perference was specified in [stats(desc(se) pair(p) f(f)
        feq(f))] for F test across all groups, but no such test will be done as
        the option [feqtest] for that test was not specified.
    Warning: One or more balance variables were omitted due to no variance in
        the F-test across all balance variables for group variable values 0 and
        1.
.
file C:\Users\Max Burger\HESSENBOX\2-Projekte (Björn Vollan)\Paper SustUse\Donia_
> Delegates\8_Submission\NSUST\analysis/results/tables/balance_treat.xlsx could n
> ot be saved
r(603);

end of do-file

r(603);

. do "C:\Users\MAXBUR~1\AppData\Local\Temp\STD67bc_000000.tmp"

. iebaltab tech_ms_pca female age edu1 edu2 edu3 edu4 edu5 low_income lower_middl
> e_income upper_middle_income high_income, grpvar(treat_tech_rev) ftest stats(de
> sc(se) pair(p) f(f) feq(f)) savexlsx("$working_ANALYSIS/results/tables/balance_
> treat") replace

    Warning: A stats perference was specified in [stats(desc(se) pair(p) f(f)
        feq(f))] for F test across all groups, but no such test will be done as
        the option [feqtest] for that test was not specified.
    Warning: One or more balance variables were omitted due to no variance in
        the F-test across all balance variables for group variable values 0 and
        1.
.
    Balance table saved in Excel format to: C:\Users\Max
        Burger\HESSENBOX\2-Projekte (Björn Vollan)\Paper
        SustUse\Donia_Delegates\8_Submission\NSUST\analysis/results/tables/bala
        > nce_treat.xlsx

. 
end of do-file

. sum tech_ms_pca female age edu1 edu2 edu3 edu4 edu5 low_income lower_middle_inc
> ome upper_middle_income high_income

    Variable |        Obs        Mean    Std. Dev.       Min        Max
-------------+---------------------------------------------------------
 tech_ms_pca |        276    .0097056    1.468493  -4.940824   2.506011
      female |        276    .3224638    .4682685          0          1
         age |        276    47.13043     10.6408         24         73
        edu1 |        276    .4565217    .4990109          0          1
        edu2 |        276    .1956522    .3974225          0          1
-------------+---------------------------------------------------------
        edu3 |        276    .1702899    .3765701          0          1
        edu4 |        276    .0942029    .2926414          0          1
        edu5 |        276    .0833333    .2768875          0          1
  low_income |        276    .1811594    .3858498          0          1
lower_midd~e |        276    .3731884    .4845301          0          1
-------------+---------------------------------------------------------
upper_midd~e |        276    .2028986    .4028881          0          1
 high_income |        276    .2427536    .4295262          0          1

. do "C:\Users\MAXBUR~1\AppData\Local\Temp\STD67bc_000000.tmp"

. iebaltab tech_ms_pca female age edu1 edu2 edu3 edu4 edu5 low_income lower_middl
> e_income upper_middle_income high_income, grpvar(treat_tech_rev) ftest stats(de
> sc(se) pair(p) f(f) feq(f)) savexlsx("$working_ANALYSIS/results/tables/balance_
> treat") replace

    Warning: A stats perference was specified in [stats(desc(se) pair(p) f(f)
        feq(f))] for F test across all groups, but no such test will be done as
        the option [feqtest] for that test was not specified.
    Warning: One or more balance variables were omitted due to no variance in
        the F-test across all balance variables for group variable values 0 and
        1.
.
file C:\Users\Max Burger\HESSENBOX\2-Projekte (Björn Vollan)\Paper SustUse\Donia_
> Delegates\8_Submission\NSUST\analysis/results/tables/balance_treat.xlsx could n
> ot be saved
r(603);

end of do-file

r(603);

. help iebaltab

. do "C:\Users\MAXBUR~1\AppData\Local\Temp\STD67bc_000000.tmp"

. gen treat_tech_rev = (treat_tech -1) * (-1)
variable treat_tech_rev already defined
r(110);

end of do-file

r(110);

. do "C:\Users\MAXBUR~1\AppData\Local\Temp\STD67bc_000000.tmp"

. iebaltab tech_ms_pca female age edu1 edu2 edu3 edu4 edu5 low_income lower_middl
> e_income upper_middle_income high_income, grpvar(treat_tech_rev) feqtest stats(
> desc(se) pair(p) f(f)) savexlsx("$working_ANALYSIS/results/tables/balance_treat
> ") replace

    Warning: A stats perference was specified in [stats(desc(se) pair(p) f(f))]
        for F test across all variables, but no such test will be done as the
        option [ftest] for that test was not specified.
    Balance table saved in Excel format to: C:\Users\Max
        Burger\HESSENBOX\2-Projekte (Björn Vollan)\Paper
        SustUse\Donia_Delegates\8_Submission\NSUST\analysis/results/tables/bala
        > nce_treat.xlsx

. 
end of do-file

. do "C:\Users\MAXBUR~1\AppData\Local\Temp\STD67bc_000000.tmp"

. iebaltab tech_ms_pca female age edu1 edu2 edu3 edu4 edu5 low_income lower_middl
> e_income upper_middle_income high_income, grpvar(treat_tech_rev) savexlsx("$wor
> king_ANALYSIS/results/tables/balance_treat") replace

    Balance table saved in Excel format to: C:\Users\Max
        Burger\HESSENBOX\2-Projekte (Björn Vollan)\Paper
        SustUse\Donia_Delegates\8_Submission\NSUST\analysis/results/tables/bala
        > nce_treat.xlsx

. 
end of do-file

. help iebaltab

. do "C:\Users\MAXBUR~1\AppData\Local\Temp\STD67bc_000000.tmp"

. iebaltab tech_ms_pca female age edu1 edu2 edu3 edu4 edu5 low_income lower_middl
> e_income upper_middle_income high_income, ftest grpvar(treat_tech_rev) feqtest 
> stats(desc(se) pair(p) f(f)) savexlsx("$working_ANALYSIS/results/tables/balance
> _treat") replace

    Warning: One or more balance variables were omitted due to no variance in
        the F-test across all balance variables for group variable values 0 and
        1.
.
    Balance table saved in Excel format to: C:\Users\Max
        Burger\HESSENBOX\2-Projekte (Björn Vollan)\Paper
        SustUse\Donia_Delegates\8_Submission\NSUST\analysis/results/tables/bala
        > nce_treat.xlsx

. 
end of do-file

. do "C:\Users\MAXBUR~1\AppData\Local\Temp\STD67bc_000000.tmp"

. iebaltab tech_ms_pca , ftest grpvar(treat_tech_rev) feqtest stats(desc(se) pair
> (p) f(f)) savexlsx("$working_ANALYSIS/results/tables/balance_treat") replace

    Balance table saved in Excel format to: C:\Users\Max
        Burger\HESSENBOX\2-Projekte (Björn Vollan)\Paper
        SustUse\Donia_Delegates\8_Submission\NSUST\analysis/results/tables/bala
        > nce_treat.xlsx

. 
end of do-file

. do "C:\Users\MAXBUR~1\AppData\Local\Temp\STD67bc_000000.tmp"

. iebaltab tech_ms_pca female age low_income lower_middle_income upper_middle_inc
> ome high_income, ftest grpvar(treat_tech_rev) feqtest stats(desc(se) pair(p) f(
> f)) savexlsx("$working_ANALYSIS/results/tables/balance_treat") replace

    Warning: One or more balance variables were omitted due to no variance in
        the F-test across all balance variables for group variable values 0 and
        1.
.
    Balance table saved in Excel format to: C:\Users\Max
        Burger\HESSENBOX\2-Projekte (Björn Vollan)\Paper
        SustUse\Donia_Delegates\8_Submission\NSUST\analysis/results/tables/bala
        > nce_treat.xlsx

. 
end of do-file

. do "C:\Users\MAXBUR~1\AppData\Local\Temp\STD67bc_000000.tmp"

. iebaltab tech_ms_pca low_income lower_middle_income upper_middle_income high_in
> come, ftest grpvar(treat_tech_rev) feqtest stats(desc(se) pair(p) f(f)) savexls
> x("$working_ANALYSIS/results/tables/balance_treat") replace

    Warning: One or more balance variables were omitted due to no variance in
        the F-test across all balance variables for group variable values 0 and
        1.
.
    Balance table saved in Excel format to: C:\Users\Max
        Burger\HESSENBOX\2-Projekte (Björn Vollan)\Paper
        SustUse\Donia_Delegates\8_Submission\NSUST\analysis/results/tables/bala
        > nce_treat.xlsx

. 
end of do-file

. do "C:\Users\MAXBUR~1\AppData\Local\Temp\STD67bc_000000.tmp"

. iebaltab tech_ms_pca high_income, ftest grpvar(treat_tech_rev) feqtest stats(de
> sc(se) pair(p) f(f)) savexlsx("$working_ANALYSIS/results/tables/balance_treat")
>  replace

    Balance table saved in Excel format to: C:\Users\Max
        Burger\HESSENBOX\2-Projekte (Björn Vollan)\Paper
        SustUse\Donia_Delegates\8_Submission\NSUST\analysis/results/tables/bala
        > nce_treat.xlsx

. 
end of do-file

. do "C:\Users\MAXBUR~1\AppData\Local\Temp\STD67bc_000000.tmp"

. iebaltab tech_ms_pca female age lower_middle_income upper_middle_income high_in
> come, ftest grpvar(treat_tech_rev) feqtest stats(desc(se) pair(p) f(f)) savexls
> x("$working_ANALYSIS/results/tables/balance_treat") replace

    Balance table saved in Excel format to: C:\Users\Max
        Burger\HESSENBOX\2-Projekte (Björn Vollan)\Paper
        SustUse\Donia_Delegates\8_Submission\NSUST\analysis/results/tables/bala
        > nce_treat.xlsx

. 
end of do-file

. do "C:\Users\MAXBUR~1\AppData\Local\Temp\STD67bc_000000.tmp"

. iebaltab tech_ms_pca female age edu1 edu2 edu3 edu4 edu5 lower_middle_income up
> per_middle_income high_income, ftest grpvar(treat_tech_rev) feqtest stats(desc(
> se) pair(p) f(f)) savexlsx("$working_ANALYSIS/results/tables/balance_treat") re
> place

    Warning: One or more balance variables were omitted due to no variance in
        the F-test across all balance variables for group variable values 0 and
        1.
.
    Balance table saved in Excel format to: C:\Users\Max
        Burger\HESSENBOX\2-Projekte (Björn Vollan)\Paper
        SustUse\Donia_Delegates\8_Submission\NSUST\analysis/results/tables/bala
        > nce_treat.xlsx

. 
end of do-file

. do "C:\Users\MAXBUR~1\AppData\Local\Temp\STD67bc_000000.tmp"

. iebaltab tech_ms_pca female age edu1 edu2 edu3 edu4 lower_middle_income upper_m
> iddle_income high_income, ftest grpvar(treat_tech_rev) feqtest stats(desc(se) p
> air(p) f(f)) savexlsx("$working_ANALYSIS/results/tables/balance_treat") replace

    Balance table saved in Excel format to: C:\Users\Max
        Burger\HESSENBOX\2-Projekte (Björn Vollan)\Paper
        SustUse\Donia_Delegates\8_Submission\NSUST\analysis/results/tables/bala
        > nce_treat.xlsx

. 
end of do-file

. do "C:\Users\MAXBUR~1\AppData\Local\Temp\STD67bc_000000.tmp"

. iebaltab tech_ms_pca female age edu1 edu2 edu3 edu4 lower_middle_income upper_m
> iddle_income high_income, ftest grpvar(treat_tech_rev) stats(desc(se) pair(p) f
> (f)) savexlsx("$working_ANALYSIS/results/tables/balance_treat") replace

    Balance table saved in Excel format to: C:\Users\Max
        Burger\HESSENBOX\2-Projekte (Björn Vollan)\Paper
        SustUse\Donia_Delegates\8_Submission\NSUST\analysis/results/tables/bala
        > nce_treat.xlsx

. 
end of do-file

. tab edu5 treat_tech

           |     Technological
           | optimism made salient
           |   (compared to env.
           |       caution)
edu==Other | Env. caut  Techn. op |     Total
-----------+----------------------+----------
         0 |       119        134 |       253 
         1 |         8         15 |        23 
-----------+----------------------+----------
     Total |       127        149 |       276 

. do "C:\Users\MAXBUR~1\AppData\Local\Temp\STD67bc_000000.tmp"

. iebaltab tech_ms_pca female age edu1 edu2 edu3 edu4 lower_middle_income upper_m
> iddle_income high_income, ftest grpvar(treat_tech_rev) stats(desc(se) pair(p) f
> (f)) savexlsx("$working_ANALYSIS/results/tables/balance_treat") replace

    Balance table saved in Excel format to: C:\Users\Max
        Burger\HESSENBOX\2-Projekte (Björn Vollan)\Paper
        SustUse\Donia_Delegates\8_Submission\NSUST\analysis/results/tables/bala
        > nce_treat.xlsx

. 
end of do-file

. do "C:\Users\MAXBUR~1\AppData\Local\Temp\STD67bc_000000.tmp"

. iebaltab tech_ms_pca female age edu1 edu2 edu3 edu4 edu5 lower_middle_income up
> per_middle_income high_income, ftest grpvar(treat_tech_rev) stats(desc(se) pair
> (p) f(f)) savexlsx("$working_ANALYSIS/results/tables/balance_treat") replace

    Warning: One or more balance variables were omitted due to no variance in
        the F-test across all balance variables for group variable values 0 and
        1.
.
    Balance table saved in Excel format to: C:\Users\Max
        Burger\HESSENBOX\2-Projekte (Björn Vollan)\Paper
        SustUse\Donia_Delegates\8_Submission\NSUST\analysis/results/tables/bala
        > nce_treat.xlsx

. 
end of do-file

. do "C:\Users\MAXBUR~1\AppData\Local\Temp\STD67bc_000000.tmp"

. hist tech_ms_pca, start(-5.5) percent scale(*1.2) yscale(4)
(bin=16, start=-5.5, width=.50037569)
option 4 not allowed
r(198);

end of do-file

r(198);

. do "C:\Users\MAXBUR~1\AppData\Local\Temp\STD67bc_000000.tmp"

. hist tech_ms_pca, start(-5.5) percent scale(*1.2) ysize(4)
(bin=16, start=-5.5, width=.50037569)

. graph export "$working_ANALYSIS/results/figures/Figure SX.tif", replace width(4
> 000)
(file C:\Users\Max Burger\HESSENBOX\2-Projekte (Björn Vollan)\Paper SustUse\Donia
> _Delegates\8_Submission\NSUST\analysis/results/figures/Figure SX.tif written in
>  TIFF format)

. 
end of do-file

. do "C:\Users\MAXBUR~1\AppData\Local\Temp\STD67bc_000000.tmp"

. hist tech_ms_pca, start(-5.5) percent scale(*1.2) ysize(3)
(bin=16, start=-5.5, width=.50037569)

. graph export "$working_ANALYSIS/results/figures/Figure SX.tif", replace width(4
> 000)
(file C:\Users\Max Burger\HESSENBOX\2-Projekte (Björn Vollan)\Paper SustUse\Donia
> _Delegates\8_Submission\NSUST\analysis/results/figures/Figure SX.tif written in
>  TIFF format)

. 
end of do-file

. do "C:\Users\MAXBUR~1\AppData\Local\Temp\STD67bc_000000.tmp"

. 
. // Distribution
. hist tech_ms_pca, start(-5.5) percent scale(*1.2) ysize(3)
(bin=16, start=-5.5, width=.50037569)

. graph export "$working_ANALYSIS/results/figures/Figure SX.tif", replace width(4
> 000)
(note: file C:\Users\Max Burger\HESSENBOX\2-Projekte (Björn Vollan)\Paper SustUse
> \Donia_Delegates\8_Submission\NSUST\analysis/results/figures/Figure SX.tif not 
> found)
(file C:\Users\Max Burger\HESSENBOX\2-Projekte (Björn Vollan)\Paper SustUse\Donia
> _Delegates\8_Submission\NSUST\analysis/results/figures/Figure SX.tif written in
>  TIFF format)

. 
end of do-file

. do "C:\Users\MAXBUR~1\AppData\Local\Temp\STD67bc_000000.tmp"

. hist tech_ms_pca, start(-5.5) percent scale(*1.4) ysize(1)
(bin=16, start=-5.5, width=.50037569)

. graph export "$working_ANALYSIS/results/figures/Figure SX.tif", replace width(4
> 000)
(file C:\Users\Max Burger\HESSENBOX\2-Projekte (Björn Vollan)\Paper SustUse\Donia
> _Delegates\8_Submission\NSUST\analysis/results/figures/Figure SX.tif written in
>  TIFF format)

. 
end of do-file

. do "C:\Users\MAXBUR~1\AppData\Local\Temp\STD67bc_000000.tmp"

. hist tech_ms_pca, start(-5.5) percent scale(*1.4) ysize(2)
(bin=16, start=-5.5, width=.50037569)

. graph export "$working_ANALYSIS/results/figures/Figure SX.tif", replace width(4
> 000)
(file C:\Users\Max Burger\HESSENBOX\2-Projekte (Björn Vollan)\Paper SustUse\Donia
> _Delegates\8_Submission\NSUST\analysis/results/figures/Figure SX.tif written in
>  TIFF format)

. 
end of do-file

. do "C:\Users\MAXBUR~1\AppData\Local\Temp\STD67bc_000000.tmp"

. hist tech_ms_pca, start(-5.5) percent scale(*1.6) ysize(2)
(bin=16, start=-5.5, width=.50037569)

. graph export "$working_ANALYSIS/results/figures/Figure SX.tif", replace width(4
> 000)
(file C:\Users\Max Burger\HESSENBOX\2-Projekte (Björn Vollan)\Paper SustUse\Donia
> _Delegates\8_Submission\NSUST\analysis/results/figures/Figure SX.tif written in
>  TIFF format)

. 
end of do-file

. do "C:\Users\MAXBUR~1\AppData\Local\Temp\STD67bc_000000.tmp"

. hist tech_ms_pca, start(-5.5) percent scale(*2) ysize(2)
(bin=16, start=-5.5, width=.50037569)

. graph export "$working_ANALYSIS/results/figures/Figure SX.tif", replace width(4
> 000)
(file C:\Users\Max Burger\HESSENBOX\2-Projekte (Björn Vollan)\Paper SustUse\Donia
> _Delegates\8_Submission\NSUST\analysis/results/figures/Figure SX.tif written in
>  TIFF format)

. 
end of do-file

. exit, clear
