--------------------------------------------------------------------------------
      name:  <unnamed>
       log:  C:\Users\Max Burger\HESSENBOX\2-Projekte (Björn Vollan)\Paper SustU
> se\Donia_Delegates\8_Submission\replication_delegates/scripts/logs/2024.08.07-
> 14.21.27.log.txt
  log type:  text
 opened on:   7 Aug 2024, 14:21:27

. 
. di "Begin date and time: $S_DATE $S_TIME"
Begin date and time:  7 Aug 2024 14:21:27

. di "Stata version: `c(stata_version)'"
Stata version: 16.1

. di "Updated as of: `c(born_date)'"
Updated as of: 11 Oct 2022

. di "Variant:       `=cond( c(MP),"MP",cond(c(SE),"SE",c(flavor)) )'"
Variant:       MP

. di "Processors:    `c(processors)'"
Processors:    2

. di "OS:            `c(os)' `c(osdtl)'"
OS:            Windows 64-bit

. di "Machine type:  `c(machine_type)'"
Machine type:  PC (64-bit x86-64)

. 
. *   Analyses were run on Windows using Stata version 16
. version 16              // Set Version number for backward compatibility

. 
. /* All required Stata packages are available in the /libraries/stata folder
> tokenize `"$S_ADO"', parse(";")
> while `"`1'"' != "" {
>   if `"`1'"'!="BASE" cap adopath - `"`1'"'
>   macro shift
> }
> adopath ++ "$working_ANALYSIS/scripts/libraries/stata"
> mata: mata mlib index
> */
. 
. * Create directories for output files
. cap mkdir "$working_ANALYSIS/results"

. cap mkdir "$working_ANALYSIS/results/intermediate"

. cap mkdir "$working_ANALYSIS/results/tables"

. cap mkdir "$working_ANALYSIS/results/figures"

. * -------------------------------------------------
. 
. * Set general graph style
. set scheme swift_red // select one scheme as reference scheme to work with

. 
. 
. grstyle init 

. {
. *Background color
. grstyle set color white: background plotregion graphregion legend box textbox 
> //
. 
. *Main colors (note: swift_red only defines 8 colors. Multiplying the color, th
> at is "xx yy zz*0.5" reduces/increases intensity and "xx yy zz%50" reduces tra
> nsparency)
. grstyle set color       "100 143 255" "120 94 240" "220 38 127" "254 97 0" "25
> 5 176 0" /// 5 main colors
>                                         "100 143 255*0.4" "120 94 240*0.4" "22
> 0 38 127*0.4" "254 97 0*0.4" "255 176 0*0.4" ///
>                                         "100 143 255*1.7" "120 94 240*1.7" "22
> 0 38 127*1.7" "254 97 0*1.7" "255 176 0*1.7" ///
>                                         : p# p#line p#lineplot p#bar p#area p#
> arealine p#pie histogram 
. 
. *margins
. grstyle set compact
. 
. *Font size
. grstyle set size 10pt: heading //titles
. grstyle set size 8pt: subheading axis_title //axis titles
. grstyle set size 8pt: p#label p#boxlabel body small_body text_option axis_labe
> l tick_label minortick_label key_label //all other text
. 
. }

. * -------------------------------------------------
. 
end of do-file

. do "C:\Users\MAXBUR~1\AppData\Local\Temp\STD25c8_000000.tmp"

. use "$working_ANALYSIS\data\delegates_raw.dta", clear

. 
end of do-file

. do "C:\Users\Max Burger\HESSENBOX\2-Projekte (Björn Vollan)\Paper SustUse\Doni
> a_Delegates\8_Submission\NSUST\analysis\scripts\00 - cleaning (Not to be uploa
> ded!).do"

. *--------------------------------------------------
. * Donia Delegates
. * 00 clean.do
. * START: 2021-01-24
. * Authors: Max Burger
. * Philipps University Marburg
. *--------------------------------------------------
. 
. 
. *--------------------------------------------------
. * Program Setup
. *--------------------------------------------------
. clear all               

. *version 16              // Set Version number for backward compatibility
. set more off            

. set linesize 80         

. macro drop _all        

. set matsize 2000
set matsize ignored.
    Matrix sizes are no longer limited by c(matsize) in modern Statas.  Matrix
    sizes are now limited by flavor of Stata.  See limits for more details.

. * -------------------------------------------------
. 
. 
. *--------------------------------------------------
. * Directory
. *--------------------------------------------------
. 
. * Max (G-Drive)
. global stata "C:\Users\Max Burger\Google Drive\Promotion\Projects\Donia_Delega
> tes\4_Carbon_Prices\STATA"

. global workpath   "$stata\DO-FILES"

. global datapath   "$stata\DTA-FILES"

. global output     "$stata\OUTPUT"

. global xls        "$stata\XLS-FILES"

. 
. 
. 
. 
. 
. 
. 
. *--------------------------------------------------
. * Description
. *--------------------------------------------------
. /*
> I) Importing files
> II) Appending files to one dataset
> III) Cleaning
>         i) Renaming & Encoding
> IV) Unifying country-names and assigning to continents
> V) Merge country-specifics
> */
. *--------------------------------------------------
. 
. 
. 
. 
. 
. 
. 
. 
. 
. 
. 
. *--------
. * I. Importing files
. *-------------
. *** Treatment 1: Environment
. ** Own delegation
. import excel "$xls\Ecological-Own delegation.xlsx", firstrow case(lower) clear
(115 vars, 69 obs)

. 
. gen t_env=1

. label variable t_env "Primed on environmetnal caution (1) compared to techn. o
> pt. (0)"

. label define treatment_env 1 "Envir. caut" 0 "Tech. Opt"

. label values t_env treatment_env

. 
. gen t_own_delegation=1

. label variable t_own_delegation "Asked on own delegation (1) or others delegat
> ion (0)"

. label define treatment_delegation 1 "Own delegation" 0 "Other delegation"

. label values t_own_delegation treatment_delegation

. 
. save "$datapath\delegates_ecol_own.dta", replace
(note: file C:\Users\Max Burger\Google Drive\Promotion\Projects\Donia_Delegates\
> 4_Carbon_Prices\STATA\DTA-FILES\delegates_ecol_own.dta not found)
file C:\Users\Max Burger\Google Drive\Promotion\Projects\Donia_Delegates\4_Carbo
> n_Prices\STATA\DTA-FILES\delegates_ecol_own.dta saved

. 
. 
. 
. 
. ** Others delegation
. import excel "$xls\Ecological-Other delegation.xlsx", firstrow case(lower) cle
> ar
(115 vars, 60 obs)

. 
. gen t_env=1

. label variable t_env "Primed on ecological (1) or economic (0) consequences"

. label define treatment_env 1 "Ecologic" 0 "Economic"

. label values t_env treatment_env

. 
. gen t_own_delegation=0

. label variable t_own_delegation "Asked on own delegation (1) or others delegat
> ion (0)"

. label define treatment_delegation 1 "Own delegation" 0 "Other delegation"

. label values t_own_delegation treatment_delegation

. 
. save "$datapath\delegates_ecol_others.dta", replace
(note: file C:\Users\Max Burger\Google Drive\Promotion\Projects\Donia_Delegates\
> 4_Carbon_Prices\STATA\DTA-FILES\delegates_ecol_others.dta not found)
file C:\Users\Max Burger\Google Drive\Promotion\Projects\Donia_Delegates\4_Carbo
> n_Prices\STATA\DTA-FILES\delegates_ecol_others.dta saved

. 
. 
. *** Treatment 2: Economy
. ** Own delegation
. import excel "$xls\Economic-Own delegation.xlsx", firstrow case(lower) clear
(115 vars, 82 obs)

. 
. gen t_env=0

. label variable t_env "Primed on ecological (1) or economic (0) consequences"

. label define treatment_env 1 "Ecologic" 0 "Economic"

. label values t_env treatment_env

. 
. gen t_own_delegation=1

. label variable t_own_delegation "Asked on own delegation (1) or others delegat
> ion (0)"

. label define treatment_delegation 1 "Own delegation" 0 "Other delegation"

. label values t_own_delegation treatment_delegation

. 
. save "$datapath\delegates_econ_own.dta", replace
(note: file C:\Users\Max Burger\Google Drive\Promotion\Projects\Donia_Delegates\
> 4_Carbon_Prices\STATA\DTA-FILES\delegates_econ_own.dta not found)
file C:\Users\Max Burger\Google Drive\Promotion\Projects\Donia_Delegates\4_Carbo
> n_Prices\STATA\DTA-FILES\delegates_econ_own.dta saved

. 
. ** Others delegation
. import excel "$xls\Economic-Other delegation.xlsx", firstrow case(lower) clear
(115 vars, 69 obs)

. 
. gen t_env=0

. label variable t_env "Primed on ecological (1) or economic (0) consequences"

. label define treatment_env 1 "Ecologic" 0 "Economic"

. label values t_env treatment_env

. 
. gen t_own_delegation=0

. label variable t_own_delegation "Asked on own delegation (1) or others delegat
> ion (0)"

. label define treatment_delegation 1 "Own delegation" 0 "Other delegation"

. label values t_own_delegation treatment_delegation

. 
. save "$datapath\delegates_econ_others.dta", replace
(note: file C:\Users\Max Burger\Google Drive\Promotion\Projects\Donia_Delegates\
> 4_Carbon_Prices\STATA\DTA-FILES\delegates_econ_others.dta not found)
file C:\Users\Max Burger\Google Drive\Promotion\Projects\Donia_Delegates\4_Carbo
> n_Prices\STATA\DTA-FILES\delegates_econ_others.dta saved

. 
. 
. 
. 
. *------------
. * II. Appending & merging
. *--------------------
. use "$datapath\delegates_ecol_own.dta", clear

. append using "$datapath\delegates_ecol_others.dta", force
(note: variable a3sq002 was str15, now str17 to accommodate using data's
       values)
(note: variable b4sq004 was str15, now str17 to accommodate using data's
       values)
(note: variable sd14sq001_sq001 was str21, now str32 to accommodate using
       data's values)
(note: variable sd14sq002_sq001 was str18, now str29 to accommodate using
       data's values)
(note: variable sd6sq004 was str2, now str3 to accommodate using data's
       values)
(note: variable sd6sq006 was str2, now str3 to accommodate using data's
       values)
(note: variable sd6other was str44, now str168 to accommodate using data's
       values)
(note: variable lastname was str16, now str30 to accommodate using data's
       values)
(label treatment_delegation already defined)
(label treatment_env already defined)

. append using "$datapath\delegates_econ_own.dta", force
(note: variable a3sq003 was str15, now str17 to accommodate using data's
       values)
(note: variable ta1sq0031 was str18, now str19 to accommodate using data's
       values)
(note: variable sd1other was str86, now str103 to accommodate using data's
       values)
(note: variable sd3other was str50, now str62 to accommodate using data's
       values)
(note: variable sd571057comment was str53, now str98 to accommodate using
       data's values)
(note: variable sd571058comment was str36, now str41 to accommodate using
       data's values)
(note: variable sd5othercomment was str34, now str60 to accommodate using
       data's values)
(label treatment_delegation already defined)
(label treatment_env already defined)

. append using "$datapath\delegates_econ_others.dta", force
(note: variable sd1 was str6, now str17 to accommodate using data's values)
(note: variable sd14sq002_sq001 was str29, now str32 to accommodate using
       data's values)
(note: variable sd5sq001comment was str69, now str105 to accommodate using
       data's values)
(note: variable sd5othercomment was str60, now str81 to accommodate using
       data's values)
(label treatment_delegation already defined)
(label treatment_env already defined)

. 
. 
. 
. 
. *----------
. * III. Cleaning
. *----------------
. /*
> Three participants answered the survey twice; same e-mail adress twice in data
> set. For each couple, same name&lastname:
> 
> Date            firstname                               lastname              
>   email
> 04.11.2020      Ram Prasad                              Awasthi               
>   awasthiramprasad@gmail.com
> 16.02.2021      Ram                                             Awasthi       
>           awasthiramprasad@gmail.com
> 
> 02.12.2020      Nagla                                   Jebory                
>   nagla_fnc@yahoo.com
> 05.11.2020      Nagla Mahgoub Hamadain  Jebory                  nagla_fnc@yaho
> o.com
> 
> 06.11.2020      Augustin                                Ngenzirabona    augung
> enzi@yahoo.fr
> 25.03.2021      Ngenzirablna                    Augustin                augung
> enzi@yahoo.fr
> 
> Keep first entry of each
> */
. drop if firstname == "Ram" & lastname == "Awasthi"
(1 observation deleted)

. drop if firstname == "Nagla Mahgoub Hamadain" & lastname == "Jebory"
(1 observation deleted)

. drop if firstname == "Ngenzirablna" & lastname == "Augustin"
(1 observation deleted)

. 
. 
. 
. 
. 
. *** Generate ID
. gen id = _n

. lab var id "ID"

. 
. 
. *** i) Encoding
. ** veryimportant => very important; somewhatunimportant => somewhat unimportan
> t
. foreach var in ta1sq0011 ta1sq0021 ta1sq0031 ta1sq0041 ta1sq0051 {
  2. replace `var'="Very important" if `var'=="Veryimportant"
  3. replace `var'="Somewhat unimportant" if `var'== "Somewhatunimportant"
  4. replace `var'="Not important at all" if `var'== "Notimportant at all"
  5. }
(161 real changes made)
variable ta1sq0011 was str19 now str20
(4 real changes made)
(7 real changes made)
(219 real changes made)
variable ta1sq0021 was str19 now str20
(1 real change made)
(0 real changes made)
(190 real changes made)
variable ta1sq0031 was str19 now str20
(2 real changes made)
(0 real changes made)
(157 real changes made)
variable ta1sq0041 was str19 now str20
(8 real changes made)
(6 real changes made)
(144 real changes made)
variable ta1sq0051 was str19 now str20
(10 real changes made)
(4 real changes made)

. 
. ** Importance of environmental projection
. label define important 1 "Not important at all" 2 "Somewhat unimportant" 3 "Ne
> utral" 4 "Somewhat important" 5 "Very important"

. foreach var in ta1sq0011 ta1sq0021 ta1sq0031 ta1sq0041 ta1sq0051 {
  2. encode `var', gen(`var'_enc) label(important)
  3. }

. 
. rename ta1sq0011_enc env_ms_1

. label var env_ms_1 "Environmental events that historically happened once per c
> entury will occur at least once per year by 2050."
note: label truncated to 80 characters

. rename ta1sq0021_enc env_ms_2

. label var env_ms_2 "Besides greenhouse gas emissions, the earth is approaching
>  many planetary boundaries that demand equal attention"
note: label truncated to 80 characters

. rename ta1sq0031_enc env_ms_3

. label var env_ms_3 "200 million migrants will be moving either within their co
> untries or across borders by 2050"
note: label truncated to 80 characters

. rename ta1sq0041_enc env_ms_4

. label var env_ms_4 "Our planet’s resources are limited and will only sustain a
>  limited population"

. rename ta1sq0051_enc env_ms_5

. label var env_ms_5 "Exponential economic growth cannot be sustained in a finit
> e system like our planet."
note: label truncated to 80 characters

. 
. label define yes_no 0 "No" 1 "Yes"

. foreach var in ta1sq0012 ta1sq0022 ta1sq0032 ta1sq0042 ta1sq0052 {
  2. encode `var', gen(`var'_enc) label(yes_no)
  3. }

. 
. rename ta1sq0012_enc env_ms_1_read 

. label variable env_ms_1_read "Read scientific studies on environmental project
> ion 1"

. rename ta1sq0022_enc env_ms_2_read

. label variable env_ms_2_read "Read scientific studies on environmental project
> ion 2"

. rename ta1sq0032_enc env_ms_3_read

. label variable env_ms_3_read "Read scientific studies on environmental project
> ion 3"

. rename ta1sq0042_enc env_ms_4_read

. label variable env_ms_4_read "Read scientific studies on environmental project
> ion 4"

. rename ta1sq0052_enc env_ms_5_read

. label variable env_ms_5_read "Read scientific studies on environmental project
> ion 5"

. 
. label define yes_no_idk 0 "No" 1 "Yes" 99 "Don’t know"

. replace ta2sq001="Don’t know" if ta2sq001=="Don't know"
variable ta2sq001 was str10 now str12
(128 real changes made)

. encode ta2sq001, gen(env_shared_oppinion) label (yes_no_idk)

. label var env_shared_oppinion "Most people in my delegation share opinions on 
> Environmental issues"

. 
. * Env. Knowledge variable
. gen env_know= env_ms_1_read+ env_ms_2_read+ env_ms_3_read+ env_ms_4_read+ env_
> ms_5_read

. label var env_know "How well is the person informed; env_ms_1_read +..+ env_ms
> _5_read"

. 
. 
. 
. ** Outcome variables
. * Acceptable Degree temperature
. rename out1sq001 temp_rise 

. lab var temp_rise  "Acceptable increase in temperature until 2100 compared to 
> pre-industrial levels"

. 
. * Appropriate Carbon Price
. rename out2sq001_sq001 carbon_price

. lab var carbon_price "Appropriate price for carbon emissions (US$/t CO2) to st
> ay below temp_rise"

. 
. * Likelihood of major countries accepting global carbon price
. label define realistic 1 "Not realistic at all" 2 "Somewhat realistic" 3 "Very
>  realistic" 99 "Don’t know"

. encode out3, gen(accecpt_global_carbon) label (realistic)

. lab var accecpt_global_carbon "Likelihood that all major countries accet globa
> l carbon price until 2050"

. 
. * Appropriate emission price today
. rename out4sq001_sq001 price_home_now

. lab var price_home_now "Home: Appropriate price for carbon emissions until 203
> 0 to keep temeprature below 2°C"
note: label truncated to 80 characters

. rename out4sq001_sq002 price_oecd_now

. lab var price_oecd_now "OECD: Appropriate price for carbon emissions until 203
> 0 countries to keep temeprature below 2°C"
note: label truncated to 80 characters

. rename out4sq001_sq003 price_ldc_now

. lab var price_ldc_now "LDCs: Appropriate price for carbon emissions until 2030
>  to keep temeprature below 2°C"
note: label truncated to 80 characters

. 
. * Appropriate emission price future
. rename out4sq002_sq001 price_home_future

. lab var price_home_future "Home: Appropriate price for carbon emissions from 2
> 080 to 2100 to keep temeprature below 2°C"
note: label truncated to 80 characters

. rename out4sq002_sq002 price_oecd_future

. lab var price_oecd_future "OECD: Appropriate price for carbon emissions from 2
> 080 to 2100 countries to keep temeprature below 2°C"
note: label truncated to 80 characters

. rename out4sq002_sq003 price_ldc_future

. lab var price_ldc_future "LCDs: Appropriate price for carbon emissions from 20
> 80 to 2100 to keep temeprature below 2°C"
note: label truncated to 80 characters

. 
. * Global interests vs. national interests
. label define extent1 1 "No, not at all" 2 "Yes, to some extent" 3 "Yes, to a g
> reat extent" 99 "Don’t know"

. encode out5, gen(glob_nat_interest) label(extent1)

. lab var glob_nat_interest "Prioritize global over national interests"

. 
. * Acceptable average GDP reduction
. label define acceptable_gdp 1 "GDP reduction is not acceptable" 2 "0-0.5% GDP 
> reduction" 3 "0.5-1% GDP reduction" 4 "1-1.5% GDP reduction" 5 "1.5-2% GDP red
> uction" 6 "2% or more GDP reduction"

. encode out6, gen(accept_gdp_reduce) label(acceptable_gdp)

. lab var accept_gdp_reduce "Acceptable average GDP reduction in home country du
> e to climate policies in next 10 years"
note: label truncated to 80 characters

. 
. 
. 
. 
. 
. 
. *** NDCs and Ratchet Mechanism
. ** Question 1
. foreach var in a1sq001 a1sq002 a1sq003 {
  2. replace `var'="Somewhat better" if `var'=="Somewhatbetter"
  3. }
variable a1sq001 was str14 now str15
(95 real changes made)
variable a1sq002 was str14 now str15
(100 real changes made)
variable a1sq003 was str14 now str15
(94 real changes made)

. 
. label define better 1 "Much worse" 2 "Somewhat worse" 3 "About the same" 4 "So
> mewhat better" 5 "Much better" 99 "Don’t know"

. 
. foreach var in a1sq001 a1sq002 a1sq003 {
  2. encode `var', gen(`var'_enc) label (better)
  3. }

. rename a1sq001_enc question1_1

. lab var question1_1 "For attracting broad participation in climate agreements"

. rename a1sq002_enc question1_2

. lab var question1_2 "For achieving the long-term target of limiting warming to
>  well below 2°C above pre-industrial levels"
note: label truncated to 80 characters

. rename a1sq003_enc question1_3

. lab var question1_3 "For implementing the principle of common but differentiat
> ed responsibilities and respective capabilities (CBDR-RC)"
note: label truncated to 80 characters

. 
. ** Question 2
. label define parties 1 "No Party" 2 "A few Parties" 3 "All or most Parties" 99
>  "Don’t know"

. foreach var in a2sq001 a2sq003 a2sq004 a2sq005 a2sq007 a2sq008  {
  2. encode `var', gen(`var'_enc) label (parties)
  3. }

. rename a2sq001_enc question2_1

. lab var question2_1 "High costs of reducing GHG emissions"

. rename a2sq003_enc question2_2

. lab var question2_2 "Costs associated with more ambitious NDCs would exceed lo
> cal co-benefit"

. rename a2sq004_enc question2_3

. lab var question2_3 "Unsolved climate finance issues"

. rename a2sq005_enc question2_4

. lab var question2_4 "Fear that other countries may benefit from own climate ef
> forts without contributing sufficiently themselves (free-riding)"
note: label truncated to 80 characters

. rename a2sq007_enc question2_5

. lab var question2_5 "Open issues under Article 6 concerning cooperative approa
> ches and carbon market mechanism"
note: label truncated to 80 characters

. rename a2sq008_enc question2_6

. lab var question2_6 "Attribution of responsibility for climate action to other
>  Parties"

. 
. 
. ** Question 3
. label define useful 1 "Not useful at all" 2 "Not very useful" 3 "Somewhat usef
> ul" 4 "Very useful" 99 "Don’t know"

. foreach var in a3sq002 a3sq003 a3sq004 a3sq005  {
  2. encode `var', gen(`var'_enc) label (useful)
  3. }

. 
. rename a3sq002_enc question3_1

. label var question3_1 "For achieving the long-term target of limiting warming 
> to well below 2°C above pre-industrial levels"
note: label truncated to 80 characters

. rename a3sq003_enc question3_2

. label var question3_2 "For accelerating global GHG emission reductions over ti
> me"

. rename a3sq004_enc question3_3

. label var question3_3 "For achieving a fair burden sharing"

. rename a3sq005_enc question3_4

. label var question3_4 "or incentivizing the highest possible ambition in first
> -round NDCs"

. 
. 
. ** Question 4
. label define likely 1 "No, not likely" 2 "Yes, somewhat likely" 3 "Yes, very l
> ikely" 99 "Don’t know"

. encode a4, gen(question4) label(likely)

. label var question4 "conceivable that in the first round some Parties delibera
> tely pledged lower NDCs than possible"
note: label truncated to 80 characters

. 
. ** Question 5
. label define likely2 1 "Not likely" 2 "Somewhat likely" 3 "Very likely" 99 "Do
> n’t know"

. foreach var in a5sq002 a5sq003 a5sq004 a5sq005 a5sq006 a5sq007 a5sq008 a5sq009
>   {
  2. encode `var', gen(`var'_enc) label (likely2)
  3. }

. rename a5sq002_enc question5_1

. label variable question5_1 "Alliance of Small Island States (AOSIS)"

. rename a5sq003_enc question5_2

. label variable question5_2 "Brazil"

. rename a5sq004_enc question5_3

. label variable question5_3 "China"

. rename a5sq005_enc question5_4

. label variable question5_4 "European Union (EU)"

. rename a5sq006_enc question5_5

. label variable question5_5 "India"

. rename a5sq007_enc question5_6

. label variable question5_6 "OPEC"

. rename a5sq008_enc question5_7

. label variable question5_7 "Russia"

. rename a5sq009_enc question5_8

. label variable question5_8 "United States of America (USA)"

. 
. ** Question 6
. encode a6, gen(question6) label(likely)

. label var question6 "Risk that some Parties will reduce their ambition if othe
> rs do not reciprocate"

. 
. ** Quesiton 7
. label define ambition 1 "By reducing its ambition" 2 "By leaving its ambition 
> unchanged" 3 "By increasing its ambition" 99 "Don’t know"

. encode a7, gen(question7) label(ambition)

. label var question7 "Reaction home country if other Parties do not reciprocate
>  its climate efforts?"

. 
. 
. 
. 
. 
. 
. *** Article 6 and Carbon Markets
. ** Question 1
. label define extent2 1 "Not at all" 2 "To a little extent" 3 "To some extent" 
> 4 "To a great extent" 99 "Don’t know"

. 
. encode b1 , gen(question_b1) label(extent2)

. label variable question_b1 "Extent savings in abatement costs encourage Partie
> s to increase ambition"

. 
. 
. ** Question 2
. label define consider1 1 "No, probably way too low" 2 "No, probably way too hi
> gh" 3 "Yes, I do" 99 "Don’t know"

. encode b2 , gen(question_b2) label(consider1)

. lab var question_b2 "Do you consider these estimates to be realistic?"

. 
. 
. ** Question 3
. encode b3, gen(question_b3) label(likely)

. label var question_b3 "Risk that some Parties will set less ambitious NDCs to 
> benefit from selling any overachievement as ITMOs to other Parties"
note: label truncated to 80 characters

. 
. 
. ** Question 4
. label define useful2 1 "Not useful at all" 2 "Not very useful" 3 "Somewhat use
> ful" 4 "Very useful" 99 "Don’t know"

. foreach var in b4sq002 b4sq003 b4sq004 b4sq005  {
  2. encode `var', gen(`var'_enc) label (useful2)
  3. }

. 
. rename b4sq002_enc question_b4_1

. label var question_b4_1 "NDCs are economy-wide targets"

. rename b4sq003_enc question_b4_2

. label var question_b4_2 "NDCs cover all GHGs"

. rename b4sq004_enc question_b4_3

. label var question_b4_3 "NDCs are expressed as GHG emissions"

. rename b4sq005_enc question_b4_4

. label var question_b4_4 "NDCs use a common time frame"

. 
. 
. 
. 
. 
. 
. 
. 
. 
. 
. *** C: Negotiation Approach 
. label define negotiate 1 "Not reflecting at all" 2 "To a little extent" 3 "To 
> some extent" 4 "To a great extent" 5 "Exactly reflecting"

. foreach var in tc1sq001 tc1sq002 tc139161 tc1sq003 tc1sq004 tc136613 tc1sq005 
> {
  2. encode `var', gen(`var'_enc) label (negotiate)
  3. }

. 
. rename tc1sq001_enc negotiate1

. lab var negotiate1 "Make unrealistic requests to get an acceptable result"

. rename tc1sq002_enc negotiate2

. lab var negotiate2 "Threat to leave the negotiationsto get bargaining power"

. rename tc139161_enc negotiate3

. lab var negotiate3 "Building trust"

. rename tc1sq003_enc negotiate4

. lab var negotiate4 "Keep one’s cards closed an only gradually and tactically o
> pen them"

. rename tc1sq004_enc negotiate5

. lab var negotiate5 "Don't give anything without taking something in return"

. rename tc136613_enc negotiate6

. lab var negotiate6 "Make the first offer to lead and frame the negotiation to 
> own advantage"

. rename tc1sq005_enc negotiate7

. lab var negotiate7 "Assuming multilateral agreements as the only solution to t
> he climate problem"

. 
. 
. *** Economic Quesitons (Treatment B)
. label define agree 1 "Do not agree at all" 2 "Disagree to some extent" 3 "Neut
> ral" 4 "Agree to some extent" 5 "Agree to a great extent"

. foreach var in tb1sq0011 tb1sq0021 tb1sq0031 tb1sq0041 tb1sq0051 tb1sq0061  {
  2. encode `var', gen(`var'_enc) label(agree)
  3. }

. 
. rename tb1sq0011_enc tech_ms_1

. label var tech_ms_1 "Future generations richer and better equipped to deal wit
> h adverse impacts of climate change"
note: label truncated to 80 characters

. rename tb1sq0021_enc tech_ms_2

. label var tech_ms_2 "Technological innovation offers a suitable solution"

. rename tb1sq0031_enc tech_ms_3

. label var tech_ms_3 "The present costs and future benefits to society must be 
> weighed off"

. rename tb1sq0041_enc tech_ms_4

. label var tech_ms_4 "The usage of conventional energy sources is inevitable as
>  global energy demand is too high to be covered by renewable energy"
note: label truncated to 80 characters

. rename tb1sq0051_enc tech_ms_5

. label var tech_ms_5 "Technological innovations for climate change emerge more 
> likely in a free-market economy without much interference from the Government"
note: label truncated to 80 characters

. rename tb1sq0061_enc tech_ms_6

. label var tech_ms_6 "The transformation towards a sustainable society is possi
> ble by making productions more resourcesaving and without harming the economy"
note: label truncated to 80 characters

. 
. 
. 
. foreach var in tb1sq0012 tb1sq0022 tb1sq0032 tb1sq0042 tb1sq0052 tb1sq0062  {
  2. encode `var', gen(`var'_enc) label(yes_no)
  3. }

. rename tb1sq0012_enc  tech_ms_1_read

. label var tech_ms_1_read "Read scientific studies on economics 1"

. rename tb1sq0022_enc  tech_ms_2_read

. label var tech_ms_2_read "Read scientific studies on economics 2"

. rename tb1sq0032_enc  tech_ms_3_read

. label var tech_ms_3_read "Read scientific studies on economics 3"

. rename tb1sq0042_enc  tech_ms_4_read

. label var tech_ms_4_read "Read scientific studies on economics 4"

. rename tb1sq0052_enc  tech_ms_5_read

. label var tech_ms_5_read "Read scientific studies on economics 5"

. rename tb1sq0062_enc  tech_ms_6_read

. label var tech_ms_6_read "Read scientific studies on economics 6"

. 
. replace tb2sq001="Don’t know" if tb2sq001=="Don't know"
variable tb2sq001 was str10 now str12
(157 real changes made)

. encode tb2sq001, gen(econ_shared_oppinion) label (yes_no_idk)

. label var econ_shared_oppinion "Most people in my delegation share the opinion
>  towards economy"

. 
. * Econ knowledge
. gen econ_know= tech_ms_1_read+ tech_ms_2_read+ tech_ms_3_read+ tech_ms_4_read+
>  tech_ms_5_read+ tech_ms_6_read

. label var econ_know "How well is the person informed; tech_ms_1_read +..+ tech
> _ms_6_read"

. 
. 
. *** Sociodemographics
. label define gender 1 "Female" 2 "Male" 3 "Other" 4 "Prefer not to say"

. encode sd1 , gen(gender) lab(gender)

. label variable gender "Gender"

. 
. gen female=.
(277 missing values generated)

. replace female = 1 if gender==1
(89 real changes made)

. replace female = 0 if gender==2 | gender==3 | gender==4
(188 real changes made)

. label var female "female=1, other=0"

. 
. 
. rename sd13sq001_sq001 birth_yr

. label variable birth_yr "Year of birth"

. 
. gen age = 2020 - birth_yr

. label var age "Age"

. 
. rename sd14sq001_sq001 country_home

. label variable country_home "Home country"

. replace country_home = "Japan" if country_home=="japan"
(1 real change made)

. replace country_home = "Mexico" if country_home=="mexico"
(1 real change made)

. replace country_home = "Senegal" if country_home=="senegal"
(1 real change made)

. replace country_home = "Paraguay" if country_home=="paraguay"
(2 real changes made)

. replace country_home = "Senegal" if country_home=="senegal"
(0 real changes made)

. replace country_home = "Samos" if country_home=="samos"
(1 real change made)

. replace country_home = "Sudan" if country_home=="sudan"
(2 real changes made)

. replace country_home = "USA" if country_home=="United States"
(1 real change made)

. replace country_home = "Togo" if country_home=="Togo " | country_home=="TOGO"
(1 real change made)

. replace country_home = "Côte d'Ivoire" if country_home=="CÔTE D'IVOIRE " | cou
> ntry_home=="Côte d’Ivoire" | country_home == "COTE D'IVOIRE"  | country_home =
> = "CÔTE D'IVOIRE" 
(5 real changes made)

. replace country_home = "Fiji" if country_home=="Fiji "
(0 real changes made)

. replace country_home = "Turkey" if country_home=="Türkiye"
(1 real change made)

. replace country_home = "Tanzania" if country_home== "Tanzania, United Republic
>  of, " | country_home== "Tanzania, United Republic of,"
(1 real change made)

. replace country_home = "Poland" if country_home=="PL"
(1 real change made)

. replace country_home = "Mongolia" if country_home=="Mongolia "
(0 real changes made)

. 
. rename sd14sq002_sq001 country_citizen

. label variable country_citizen "Country of citizenship"

. 
. 
. ** Infomraiton Source for climate change
. foreach var in sd4sq001 sd4sq002 sd4sq003 sd4sq004 sd4sq005 {
  2. encode `var', gen(`var'_enc) label(yes_no)
  3. }

. rename sd4sq001_enc info_cc_1

. label var info_cc_1 "Quality Media (Newspapers, Radio, TV)"

. rename sd4sq002_enc info_cc_2

. label var info_cc_2 "Meetings with advocacy groups"

. rename sd4sq003_enc info_cc_3

. label var info_cc_3 "Government documents/briefings"

. rename sd4sq004_enc info_cc_4

. label var info_cc_4 "Scientific journals"

. rename sd4sq005_enc info_cc_5

. label var info_cc_5 "Other: Grey literature, internet sources, books"

. 
. ** Influencial groups
. foreach var in sd3sq001 sd3sq002 sd3sq003 sd3sq004 sd3sq005 sd3sq006  {
  2. encode `var', gen(`var'_enc) label(yes_no)
  3. }

. rename sd3sq001_enc influential_1

. label var influential_1 "Industrial manufacturing"

. rename sd3sq002_enc influential_2

. label var influential_2 "Financial sector"

. rename sd3sq003_enc influential_3

. label var influential_3 "Agricultural sector"

. rename sd3sq004_enc influential_4

. label var influential_4 "Environmental groups"

. rename sd3sq005_enc influential_5

. label var influential_5 "Human rights groups (e.g. indigenous groups)"

. rename sd3sq006_enc influential_6

. label var influential_6 "Protests groups (Fridays for Future, activists)"

. rename sd3other influential_other

. label var influential_other "Others"

. 
. ** Education
. foreach var in sd5sq001 sd5sq002 sd571057 sd571058 {
  2. encode `var', gen(`var'_enc) label(yes_no)
  3. }

. rename sd5sq001_enc edu_natural_science

. label var edu_natural_science "Highest degree in Natural Science"

. rename sd5sq001comment edu_natural_science_specify

. 
. rename sd5sq002_enc edu_social_science

. label var edu_social_science "Highest degree in Social Science"

. rename sd5sq002comment edu_social_science_specify

. 
. rename sd571057_enc edu_mix

. label var edu_mix "Highest degree in Mix of Natural and Social Sciences"

. rename sd571057comment edu_mix_specify

. 
. rename sd571058_enc edu_law

. label var edu_law "Highest degree in Law"

. rename sd571058comment edu_law_specify

. 
. rename sd5other edu_other

. label var edu_other "Other"

. rename sd5othercomment edu_other_specify

. 
. gen edu=.
(277 missing values generated)

. replace edu = 1 if edu_natural_science==1
(148 real changes made)

. replace edu = 2 if edu_social_science==1
(74 real changes made)

. replace edu = 3 if edu_mix==1
(53 real changes made)

. replace edu = 4 if edu_law==1
(27 real changes made)

. replace edu = 5 if edu_other!=""
(23 real changes made)

. label define edu 1 "Natural Science" 2 "Social Science" 3 "Mix: Social&Natural
> " 4 "Law" 5 "Other"

. label value edu edu

. label var edu "Field in which highes degree was obtained"

. 
. gen edu_specify=""
(277 missing values generated)

. replace edu_specify = edu_natural_science_specify if edu ==1
variable edu_specify was str1 now str105
(119 real changes made)

. replace edu_specify = edu_social_science_specify if edu ==2
(51 real changes made)

. replace edu_specify = edu_mix_specify if edu ==3
(43 real changes made)

. replace edu_specify = edu_law_specify if edu ==4
(12 real changes made)

. replace edu_specify = edu_other_specify if edu ==5
(22 real changes made)

. lab var edu_specify "Educiation Specify:"

. 
. ** Organizaton working for
. foreach var in sd6sq001 sd6sq002 sd6sq003 sd6sq004 sd6sq005 sd6sq006 {
  2. encode `var', gen(`var'_enc) label(yes_no)
  3. }

. 
. gen organization=.
(277 missing values generated)

. replace organization=1 if sd6sq001_enc==1
(22 real changes made)

. replace organization=2 if sd6sq002_enc==1
(195 real changes made)

. replace organization=3 if sd6sq003_enc==1
(47 real changes made)

. replace organization=4 if sd6sq004_enc==1
(11 real changes made)

. replace organization=5 if sd6sq005_enc==1
(30 real changes made)

. replace organization=6 if sd6sq006_enc==1
(7 real changes made)

. replace organization=7 if sd6other!=""
(26 real changes made)

. label define orga 1 "Internat. Gov. Organization" 2 "Nat. Gov. Organization" 3
>  "University/Research Institute" 4 "Private Company" 5 "Environmental NGO" 6 "
> Non-Environmental NGO" 7 "Other"

. label values organization orga

. label variable organization "Type of organization currently working for"

. 
. rename sd6other organization_other

. label variable organization_other "Other"

. 
. ** Agreement with other delegates
. encode  sd9, gen(agreement) label(extent2)

. lab var agreement "Agreement within delegation"

. 
. ** COPs attended
. rename sd7sq001_sq001 cops_attended

. 
. ** Whats your influence?
. label define influential1 1 "Not influential" 2 "Somewhat influential" 3 "Very
>  influential" 99 "Don’t know"

. encode sd8 , gen(influence) lab(influential1)

. label var influence "How influential do you see yourself inside your delegatio
> n the last COP?"

. 
. ** Book recommendation
. replace sd10="Good Economics for Hard Times" if sd10=="Good Economics for Hard
>  Times by Abhijit V. Banerjee and Esther DufloIt shows how economics, when don
> e right, can help us solve the thorniest social and political problems of our 
> day. We have the resources to address the challenges we face but we are so oft
> en blinded by ideology."
(113 real changes made)

. replace sd10="More from Less" if sd10=="More from Less by Andrew McAffeeIt arg
> ues that we don’t need to make radical changes to solve our ecological problem
> s. Instead, we need to do more of what we are already doing: growing technolog
> ically sophisticated market-based economies around the world."
(80 real changes made)

. replace sd10="Doughnut Economics" if sd10=="Doughnut Economics by Kate Rawarth
>  It points out how we can break our addiction to growth; redesign finance and 
> business to be in service to people; and create economies that are regenerativ
> e and distributive by design."
(84 real changes made)

. 
. label define book 1 "Good Economics for Hard Times" 2 "More from Less" 3 "Doug
> hnut Economics"

. encode sd10, gen(book) label(book)

. lab var book "Book recommendation for delegation"

. 
. * Book-Dummies
. gen book1=.
(277 missing values generated)

. replace book1 = 1 if book==1
(113 real changes made)

. replace book1 = 0 if book==2 | book==3
(164 real changes made)

. label var book1 "Good Economics for Hard Times, dealing with current critical 
> economic problems"

. 
. gen book2 = .
(277 missing values generated)

. replace book2 = 1 if book==2
(80 real changes made)

. replace book2 = 0 if book==1 | book==3
(197 real changes made)

. label var book2 "More from less, a new reason for optimism"

. 
. gen book3 =.
(277 missing values generated)

. replace book3  = 1 if book==3
(84 real changes made)

. replace book3  = 0 if book==1 | book==2
(193 real changes made)

. label var book3  "Doughnut Economics, Economics is broken- necessity of humani
> ty to fix the planet"

. 
. * Treatment
. gen treat_tech = (t_env - 1) *(-1)

. lab var treat_tech "Technological optimism made salient (compared to env. caut
> ion)"

. lab define tech_opt 0 "Env. caution" 1 "Techn. optimism"

. lab val treat_tech tech_opt

. 
. 
. 
. * Comments
. rename pleaseleaveanyothercomment comment

. lab var comment "Open comment"

. 
. 
. 
. 
. 
. 
. 
. 
. 
. *--------------
. * IV) Country names & continents
. *--------------
. 
. *----------------
. * i) RENAME/UNIFY COUNTRY-NAMES
. *---------------------
. replace country_home = strtrim(country_home) // delete trailing spaces after c
> ountry name
(0 real changes made)

. 
. replace country_home = "Côte d’Ivoire" if country_home == "Cote d'Ivoire" | co
> untry_home == "Côte d'Ivoire"
(11 real changes made)

. replace country_home = "Czechia" if country_home == "Czech Rep"
(1 real change made)

. replace country_home = "Republic of Korea" if country_home == "Korea Rep"
(0 real changes made)

. replace country_home = "Lao People's Democratic Republic" if country_home == "
> Laos"
(1 real change made)

. replace country_home = "Timor-Leste" if country_home == "Timor Leste" 
(1 real change made)

. replace country_home = "United Arab Emirates" if country_home == "UAE" 
(1 real change made)

. replace country_home = "United States of America" if country_home == "USA" 
(2 real changes made)

. replace country_home = "Viet Nam" if country_home == "Vietnam" 
(1 real change made)

. 
. replace country_home = "Japan" if country_home == "JAPAN"
(1 real change made)

. replace country_home = "Algeria" if country_home == "Algérie"
(1 real change made)

. replace country_home = "Indonesia" if country_home == "Republic of Indonesia"
(1 real change made)

. replace country_home = "Sudan" if country_home == "sudan"
(0 real changes made)

. replace country_home = "Finland" if country_home == "FI"
(2 real changes made)

. replace country_home = "Uganda" if country_home == "KAMPALA"
(1 real change made)

. replace country_home = "Equatorial Guinea" if country_home == "Ecuatorial Guin
> ea"
(1 real change made)

. replace country_home = "Democratic Republic of the Congo" if country_home == "
> Congo (DRC)"
(1 real change made)

. replace country_home = "Botswana" if country_home == "BOTSWANA"
(1 real change made)

. replace country_home = "Panama" if country_home == "Panamá"
(1 real change made)

. replace country_home = "Madagascar" if country_home == "Antananarivo"
(1 real change made)

. replace country_home = "Tunisia" if country_home == "Tunisie"
(1 real change made)

. replace country_home = "Tunisia" if country_home == "TUNISIA"
(1 real change made)

. replace country_home = "Benin" if country_home == "Republic of Benin"
(1 real change made)

. replace country_home = "Senegal" if country_home == "Sénégal"
(3 real changes made)

. replace country_home = "Chad" if country_home == "Tchad" | country_home == "TC
> HAD"
(2 real changes made)

. replace country_home = "Somalia" if country_home == "SOMALIA"
(1 real change made)

. replace country_home = "Greece" if country_home == "GREECE"
(1 real change made)

. replace country_home = "Senegal" if country_home == "SENEGAL"
(2 real changes made)

. replace country_home = "Cameroon" if country_home == "Cameroun"
(1 real change made)

. replace country_home = "Niger" if country_home == "Republique du Niger"
(1 real change made)

. replace country_home = "Denmark" if country_home == "Danmark"
(1 real change made)

. replace country_home = "Kazakhstan" if country_home == "Republic of Kazakhstan
> "
(1 real change made)

. replace country_home = "Haiti" if country_home == "Haïti"
(1 real change made)

. replace country_home = "Congo" if country_home == "Republic of congo" | countr
> y_home == "Republic of Congo"
(2 real changes made)

. replace country_home = "Italy" if country_home == "Italia"
(1 real change made)

. replace country_home = "Liechtenstein" if country_home == "Principality of Lie
> chtenstein"
(1 real change made)

. replace country_home = "Greece" if country_home == "Samos"
(1 real change made)

. replace country_home = "Equatorial Guinea" if country_home == "Guinea Ecuatori
> al"
(2 real changes made)

. replace country_home = "Micronesia" if country_home == "Federated States of Mi
> cronesia"
(1 real change made)

. replace country_home = "Comoros" if country_home == "Comores"
(1 real change made)

. replace country_home = "Comoros" if country_home == "COMOROS"
(1 real change made)

. replace country_home = "Lao People's Democratic Republic" if country_home == "
> Lao PDR"
(1 real change made)

. replace country_home = "Democratic Republic of the Congo" if country_home == "
> Democratic Republic of Congo"
(1 real change made)

. replace country_home = "Burundi" if country_home == "BURUNDI"
(1 real change made)

. replace country_home = "Vanuatu" if country_home == "vanuatu"
(1 real change made)

. replace country_home = "Bosnia and Herzegovina" if country_home == "BOSNIA AND
>  HERZEGOVINA"
(1 real change made)

. replace country_home = "Belgium" if country_home == "BELGIUM"
(1 real change made)

. 
. 
. 
. *----------------
. * ii) ASSIGN COUNTRIES TO CONTINENTS
. *---------------------
. gen continent = ""
(277 missing values generated)

. ***Africa
. replace continent = "Africa" if country_home == "Algeria"
variable continent was str1 now str6
(1 real change made)

. replace continent = "Africa" if country_home == "Angola"
(1 real change made)

. replace continent = "Africa" if country_home == "Benin"
(3 real changes made)

. replace continent = "Africa" if country_home == "Botswana"
(3 real changes made)

. replace continent = "Africa" if country_home == "Burkina Faso"
(3 real changes made)

. replace continent = "Africa" if country_home == "Burundi"
(3 real changes made)

. replace continent = "Africa" if country_home == "Cabo Verde"
(0 real changes made)

. replace continent = "Africa" if country_home == "Cameroon"
(2 real changes made)

. replace continent = "Africa" if country_home == "Central African Republic"
(0 real changes made)

. replace continent = "Africa" if country_home == "Chad"
(3 real changes made)

. replace continent = "Africa" if country_home == "Comoros"
(3 real changes made)

. replace continent = "Africa" if country_home == "Congo"
(2 real changes made)

. replace continent = "Africa" if country_home == "Democratic Republic of the Co
> ngo"
(4 real changes made)

. replace continent = "Africa" if country_home == "Djibouti"
(0 real changes made)

. replace continent = "Africa" if country_home == "Egypt"
(3 real changes made)

. replace continent = "Africa" if country_home == "Equatorial Guinea"
(3 real changes made)

. replace continent = "Africa" if country_home == "Eritrea"
(0 real changes made)

. replace continent = "Africa" if country_home == "Eswatini"
(0 real changes made)

. replace continent = "Africa" if country_home == "Ethiopia"
(3 real changes made)

. replace continent = "Africa" if country_home == "Gabon"
(0 real changes made)

. replace continent = "Africa" if country_home == "Gambia"
(1 real change made)

. replace continent = "Africa" if country_home == "Ghana"
(6 real changes made)

. replace continent = "Africa" if country_home == "Guinea"
(0 real changes made)

. replace continent = "Africa" if country_home == "Guinea-Bissau"
(0 real changes made)

. replace continent = "Africa" if country_home == "Côte d’Ivoire"
(11 real changes made)

. replace continent = "Africa" if country_home == "Kenya"
(1 real change made)

. replace continent = "Africa" if country_home == "Lesotho"
(1 real change made)

. replace continent = "Africa" if country_home == "Liberia"
(0 real changes made)

. replace continent = "Africa" if country_home == "Libya"
(0 real changes made)

. replace continent = "Africa" if country_home == "Madagascar"
(6 real changes made)

. replace continent = "Africa" if country_home == "Malawi"
(1 real change made)

. replace continent = "Africa" if country_home == "Mali"
(2 real changes made)

. replace continent = "Africa" if country_home == "Mauritania"
(0 real changes made)

. replace continent = "Africa" if country_home == "Mauritius"
(0 real changes made)

. replace continent = "Africa" if country_home == "Morocco"
(3 real changes made)

. replace continent = "Africa" if country_home == "Mozambique"
(0 real changes made)

. replace continent = "Africa" if country_home == "Namibia"
(1 real change made)

. replace continent = "Africa" if country_home == "Niger"
(3 real changes made)

. replace continent = "Africa" if country_home == "Nigeria"
(7 real changes made)

. replace continent = "Africa" if country_home == "Rwanda"
(3 real changes made)

. replace continent = "Africa" if country_home == "Sao Tome and Principe"
(0 real changes made)

. replace continent = "Africa" if country_home == "Senegal"
(8 real changes made)

. replace continent = "Africa" if country_home == "Seychelles"
(2 real changes made)

. replace continent = "Africa" if country_home == "Sierra Leone"
(2 real changes made)

. replace continent = "Africa" if country_home == "Somalia"
(1 real change made)

. replace continent = "Africa" if country_home == "South Africa"
(1 real change made)

. replace continent = "Africa" if country_home == "South Sudan"
(0 real changes made)

. replace continent = "Africa" if country_home == "Sudan"
(5 real changes made)

. replace continent = "Africa" if country_home == "Tanzania"
(3 real changes made)

. replace continent = "Africa" if country_home == "Togo"
(4 real changes made)

. replace continent = "Africa" if country_home == "Tunisia"
(3 real changes made)

. replace continent = "Africa" if country_home == "Uganda"
(3 real changes made)

. replace continent = "Africa" if country_home == "Zambia"
(5 real changes made)

. replace continent = "Africa" if country_home == "Zimbabwe"
(6 real changes made)

. 
. ***Asia
. replace continent = "Asia" if country_home == "Afghanistan"
(3 real changes made)

. replace continent = "Asia" if country_home == "Armenia"
(1 real change made)

. replace continent = "Asia" if country_home == "Azerbaijan"
(0 real changes made)

. replace continent = "Asia" if country_home == "Bahrain"
(0 real changes made)

. replace continent = "Asia" if country_home == "Bangladesh"
(2 real changes made)

. replace continent = "Asia" if country_home == "Bhutan"
(1 real change made)

. replace continent = "Asia" if country_home == "British Indian Ocean Territory 
> (UK territory)"
(0 real changes made)

. replace continent = "Asia" if country_home == "Brunei Darussalam"
(0 real changes made)

. replace continent = "Asia" if country_home == "Cambodia"
(2 real changes made)

. replace continent = "Asia" if country_home == "China"
(1 real change made)

. replace continent = "Asia" if country_home == "Georgia"
(1 real change made)

. replace continent = "Asia" if country_home == "Hong Kong"
(0 real changes made)

. replace continent = "Asia" if country_home == "India"
(0 real changes made)

. replace continent = "Asia" if country_home == "Indonesia"
(6 real changes made)

. replace continent = "Asia" if country_home == "Iran"
(0 real changes made)

. replace continent = "Asia" if country_home == "Iraq"
(0 real changes made)

. replace continent = "Asia" if country_home == "Israel"
(0 real changes made)

. replace continent = "Asia" if country_home == "Japan"
(2 real changes made)

. replace continent = "Asia" if country_home == "Jordan"
(1 real change made)

. replace continent = "Asia" if country_home == "Kazakhstan"
(2 real changes made)

. replace continent = "Asia" if country_home == "Kuwait"
(0 real changes made)

. replace continent = "Asia" if country_home == "Kyrgyzstan"
(1 real change made)

. replace continent = "Asia" if country_home == "Lao People's Democratic Republi
> c"
(2 real changes made)

. replace continent = "Asia" if country_home == "Lebanon"
(1 real change made)

. replace continent = "Asia" if country_home == "Macau"
(0 real changes made)

. replace continent = "Asia" if country_home == "Malaysia"
(0 real changes made)

. replace continent = "Asia" if country_home == "Maldives"
(2 real changes made)

. replace continent = "Asia" if country_home == "Mongolia"
(2 real changes made)

. replace continent = "Asia" if country_home == "Myanmar"
(0 real changes made)

. replace continent = "Asia" if country_home == "Nepal"
(3 real changes made)

. replace continent = "Asia" if country_home == "Democratic People's Republic of
>  Korea"
(0 real changes made)

. replace continent = "Asia" if country_home == "Oman"
(0 real changes made)

. replace continent = "Asia" if country_home == "Pakistan"
(1 real change made)

. replace continent = "Asia" if country_home == "State of Palestine"
(0 real changes made)

. replace continent = "Asia" if country_home == "Philippines"
(1 real change made)

. replace continent = "Asia" if country_home == "Qatar"
(0 real changes made)

. replace continent = "Asia" if country_home == "Saudi Arabia"
(0 real changes made)

. replace continent = "Asia" if country_home == "Singapore"
(0 real changes made)

. replace continent = "Asia" if country_home == "Republic of Korea"
(1 real change made)

. replace continent = "Asia" if country_home == "Sri Lanka"
(1 real change made)

. replace continent = "Asia" if country_home == "Syrian Arab Republic"
(0 real changes made)

. replace continent = "Asia" if country_home == "Taiwan"
(0 real changes made)

. replace continent = "Asia" if country_home == "Tajikistan"
(0 real changes made)

. replace continent = "Asia" if country_home == "Thailand"
(4 real changes made)

. replace continent = "Asia" if country_home == "Timor-Leste"
(2 real changes made)

. replace continent = "Asia" if country_home == "Turkmenistan"
(0 real changes made)

. replace continent = "Asia" if country_home == "United Arab Emirates"
(1 real change made)

. replace continent = "Asia" if country_home == "Uzbekistan"
(0 real changes made)

. replace continent = "Asia" if country_home == "Viet Nam"
(1 real change made)

. replace continent = "Asia" if country_home == "Yemen"
(0 real changes made)

. 
. ***Europe
. replace continent = "Europe" if country_home == "Albania"
(1 real change made)

. replace continent = "Europe" if country_home == "Andorra"
(0 real changes made)

. replace continent = "Europe" if country_home == "Austria"
(4 real changes made)

. replace continent = "Europe" if country_home == "Belarus"
(0 real changes made)

. replace continent = "Europe" if country_home == "Belgium"
(4 real changes made)

. replace continent = "Europe" if country_home == "Bosnia and Herzegovina"
(6 real changes made)

. replace continent = "Europe" if country_home == "Bulgaria"
(0 real changes made)

. replace continent = "Europe" if country_home == "Croatia"
(1 real change made)

. replace continent = "Europe" if country_home == "Cyprus"
(0 real changes made)

. replace continent = "Europe" if country_home == "Czechia"
(1 real change made)

. replace continent = "Europe" if country_home == "Denmark"
(1 real change made)

. replace continent = "Europe" if country_home == "Estonia"
(0 real changes made)

. replace continent = "Europe" if country_home == "Finland"
(6 real changes made)

. replace continent = "Europe" if country_home == "France"
(0 real changes made)

. replace continent = "Europe" if country_home == "Germany"
(8 real changes made)

. replace continent = "Europe" if country_home == "Greece"
(2 real changes made)

. replace continent = "Europe" if country_home == "Hungary"
(4 real changes made)

. replace continent = "Europe" if country_home == "Iceland"
(0 real changes made)

. replace continent = "Europe" if country_home == "Ireland"
(1 real change made)

. replace continent = "Europe" if country_home == "Italy"
(6 real changes made)

. replace continent = "Europe" if country_home == "Latvia"
(0 real changes made)

. replace continent = "Europe" if country_home == "Liechtenstein"
(1 real change made)

. replace continent = "Europe" if country_home == "Lithuania"
(1 real change made)

. replace continent = "Europe" if country_home == "Luxembourg"
(2 real changes made)

. replace continent = "Europe" if country_home == "Malta"
(0 real changes made)

. replace continent = "Europe" if country_home == "Republic of Moldova"
(0 real changes made)

. replace continent = "Europe" if country_home == "Monaco"
(1 real change made)

. replace continent = "Europe" if country_home == "Montenegro"
(0 real changes made)

. replace continent = "Europe" if country_home == "Netherlands"
(0 real changes made)

. replace continent = "Europe" if country_home == "The former Yugoslav Republic 
> of Macedonia"
(0 real changes made)

. replace continent = "Europe" if country_home == "Norway"
(4 real changes made)

. replace continent = "Europe" if country_home == "Poland"
(3 real changes made)

. replace continent = "Europe" if country_home == "Portugal"
(0 real changes made)

. replace continent = "Europe" if country_home == "Romania"
(1 real change made)

. replace continent = "Europe" if country_home == "Russian Federation"
(0 real changes made)

. replace continent = "Europe" if country_home == "San Marino"
(0 real changes made)

. replace continent = "Europe" if country_home == "Serbia"
(2 real changes made)

. replace continent = "Europe" if country_home == "Slovakia"
(0 real changes made)

. replace continent = "Europe" if country_home == "Slovenia"
(1 real change made)

. replace continent = "Europe" if country_home == "Spain"
(1 real change made)

. replace continent = "Europe" if country_home == "Sweden"
(0 real changes made)

. replace continent = "Europe" if country_home == "Switzerland"
(4 real changes made)

. replace continent = "Europe" if country_home == "Turkey"
(2 real changes made)

. replace continent = "Europe" if country_home == "Ukraine"
(0 real changes made)

. replace continent = "Europe" if country_home == "UK"
(0 real changes made)

. replace continent = "Europe" if country_home == "Vatican City (Holy See)"
(0 real changes made)

. replace continent = "Europe" if country_home == "European Union"
(0 real changes made)

. 
. ***North America
. replace continent = "North America" if country_home == "Antigua and Barbuda"
(0 real changes made)

. replace continent = "North America" if country_home == "Bahamas"
(0 real changes made)

. replace continent = "North America" if country_home == "Barbados"
(0 real changes made)

. replace continent = "North America" if country_home == "Belize"
variable continent was str6 now str13
(2 real changes made)

. replace continent = "North America" if country_home == "Canada"
(3 real changes made)

. replace continent = "North America" if country_home == "Costa Rica"
(1 real change made)

. replace continent = "North America" if country_home == "Cuba"
(0 real changes made)

. replace continent = "North America" if country_home == "Dominica"
(0 real changes made)

. replace continent = "North America" if country_home == "Dominican Republic"
(2 real changes made)

. replace continent = "North America" if country_home == "El Salvador"
(0 real changes made)

. replace continent = "North America" if country_home == "Grenada"
(0 real changes made)

. replace continent = "North America" if country_home == "Guatemala"
(2 real changes made)

. replace continent = "North America" if country_home == "Haiti"
(2 real changes made)

. replace continent = "North America" if country_home == "Honduras"
(0 real changes made)

. replace continent = "North America" if country_home == "Jamaica"
(0 real changes made)

. replace continent = "North America" if country_home == "Mexico"
(2 real changes made)

. replace continent = "North America" if country_home == "Nicaragua"
(0 real changes made)

. replace continent = "North America" if country_home == "Panama"
(2 real changes made)

. replace continent = "North America" if country_home == "Saint Kitts and Nevis"
(0 real changes made)

. replace continent = "North America" if country_home == "Saint Lucia"
(0 real changes made)

. replace continent = "North America" if country_home == "Saint Vincent and the 
> Grenadines"
(0 real changes made)

. replace continent = "North America" if country_home == "Trinidad and Tobago"
(0 real changes made)

. replace continent = "North America" if country_home == "United States of Ameri
> ca"
(2 real changes made)

. 
. *** South America
. replace continent = "South America" if country_home == "Argentina"
(1 real change made)

. replace continent = "South America" if country_home == "Bolivia"
(0 real changes made)

. replace continent = "South America" if country_home == "Brazil"
(4 real changes made)

. replace continent = "South America" if country_home == "Chile"
(1 real change made)

. replace continent = "South America" if country_home == "Colombia"
(0 real changes made)

. replace continent = "South America" if country_home == "Ecuador"
(2 real changes made)

. replace continent = "South America" if country_home == "Guyana"
(0 real changes made)

. replace continent = "South America" if country_home == "Paraguay"
(2 real changes made)

. replace continent = "South America" if country_home == "Peru"
(1 real change made)

. replace continent = "South America" if country_home == "Suriname"
(1 real change made)

. replace continent = "South America" if country_home == "Uruguay"
(0 real changes made)

. replace continent = "South America" if country_home == "Venezuela"
(0 real changes made)

. 
. *** Oceania
. replace continent = "Oceania" if country_home == "Australia"
(0 real changes made)

. replace continent = "Oceania" if country_home == "Fiji"
(3 real changes made)

. replace continent = "Oceania" if country_home == "Kiribati"
(0 real changes made)

. replace continent = "Oceania" if country_home == "Marshall Islands"
(0 real changes made)

. replace continent = "Oceania" if country_home == "Micronesia"
(1 real change made)

. replace continent = "Oceania" if country_home == "Nauru"
(0 real changes made)

. replace continent = "Oceania" if country_home == "New Zealand"
(0 real changes made)

. replace continent = "Oceania" if country_home == "Palau"
(0 real changes made)

. replace continent = "Oceania" if country_home == "Papua New Guinea"
(1 real change made)

. replace continent = "Oceania" if country_home == "Samoa"
(1 real change made)

. replace continent = "Oceania" if country_home == "Solomon Islands"
(0 real changes made)

. replace continent = "Oceania" if country_home == "Tonga"
(0 real changes made)

. replace continent = "Oceania" if country_home == "Tuvalu"
(0 real changes made)

. replace continent = "Oceania" if country_home == "Vanuatu"
(2 real changes made)

. replace continent = "Oceania" if country_home == "Cook Islands"
(0 real changes made)

. replace continent = "Oceania" if country_home == "Niue"
(0 real changes made)

. 
. lab def conti 1 "Africa" 2 "Asia" 3 "Europe" 4 "North America" 5 "South Americ
> a" 6 "Oceania", replace

. encode continent, gen(continent2) lab(conti)

. drop continent

. rename continent2 continent

. lab var continent "Continent"

. 
. 
. 
. // Set "don't knows" to missings
. foreach v in agreement influence econ_shared_oppinion env_shared_oppinion acce
> pt_gdp_reduce accecpt_global_carbon glob_nat_interest question1_1 question1_2 
> question1_3 question2_1 question2_2 question2_3 question2_4 question2_5 questi
> on2_6 question3_1 question3_2 question3_3 question3_4 question4 question5_1 qu
> estion5_2 question5_3 question5_4 question5_5 question5_6 question5_7 question
> 5_8 question6 question7 question_b1 question_b2 question_b3 question_b4_1 ques
> tion_b4_2 question_b4_3 question_b4_4  {
  2. replace `v' = .d if `v' == 99
  3. }
(12 real changes made, 12 to missing)
(7 real changes made, 7 to missing)
(157 real changes made, 157 to missing)
(128 real changes made, 128 to missing)
(0 real changes made)
(19 real changes made, 19 to missing)
(12 real changes made, 12 to missing)
(3 real changes made, 3 to missing)
(8 real changes made, 8 to missing)
(7 real changes made, 7 to missing)
(12 real changes made, 12 to missing)
(17 real changes made, 17 to missing)
(11 real changes made, 11 to missing)
(27 real changes made, 27 to missing)
(24 real changes made, 24 to missing)
(16 real changes made, 16 to missing)
(8 real changes made, 8 to missing)
(5 real changes made, 5 to missing)
(16 real changes made, 16 to missing)
(12 real changes made, 12 to missing)
(17 real changes made, 17 to missing)
(42 real changes made, 42 to missing)
(47 real changes made, 47 to missing)
(36 real changes made, 36 to missing)
(28 real changes made, 28 to missing)
(40 real changes made, 40 to missing)
(38 real changes made, 38 to missing)
(46 real changes made, 46 to missing)
(36 real changes made, 36 to missing)
(6 real changes made, 6 to missing)
(24 real changes made, 24 to missing)
(19 real changes made, 19 to missing)
(74 real changes made, 74 to missing)
(25 real changes made, 25 to missing)
(7 real changes made, 7 to missing)
(12 real changes made, 12 to missing)
(15 real changes made, 15 to missing)
(14 real changes made, 14 to missing)

. 
. 
. *---Save clean1---*
. save "$datapath\delegates_clean1.dta", replace
file C:\Users\Max Burger\Google Drive\Promotion\Projects\Donia_Delegates\4_Carbo
> n_Prices\STATA\DTA-FILES\delegates_clean1.dta saved

. 
. 
. 
. 
. 
. 
. 
. /* Classification of Education [Answers loaded into excel and re-imported]
> import excel "C:\Users\Max Burger\HESSENBOX\2-Projekte (Björn Vollan)\Paper Su
> stUse\Donia_Delegates\4_Carbon_Prices\STATA\XLS-FILES\Classification_education
> .xlsx", sheet("Tabelle1") firstrow clear
> 
> 
> /*
> Specification in left columns
> 
> rename Agriculture edu_agri
> lab var edu_agri "Agricultural education"
> rename Biology edu_bio
> lab var edu_bio "Biological education"
> rename Climateenvironmentalscience edu_cli_env
> lab var edu_cli_env "Climate/Environmental science education"
> rename EconomicsBusiness edu_econ_bus
> lab var edu_econ_bus "Economic/business education"
> rename Developmentstudies edu_development
> lab var edu_development "Development studies education"
> rename Engineering edu_engineering
> lab var edu_engineering "Engineering education"
> rename Law edu_law
> lab var edu_law "Law"
> rename Other edu_other_specification
> lab var edu_other_specification "Other education"
> 
> foreach var in edu_agri edu_bio edu_cli_env edu_econ_bus edu_development edu_e
> ngineering {
> replace `var'= 0 if `var'== .
> }
> 
> replace edu_other_specification = 1 if edu_agri == 0 & edu_bio == 0 & edu_cli_
> env == 0 & edu_econ_bus == 0 & edu_development == 0 & edu_engineering == 0
> replace edu_other_specification = 0 if edu_agri != 0 | edu_bio != 0 | edu_cli_
> env != 0 | edu_econ_bus != 0 | edu_development != 0 | edu_engineering != 0
> 
> */
> 
> 
> * Specification in right columns
> rename natural_science educ_nat
> lab var educ_nat "Natural science educcation"
> rename economics educ_econ
> lab var educ_econ "Economics/business educcation"
> rename law educ_law
> lab var educ_law "Law educcation"
> rename social_sciences educ_social
> lab var educ_social "Social science educcation (other than econ/busin)"
> rename socialnatural educ_social_nat
> lab var educ_social_nat "Social & nautral sciences educcation"
> rename engineering educ_engin
> lab var educ_engin "Engineering educcation"
> rename U educ_other
> lab var educ_other "Other edcuation"
> rename climateenvironmentsustainabili env_cli_sust
> lab var env_cli_sust "Education related to enviornmental/climatic/sustainabili
> ty topics"
> 
> foreach var in educ_nat educ_econ educ_law educ_social educ_social_nat educ_en
> gin educ_other env_cli_sust {
> replace `var'= 0 if `var'== .
> }
> 
> replace educ_other = 1 if educ_nat == 0 & educ_econ == 0 & educ_law == 0 & edu
> c_social == 0 & educ_social_nat == 0 & educ_engin == 0 & educ_other == 0
> replace educ_other = 0 if educ_nat != 0 | educ_econ != 0 | educ_law != 0 | edu
> c_social != 0 | educ_social_nat != 0 | educ_engin != 0 | educ_other != 0
> 
> gen educ_type = .
> replace educ_type = 1 if educ_nat == 1
> replace educ_type = 2 if educ_econ == 1 
> replace educ_type = 3 if educ_social == 1
> replace educ_type = 4 if educ_social_nat == 1
> replace educ_type = 5 if educ_law == 1
> replace educ_type = 6 if educ_engin == 1
> replace educ_type = 7 if educ_other == 1
> lab var educ_type "Education type"
> lab define educ_type1 1 "Natural sciences" 2 "Economics/Business" 3 "Other soc
> ial sciences" 4 "Mix social & natural sciences" 5 "Law" 6 "Engineering" 7 "Oth
> er"
> lab val educ_type educ_type1
> 
> 
> keep id edu_specify educ_type educ_nat educ_econ educ_law educ_social educ_soc
> ial_nat educ_engin educ_other env_cli_sust
> 
> save "$datapath\edu_classification.dta", replace
> 
> 
> 
> 
> * Merge
> use "$datapath\delegates_clean1.dta", clear
> merge 1:1 id using "$datapath\edu_classification.dta", force
> 
> drop if _merge == 2 // doubles deleted
> drop _merge
> */
. 
. 
. *---Save clean2---*
. save "$datapath\delegates_clean2.dta", replace
file C:\Users\Max Burger\Google Drive\Promotion\Projects\Donia_Delegates\4_Carbo
> n_Prices\STATA\DTA-FILES\delegates_clean2.dta saved

. 
. 
. 
. 
. 
. 
. 
. 
. 
. 
. 
. *--------------
. * IV) Merge country-specifics
. *--------------
. 
. // Development level / Glob. South vs. North (following: UNCTAD https://unctad
> stat.unctad.org/EN/Classifications.html)
. import excel "C:\Users\Max Burger\HESSENBOX\2-Projekte (Björn Vollan)\Paper Su
> stUse\Donia_Delegates\8_Submission\NSUST\analysis\data\country-level indicator
> \DimCountries_All_Hierarchy.xls", sheet("DimCountries_All_Hierarchy") cellrang
> e(C4:D2410) firstrow case(lower) clear
(2 vars, 2,406 obs)

. 
. gen id = _n // Counting number of observation

. gen development = .
(2,406 missing values generated)

. replace development = 1 if id > 739  & id < 811
(71 real changes made)

. replace development = 2 if id > 994  & id < 1128
(133 real changes made)

. replace development = 3 if id > 1128 & id < 1182
(53 real changes made)

. lab define dev 1 "Developped" 2 "Developping" 3 "Least developped countries"

. lab val development dev

. lab var development "Development status"

. 
. gen global_south = .
(2,406 missing values generated)

. replace global_south = 0 if development == 1
(71 real changes made)

. replace global_south = 1 if development == 2 | development == 3 
(186 real changes made)

. lab define global 0 "Global North" 1 "Global South"

. lab val global_south global 

. 
. keep if development != .
(2,149 observations deleted)

. 
. * Unify country names
. rename label country_home

. replace country_home = "Democratic Republic of the Congo" if country_home == "
> Congo, Dem. Rep. of the"
(1 real change made)

. replace country_home = "Côte d’Ivoire" if country_home == "Cote d'Ivoire" | co
> untry_home == "Côte d'Ivoire"
(1 real change made)

. replace country_home = "Lao People's Democratic Republic" if country_home == "
> Lao People's Dem. Rep."
(1 real change made)

. replace country_home = "Micronesia" if country_home == "Micronesia (Federated 
> States of)"
(1 real change made)

. replace country_home = "Republic of Korea" if country_home == "Korea, Republic
>  of" 
(1 real change made)

. replace country_home = "Tanzania" if country_home == "Tanzania, United Republi
> c of" 
(1 real change made)

. replace country_home = "Turkey" if country_home == "Türkiye"
(1 real change made)

. replace country_home = "Switzerland" if country_home == "Switzerland, Liechten
> stein"
(1 real change made)

. 
. insobs 1
(1 observation added)

. replace country_home = "Liechtenstein" if country_home == ""
(1 real change made)

. replace development = 1 if country_home == "Liechtenstein" 
(1 real change made)

. replace global_south = 0 if country_home == "Liechtenstein"
(1 real change made)

. 
. keep country_home development global_south

. *---Development---*
. save "$datapath\development.dta", replace
file C:\Users\Max Burger\Google Drive\Promotion\Projects\Donia_Delegates\4_Carbo
> n_Prices\STATA\DTA-FILES\development.dta saved

. 
. 
. 
. // Innovation Index
. import delimited "C:\Users\Max Burger\HESSENBOX\2-Projekte (Björn Vollan)\Pape
> r SustUse\Donia_Delegates\8_Submission\NSUST\analysis\data\country-level indic
> ator\Global_Innovation_Index_2020.csv", delimiter(space) varnames(1) encoding(
> windows-1252) clear 
(1 var, 131 obs)

. split innovation_index, p(;)
variables created as string: 
innovation~1  innovation~2

. split innovation_index2
variables created as string: 
innovatio~21  innovatio~23  innovatio~25
innovatio~22  innovatio~24  innovatio~26

. drop innovation_index

. 
. rename innovation_index1 country_home 

. label var country_home "Home country"

. 
. rename innovation_index21 innovation_index

. lab var innovation_index "Global Innovation Index (2020)"

. destring innovation_index , replace
innovation_index: all characters numeric; replaced as double

. 
. rename innovation_index22 innovation_rank

. lab var innovation_rank "Rank by Global Innovation Index (2020)"

. destring innovation_rank , replace
innovation_rank: all characters numeric; replaced as int

. 
. * Unify country names
. replace country_home = "Congo" if country_home == "Congo (Kinshasa)"
(0 real changes made)

. replace country_home = "Czechia" if country_home == "Czech Republic"
(1 real change made)

. replace country_home = "Democratic Republic of the Congo" if country_home == "
> Congo (Brazzaville)"
(0 real changes made)

. replace country_home = "Egypt" if country_home == "Egypt, Arab Rep."
(0 real changes made)

. replace country_home = "Côte d’Ivoire" if country_home == "Cote d'Ivoire" | co
> untry_home == "Côte d'Ivoire"
(0 real changes made)

. replace country_home = "Lao People's Democratic Republic" if country_home == "
> Laos"
(0 real changes made)

. replace country_home = "Micronesia" if country_home == "Micronesia, Fed. Sts."
(0 real changes made)

. replace country_home = "United States of America" if country_home == "United S
> tates" 
(0 real changes made)

. replace country_home = "Viet Nam" if country_home == "Vietnam" 
(0 real changes made)

. replace country_home = "Gambia" if country_home == "The Gambia"
(0 real changes made)

. replace country_home = "Kyrgyzstan" if country_home == "Kyrgyz Republic"
(0 real changes made)

. 
. keep country_home innovation_index innovation_rank

. *---Innovation index---*
. save "$datapath\innovation_index.dta", replace
file C:\Users\Max Burger\Google Drive\Promotion\Projects\Donia_Delegates\4_Carbo
> n_Prices\STATA\DTA-FILES\innovation_index.dta saved

. 
. 
. 
. 
. 
. // Freedom house democracy index
. import excel "C:\Users\Max Burger\HESSENBOX\2-Projekte (Björn Vollan)\Paper Su
> stUse\Donia_Delegates\8_Submission\NSUST\analysis\data\country-level indicator
> \All_data_FIW_2013-2023.xlsx", sheet("FIW13-23") cellrange(A2:AR2307) firstrow
>  case(lower) clear
(44 vars, 2,305 obs)

. keep countryterritory edition status total

. keep if edition == 2020
(2,095 observations deleted)

. drop edition

. 
. gen freedom_house_status = .
(210 missing values generated)

. replace freedom_house_status = 1 if status == "NF" // Not free
(59 real changes made)

. replace freedom_house_status = 2 if status == "PF" // Partly Free
(67 real changes made)

. replace freedom_house_status = 3 if status == "F" // Free
(84 real changes made)

. 
. lab define status1 1 "Not free" 2 "Partly free" 3 "Free"

. lab val freedom_house_status status1

. label var freedom_house_status "Status as classified by freedom-house (2020)"

. 
. * Unify variable names
. rename countryterritory country_home

. label var country_home "Home country"

. 
. rename total freedom_house_index

. label var freedom_house_index "Freedom house index score by freedom-house (202
> 0)"

. 
. * Unify country names
. replace country_home = "Congo" if country_home == "Congo (Kinshasa)"
(1 real change made)

. replace country_home = "Czechia" if country_home == "Czech Republic"
(1 real change made)

. replace country_home = "Democratic Republic of the Congo" if country_home == "
> Congo (Brazzaville)"
variable country_home was str30 now str32
(1 real change made)

. replace country_home = "Egypt" if country_home == "Egypt, Arab Rep."
(0 real changes made)

. replace country_home = "Côte d’Ivoire" if country_home == "Cote d'Ivoire" | co
> untry_home == "Côte d'Ivoire"
(1 real change made)

. replace country_home = "Republic of Korea" if country_home == "South Korea"
(1 real change made)

. replace country_home = "Lao People's Democratic Republic" if country_home == "
> Laos"
(1 real change made)

. replace country_home = "Micronesia" if country_home == "Micronesia, Fed. Sts."
(0 real changes made)

. replace country_home = "United States of America" if country_home == "United S
> tates" 
(1 real change made)

. replace country_home = "Viet Nam" if country_home == "Vietnam" 
(1 real change made)

. replace country_home = "Gambia" if country_home == "The Gambia"
(1 real change made)

. replace country_home = "Kyrgyzstan" if country_home == "Kyrgyz Republic"
(0 real changes made)

. 
. 
. *---Save-freedom house---*
. save "$datapath\freedom_house.dta", replace
file C:\Users\Max Burger\Google Drive\Promotion\Projects\Donia_Delegates\4_Carbo
> n_Prices\STATA\DTA-FILES\freedom_house.dta saved

. 
. 
. 
. 
. 
. // Polity IV / 5 (https://www.systemicpeace.org/inscrdata.html)
. import excel "C:\Users\Max Burger\HESSENBOX\2-Projekte (Björn Vollan)\Paper Su
> stUse\Donia_Delegates\8_Submission\NSUST\analysis\data\country-level indicator
> \polity5.xlsx", sheet("p5v2018") firstrow case(lower) clear
(37 vars, 17,574 obs)

. 
. keep country year polity2

. keep if year == 2018
(17,407 observations deleted)

. rename polity2 polity_index

. lab var polity_index "Revised Polity 5 index"

. drop year

. 
. * Unify variable names
. rename country country_home

. label var country_home "Home country"

. 
. * Unify country names
. replace country_home = "Congo" if country_home == "Congo Kinshasa"
(1 real change made)

. replace country_home = "Czechia" if country_home == "Czech Republic"
(1 real change made)

. replace country_home = "Democratic Republic of the Congo" if country_home == "
> Congo Brazzaville"
variable country_home was str24 now str32
(1 real change made)

. replace country_home = "Egypt" if country_home == "Egypt, Arab Rep."
(0 real changes made)

. replace country_home = "Côte d’Ivoire" if country_home == "Cote D'Ivoire" | co
> untry_home == "Côte d'Ivoire"
(1 real change made)

. replace country_home = "Republic of Korea" if country_home == "Korea"
(0 real changes made)

. replace country_home = "Lao People's Democratic Republic" if country_home == "
> Laos"
(1 real change made)

. replace country_home = "Micronesia" if country_home == "Micronesia, Fed. Sts."
(0 real changes made)

. replace country_home = "United States of America" if country_home == "United S
> tates" 
(1 real change made)

. replace country_home = "Viet Nam" if country_home == "Vietnam" 
(1 real change made)

. replace country_home = "Gambia" if country_home == "The Gambia"
(0 real changes made)

. replace country_home = "Kyrgyzstan" if country_home == "Kyrgyz Republic"
(0 real changes made)

. replace country_home = "Sudan" if country_home == "Sudan-North"
(1 real change made)

. replace country_home = "Timor-Leste" if country_home == "Timor Leste"
(1 real change made)

. 
. 
. 
. *---Save-freedom house---*
. save "$datapath\polity5.dta", replace
file C:\Users\Max Burger\Google Drive\Promotion\Projects\Donia_Delegates\4_Carbo
> n_Prices\STATA\DTA-FILES\polity5.dta saved

. 
. 
. 
. 
. 
. 
. // World development indices
. *import excel "$xls\WDI_Indexes_average 2015-2019", sheet("Sheet1") firstrow c
> ase(lower) clear
. 
. import excel "$xls\Data_Extract_From_World_Development_Indicators", sheet("Dat
> a") firstrow case(lower) clear
(9 vars, 1,601 obs)

. foreach var in yr2015 yr2016 yr2017 yr2018 yr2019 {
  2. replace `var' = "." if `var' == ".."
  3. }
(325 real changes made)
(333 real changes made)
(333 real changes made)
(336 real changes made)
(581 real changes made)

. destring yr2015 yr2016 yr2017 yr2018 yr2019, replace
yr2015: all characters numeric; replaced as double
(330 missing values generated)
yr2016: all characters numeric; replaced as double
(338 missing values generated)
yr2017: all characters numeric; replaced as double
(338 missing values generated)
yr2018: all characters numeric; replaced as double
(341 missing values generated)
yr2019: all characters numeric; replaced as double
(586 missing values generated)

. encode countrycode, generate(country_code)

. egen average = rowmean(yr2015 yr2016 yr2017 yr2018 yr2019)
(329 missing values generated)

. keep countryname average seriesname

. drop if countryname == ""
(3 observations deleted)

. 
. * Reshape to wide
. egen indicator = group(seriesname)
(2 missing values generated)

. drop if indicator == . // Datasource information
(2 observations deleted)

. 
. /* 
> 1: CO2 emissions (metric tons per capita)       
> 2: Droughts, floods, extreme temperatures (% of population, average 1990-2009)
> 3: GDP (constant 2015 US$); 
> 4: GDP growth (annual %)
> 5: GDP per capita (constant 2015 US$)
> 6: Population, total
> */
. 
. drop seriesname 

. encode countryname , gen(country_code)

. reshape wide average , i(country_code) j(indicator)
(note: j = 1 2 3 4 5 6)

Data                               long   ->   wide
-----------------------------------------------------------------------------
Number of obs.                     1596   ->     266
Number of variables                   4   ->       8
j variable (6 values)         indicator   ->   (dropped)
xij variables:
                                average   ->   average1 average2 ... average6
-----------------------------------------------------------------------------

. 
. * Unify variable names
. rename countryname country_home

. label var country_home "Home country"

. drop country_code

. order country_home

. 
. rename average1 co2_emissionpc

. label var co2_emissionpc "CO2 emissions (metric tons per capita)"

. 
. drop average2 // no values for countries in dataset

. 
. rename average3 gdp

. label var gdp "GDP (constant 2015 US$)"

. 
. rename average4 gdp_growth

. label var gdp_growth "GDP growth (annual %)"

. 
. rename average5 gdppc

. label var gdppc "GDP per capita (constant 2015 US$)"

. 
. rename average6 population

. label var population "Population, total"

. 
. 
. 
. * Unify country names
. replace country_home = "Congo" if country_home == "Congo, Rep."
(1 real change made)

. replace country_home = "Czechia" if country_home == "Czech Republic"
(1 real change made)

. replace country_home = "Democratic Republic of the Congo" if country_home == "
> Congo, Dem. Rep."
(1 real change made)

. replace country_home = "Egypt" if country_home == "Egypt, Arab Rep."
(1 real change made)

. replace country_home = "Côte d’Ivoire" if country_home == "Cote d'Ivoire" | co
> untry_home == "Côte d'Ivoire"
(1 real change made)

. replace country_home = "Republic of Korea" if country_home == "Korea, Rep."
(1 real change made)

. replace country_home = "Lao People's Democratic Republic" if country_home == "
> Lao PDR"
(1 real change made)

. replace country_home = "Micronesia" if country_home == "Micronesia, Fed. Sts."
(1 real change made)

. replace country_home = "United States of America" if country_home == "United S
> tates" 
(1 real change made)

. replace country_home = "Viet Nam" if country_home == "Vietnam" 
(1 real change made)

. replace country_home = "Gambia" if country_home == "Gambia, The"
(1 real change made)

. replace country_home = "Kyrgyzstan" if country_home == "Kyrgyz Republic"
(1 real change made)

. 
. 
. *---Save-WDI---*
. save "$datapath\WDI.dta", replace
file C:\Users\Max Burger\Google Drive\Promotion\Projects\Donia_Delegates\4_Carbo
> n_Prices\STATA\DTA-FILES\WDI.dta saved

. 
. 
. 
. 
. 
. 
. 
. // World Government-Indices
. import excel "$xls\Data_Extract_From_Worldwide_Governance_Indicators", sheet("
> Data") firstrow case(lower) clear
(9 vars, 861 obs)

. foreach var in yr2015 yr2016 yr2017 yr2018 yr2019 {
  2. replace `var' = "." if `var' == ".."
  3. }
(25 real changes made)
(25 real changes made)
(25 real changes made)
(21 real changes made)
(21 real changes made)

. destring yr2015 yr2016 yr2017 yr2018 yr2019, replace
yr2015: all characters numeric; replaced as double
(30 missing values generated)
yr2016: all characters numeric; replaced as double
(30 missing values generated)
yr2017: all characters numeric; replaced as double
(30 missing values generated)
yr2018: all characters numeric; replaced as double
(26 missing values generated)
yr2019: all characters numeric; replaced as double
(26 missing values generated)

. encode countrycode, generate(country_code)

. egen average = rowmean(yr2015 yr2016 yr2017 yr2018 yr2019)
(26 missing values generated)

. keep countryname average seriesname

. drop if countryname == ""
(3 observations deleted)

. 
. * Reshape to wide
. bysort countryname: gen indicator = _n // 1: Control of Corruption: Estimate; 
> 2: Government Effectiveness: Estimate; 3: Regulatory Quality: Estimate; 4: Voi
> ce and Accountability: Estimate

. 
. drop seriesname

. encode countryname , gen(country_code)

. reshape wide average , i(country_code) j(indicator)
(note: j = 1 2 3 4)

Data                               long   ->   wide
-----------------------------------------------------------------------------
Number of obs.                      858   ->     216
Number of variables                   4   ->       6
j variable (4 values)         indicator   ->   (dropped)
xij variables:
                                average   ->   average1 average2 ... average4
-----------------------------------------------------------------------------

. 
. * Unify variable names
. rename countryname country_home

. label var country_home "Home country"

. drop country_code

. order country_home

. 
. rename average1 control_corr 

. lab var control_corr "Control of Corruption: Estimate [CC.EST]" 

. 
. rename average2 gov_effect

. lab var gov_effect "Government Effectiveness: Estimate [GE.EST]"

. 
. rename average3 regul_quality

. lab var regul_quality "Regulatory Quality: Estimate [RQ.EST]"

. 
. rename average4 accountability

. lab var accountability "Voice and Accountability: Estimate [VA.EST]"

. 
. keep country_home control_corr gov_effect regul_quality accountability

. 
. 
. * Unify country names
. replace country_home = "Congo" if country_home == "Congo, Rep."
(1 real change made)

. replace country_home = "Czechia" if country_home == "Czech Republic"
(1 real change made)

. replace country_home = "Democratic Republic of the Congo" if country_home == "
> Congo, Dem. Rep."
(1 real change made)

. replace country_home = "Egypt" if country_home == "Egypt, Arab Rep."
(1 real change made)

. replace country_home = "Côte d’Ivoire" if country_home == "Cote d'Ivoire" | co
> untry_home == "Côte d'Ivoire"
(1 real change made)

. replace country_home = "Republic of Korea" if country_home == "Korea, Rep."
(1 real change made)

. replace country_home = "Lao People's Democratic Republic" if country_home == "
> Lao PDR"
(1 real change made)

. replace country_home = "Micronesia" if country_home == "Micronesia, Fed. Sts."
(1 real change made)

. replace country_home = "United States of America" if country_home == "United S
> tates" 
(1 real change made)

. replace country_home = "Viet Nam" if country_home == "Vietnam" 
(1 real change made)

. replace country_home = "Gambia" if country_home == "Gambia, The"
(1 real change made)

. replace country_home = "Kyrgyzstan" if country_home == "Kyrgyz Republic"
(1 real change made)

. 
. 
. *---Save-WGI---*
. save "$datapath\WGI.dta", replace
file C:\Users\Max Burger\Google Drive\Promotion\Projects\Donia_Delegates\4_Carbo
> n_Prices\STATA\DTA-FILES\WGI.dta saved

. 
. 
. 
. 
. 
. 
. 
. 
. 
. 
. // Global Climate Risk Index (CRI)
. import excel "$xls\Global CRI", sheet("CRI 2020") firstrow case(lower) clear
(7 vars, 181 obs)

. drop if country == ""
(0 observations deleted)

. replace country = strtrim(country) // delete trailing spaces after country nam
> e
(177 real changes made)

. 
. * Unify variable names
. rename country country_home

. label var country_home "Home country"

. order country_home

. 
. rename crirank cri_rank

. rename criscore cri_score

. rename fatalitiesin2018rank fatalities_2018_rank

. rename fatalitiesper100000inhabita fatalaties_pc 

. lab var fatalaties_pc "Rank: Fatalties per 100,000 inhabitants"

. rename lossesinmillionuspppra losses_total 

. rename lossesperunitgdpinrank losses_gdp

. 
. 
. * Unify country names
. replace country_home = "Congo" if country_home == "Republic of Congo"
(1 real change made)

. replace country_home = "Democratic Republic of the Congo" if country_home == "
> Democratic Republic of Congo"
(1 real change made)

. replace country_home = "Czechia" if country_home == "Czech Republic"
(1 real change made)

. replace country_home = "Côte d’Ivoire" if country_home == "Cote d'Ivoire" | co
> untry_home == "Côte d'Ivoire"
(1 real change made)

. replace country_home = "Republic of Korea" if country_home == "Korea, Republic
>  of"
(1 real change made)

. replace country_home = "United States of America" if country_home == "United S
> tates" 
(1 real change made)

. replace country_home = "Viet Nam" if country_home == "Vietnam" 
(1 real change made)

. replace country_home = "Gambia" if country_home == "The Gambia"
(1 real change made)

. replace country_home = "Kyrgyzstan" if country_home == "Kyrgyz Republic"
(1 real change made)

. replace country_home = "Timor-Leste" if country_home == "Democratic Republic o
> f Timor-Leste"
(1 real change made)

. 
. 
. *---Save-WGI---*
. save "$datapath\CRI.dta", replace
file C:\Users\Max Burger\Google Drive\Promotion\Projects\Donia_Delegates\4_Carbo
> n_Prices\STATA\DTA-FILES\CRI.dta saved

. 
. 
. 
. 
. 
. 
. 
. // NDGAIN: Natural Disaster Global Adaptation Initiative (ND-GAIN Index on rea
> diness and exposure)
. * Exposure
. import delimited "$xls\ND_GAIN\vulnerability\exposure.csv", varnames(1) clear 
(27 vars, 192 obs)

. keep name v27

. rename v27 exposure_gain

. lab var exposure_gain "Exposure-index; Lower is better (GAIN-Index 2019)"

. save "$datapath\NDGAIN_exposure.dta", replace
file C:\Users\Max Burger\Google Drive\Promotion\Projects\Donia_Delegates\4_Carbo
> n_Prices\STATA\DTA-FILES\NDGAIN_exposure.dta saved

. 
. * Capacity
. import delimited "$xls\ND_GAIN\vulnerability\capacity.csv", varnames(1) clear 
(27 vars, 192 obs)

. keep name v27

. rename v27 capacity_gain

. lab var capacity_gain "Capacity-index; higher is better (GAIN-Index 2019)"

. save "$datapath\NDGAIN_capacity.dta", replace
file C:\Users\Max Burger\Google Drive\Promotion\Projects\Donia_Delegates\4_Carbo
> n_Prices\STATA\DTA-FILES\NDGAIN_capacity.dta saved

. 
. * Vulnerability
. import delimited "$xls\ND_GAIN\vulnerability\vulnerability.csv", varnames(1) c
> lear 
(27 vars, 192 obs)

. keep name v27

. rename v27 vuln_gain

. lab var vuln_gain "Vulnerability-index; lower is better (GAIN-Index 2019)"

. save "$datapath\NDGAIN_vulnerability.dta", replace
file C:\Users\Max Burger\Google Drive\Promotion\Projects\Donia_Delegates\4_Carbo
> n_Prices\STATA\DTA-FILES\NDGAIN_vulnerability.dta saved

. 
. * Readiness
. import delimited "$xls\ND_GAIN\readiness\readiness.csv", varnames(1) clear 
(27 vars, 192 obs)

. keep name v27

. rename v27 readiness_gain

. lab var readiness_gain "Readiness-index; higher is better (GAIN-Index 2019)"

. save "$datapath\NDGAIN_readiness.dta", replace
file C:\Users\Max Burger\Google Drive\Promotion\Projects\Donia_Delegates\4_Carbo
> n_Prices\STATA\DTA-FILES\NDGAIN_readiness.dta saved

. 
. * ND-GAIN index
. import delimited "$xls\ND_GAIN\gain\gain.csv", varnames(1) clear 
(27 vars, 192 obs)

. keep name v27

. rename v27 gain_index

. lab var gain_index "Natural disaster index: Readiness - vulnerability; higher 
> is better (GAIN-Index 2019)"
note: label truncated to 80 characters

. save "$datapath\NDGAIN_gain.dta", replace
file C:\Users\Max Burger\Google Drive\Promotion\Projects\Donia_Delegates\4_Carbo
> n_Prices\STATA\DTA-FILES\NDGAIN_gain.dta saved

. 
. * MERGE
. use "$datapath\NDGAIN_exposure.dta", clear

. merge 1:1 name using "$datapath\NDGAIN_capacity.dta", nogenerate

    Result                           # of obs.
    -----------------------------------------
    not matched                             0
    matched                               192  
    -----------------------------------------

. merge 1:1 name using "$datapath\NDGAIN_vulnerability.dta", nogenerate

    Result                           # of obs.
    -----------------------------------------
    not matched                             0
    matched                               192  
    -----------------------------------------

. merge 1:1 name using "$datapath\NDGAIN_readiness.dta", nogenerate

    Result                           # of obs.
    -----------------------------------------
    not matched                             0
    matched                               192  
    -----------------------------------------

. merge 1:1 name using "$datapath\NDGAIN_gain.dta", nogenerate

    Result                           # of obs.
    -----------------------------------------
    not matched                             0
    matched                               192  
    -----------------------------------------

. 
. * Unify country names
. rename name country_home

. replace country_home = "Czechia" if country_home == "Czech Republic"
(1 real change made)

. replace country_home = "Democratic Republic of the Congo" if country_home == "
> Congo, the Democratic Republic o"
(1 real change made)

. replace country_home = "Côte d’Ivoire" if country_home == "Cote d'Ivoire" | co
> untry_home == "Côte d'Ivoire"
(1 real change made)

. replace country_home = "Micronesia" if country_home == "Micronesia, Federated 
> States of"
(1 real change made)

. replace country_home = "United States of America" if country_home == "United S
> tates" 
(1 real change made)

. replace country_home = "Republic of Korea" if country_home == "Korea, Republic
>  of"
(1 real change made)

. replace country_home = "Tanzania" if country_home == "Tanzania, United Republi
> c of"
(1 real change made)

. 
. * --- Save NDGAIN-Data ---*
. save "$datapath\NDGAIN.dta", replace
file C:\Users\Max Burger\Google Drive\Promotion\Projects\Donia_Delegates\4_Carbo
> n_Prices\STATA\DTA-FILES\NDGAIN.dta saved

. 
. 
. 
. 
. // Other country-specifics: Fuelt-exporting; OECD/LDC
. /*
> Originally Donia categorized countries manually. In order to make this classif
> ication fit in this do-file, Max deduces the countryspecifics from the .dta an
> d merges it with this dataset.
> */
. import excel "$xls\OECD_LDC_G77_OIL_RESS", sheet("Tabelle1") firstrow case(low
> er) clear
(6 vars, 110 obs)

. 
. * Fuel Exporting
. lab var fuel_exporting "Fuel exporting country"

. label define fuel_exporting1 0 "Non fuel-exporting" 1 "Fuel-exporting", replac
> e

. label values fuel_exporting fuel_exporting1

. 
. * OECD
. lab var oecd "OECD"

. label define OECD1 0 "Not in OECD" 1 "In OECD", replace

. label values oecd OECD1

. 
. * LDC
. lab var ldc "LDC"

. label define LDC1 0 "No LDC" 1 "LDC", replace

. label values ldc LDC1

. 
. * Resource-rich
. lab var resource_rich "Resource-rich country"

. label define resource_rich1 0 "Non resource-rich" 1 "Resource-rich", replace

. label values resource_rich resource_rich1

. 
. * G77 group countries
. label var g77 "G77 member states at the UN"

. label define G771 0 "Non-G77" 1 "G77", replace

. label values g77  G771

. 
. save "$datapath\country-specifics.dta", replace
file C:\Users\Max Burger\Google Drive\Promotion\Projects\Donia_Delegates\4_Carbo
> n_Prices\STATA\DTA-FILES\country-specifics.dta saved

. 
. 
. 
. 
. 
. ** Income Levels (World Bank Reference)
. import excel "$xls\Historical_Income_Levels.xlsx", sheet("Country Analytical H
> istory") cellrange(A4:AK240) firstrow clear
(37 vars, 236 obs)

. 
. rename B country_home

. rename AJ income_level_orig

. keep country_home income_level_orig

. drop in 1/7
(7 observations deleted)

. drop in 228/229
(2 observations deleted)

. drop if country_home == ""
(2 observations deleted)

. 
. * Income Level
. gen income_level = .
(225 missing values generated)

. replace income_level = 1 if income_level_orig == "L"
(27 real changes made)

. replace income_level = 2 if income_level_orig == "LM"
(55 real changes made)

. replace income_level = 3 if income_level_orig == "UM"
(55 real changes made)

. replace income_level = 4 if income_level_orig == "H"
(80 real changes made)

. label var income_level "Classification 2020: Low<$1,045; 1,046<lower-middle<4,
> 095; 4,096<upper-middle<12,695; high>12,696"
note: label truncated to 80 characters

. label define income_levell 1 "Low" 2 "Low-middle" 3 "Upper-middle" 4 "High", r
> eplace

. label values income_level income_levell

. 
. gen low_income=.
(225 missing values generated)

. replace low_income=1 if income_level==1
(27 real changes made)

. replace low_income=0 if income_level!=1 & income_level!= .
(190 real changes made)

. label var low_income "Low income countries"

. label define low_income 0 "No low-income" 1 "low-income", replace

. label values low_income low_income

. 
. gen lower_middle_income=.
(225 missing values generated)

. replace lower_middle_income=1 if income_level==2
(55 real changes made)

. replace lower_middle_income=0 if income_level!= 2 & income_level!= .
(162 real changes made)

. label var lower_middle_income "Lower-middle income countries"

. label define lower_middle_income 0 "No lower-middle" 1 "lower-middle", replace

. label values lower_middle_income lower_middle_income

. 
. gen upper_middle_income=.
(225 missing values generated)

. replace upper_middle_income=1 if income_level==3
(55 real changes made)

. replace upper_middle_income=0 if income_level!= 3 & income_level!=. 
(162 real changes made)

. label var upper_middle_income "Upper-middle income countries"

. label define upper_middle_income 0 "No upper-middle" 1 "Upper-middle", replace

. label values upper_middle_income upper_middle_income

. 
. gen high_income=.
(225 missing values generated)

. replace high_income=1 if income_level==4
(80 real changes made)

. replace high_income=0 if income_level!= 4 & income_level!= .
(137 real changes made)

. label var high_income "High income countries"

. label define high_income 0 "No high-income" 1 "High-income", replace

. label values high_income high_income

. 
. * Unify country names
. replace country_home = "Congo" if country_home == "Congo, Rep."
(1 real change made)

. replace country_home = "Democratic Republic of the Congo" if country_home == "
> Congo, Dem. Rep."
(1 real change made)

. replace country_home = "Gambia" if country_home == "The Gambia"
(0 real changes made)

. replace country_home = "Egypt" if country_home == "Egypt, Arab Rep."
(1 real change made)

. replace country_home = "Gambia" if country_home == "Gambia, The"
(1 real change made)

. replace country_home = "Lao People's Democratic Republic" if country_home == "
> Lao PDR"
(1 real change made)

. replace country_home = "Micronesia" if country_home == "Micronesia, Fed. Sts."
(1 real change made)

. replace country_home = "Republic of Korea" if country_home == "Korea, Rep."
(1 real change made)

. replace country_home = "Czechia" if country_home == "Czech Republic"
(1 real change made)

. replace country_home = "Côte d’Ivoire" if country_home == "Cote d'Ivoire" | co
> untry_home == "Côte d'Ivoire"
(1 real change made)

. replace country_home = "United States of America" if country_home == "United S
> tates" 
(1 real change made)

. replace country_home = "Viet Nam" if country_home == "Vietnam" 
(1 real change made)

. replace country_home = "Kyrgyzstan" if country_home == "Kyrgyz Republic"
(1 real change made)

. 
. *---Save Income Levels---*
. save "$datapath\income_level.dta", replace
file C:\Users\Max Burger\Google Drive\Promotion\Projects\Donia_Delegates\4_Carbo
> n_Prices\STATA\DTA-FILES\income_level.dta saved

. 
. 
. 
. 
. 
. ** Delegation-Country (from the COP-Report)
. import excel "C:\Users\Max Burger\Google Drive\Promotion\Projects\Donia_Delega
> tes\4_Carbon_Prices\STATA\XLS-FILES\delegates_ctry_orga.xlsx", sheet("Sheet1")
>  firstrow case(lower) clear
(6 vars, 276 obs)

. rename country country_delegation 

. lab var country_delegation  "Delegation for which participant has been at COP"

. keep firstname lastname country_delegation 

. 
. *---Save Delegation ---*
. save "$datapath\delegation.dta", replace
file C:\Users\Max Burger\Google Drive\Promotion\Projects\Donia_Delegates\4_Carbo
> n_Prices\STATA\DTA-FILES\delegation.dta saved

. 
. 
. 
. 
. 
. 
. 
. 
. // MERGE
. use  "$datapath\delegates_clean2.dta", clear

. 
. * Development status
. merge m:1 country_home using "$datapath\development.dta"
(note: variable country_home was str32, now str87 to accommodate using data's
       values)

    Result                           # of obs.
    -----------------------------------------
    not matched                           150
        from master                         1  (_merge==1)
        from using                        149  (_merge==2)

    matched                               276  (_merge==3)
    -----------------------------------------

. drop if _merge == 2
(149 observations deleted)

. drop _merge

. 
. 
. * Innovation Index
. merge m:1 country_home using "$datapath\innovation_index.dta"

    Result                           # of obs.
    -----------------------------------------
    not matched                           109
        from master                        59  (_merge==1)
        from using                         50  (_merge==2)

    matched                               218  (_merge==3)
    -----------------------------------------

. drop if _merge == 2
(50 observations deleted)

. drop _merge

. 
. * Polity 5 (formerly Polity IV)
. merge m:1 country_home using "$datapath\polity5.dta"

    Result                           # of obs.
    -----------------------------------------
    not matched                            88
        from master                        20  (_merge==1)
        from using                         68  (_merge==2)

    matched                               257  (_merge==3)
    -----------------------------------------

. drop if _merge == 2
(68 observations deleted)

. drop _merge

. 
. * Science & CO2 PC
. merge m:1 country_home using "C:\Users\Max Burger\HESSENBOX\2-Projekte (Björn 
> Vollan)\Paper SustUse\Donia_Delegates\8_Submission\NSUST\analysis\data\wb_1.dt
> a" 

    Result                           # of obs.
    -----------------------------------------
    not matched                           156
        from master                         0  (_merge==1)
        from using                        156  (_merge==2)

    matched                               277  (_merge==3)
    -----------------------------------------

. drop if _merge == 2
(156 observations deleted)

. drop _merge

. 
. * Government-Indices
. merge m:1 country_home using "C:\Users\Max Burger\HESSENBOX\2-Projekte (Björn 
> Vollan)\Paper SustUse\Donia_Delegates\8_Submission\NSUST\analysis\data\wb_2.dt
> a" 

    Result                           # of obs.
    -----------------------------------------
    not matched                           104
        from master                         0  (_merge==1)
        from using                        104  (_merge==2)

    matched                               277  (_merge==3)
    -----------------------------------------

. drop if _merge == 2
(104 observations deleted)

. drop _merge

. 
. * Democracy index (Freedom in the world)
. merge m:1 country_home using "$datapath\freedom_house.dta"

    Result                           # of obs.
    -----------------------------------------
    not matched                           100
        from master                         0  (_merge==1)
        from using                        100  (_merge==2)

    matched                               277  (_merge==3)
    -----------------------------------------

. drop if _merge == 2
(100 observations deleted)

. drop _merge

. 
. // Old data for merging
. *WDI
. merge m:1 country_home using "$datapath\WDI.dta" // 

    Result                           # of obs.
    -----------------------------------------
    not matched                           156
        from master                         0  (_merge==1)
        from using                        156  (_merge==2)

    matched                               277  (_merge==3)
    -----------------------------------------

. drop if _merge == 2
(156 observations deleted)

. drop _merge

. sum gdp gdppc gdp_growth co2_emissionpc population 

    Variable |        Obs        Mean    Std. Dev.       Min        Max
-------------+---------------------------------------------------------
         gdp |        277    5.49e+11    1.91e+12   3.25e+08   1.91e+13
       gdppc |        277    13773.67    24223.47   289.2979   170379.2
  gdp_growth |        276    3.281068    2.540942   -7.16189   10.02113
co2_emissi~c |        276     3.16996    3.705128   .0295574   21.25095
  population |        277    4.63e+07    1.02e+08    37772.6   1.39e+09

. 
. * Climate Risk INdex
. merge m:1 country_home using "$datapath\CRI.dta" 

    Result                           # of obs.
    -----------------------------------------
    not matched                            85
        from master                         9  (_merge==1)
        from using                         76  (_merge==2)

    matched                               268  (_merge==3)
    -----------------------------------------

. *ed country_home _merge if _merge == 1
. drop if _merge == 2
(76 observations deleted)

. drop _merge 

. 
. * NDGAIN-Indices
. merge m:1 country_home using "$datapath\NDGAIN.dta"

    Result                           # of obs.
    -----------------------------------------
    not matched                            82
        from master                         0  (_merge==1)
        from using                         82  (_merge==2)

    matched                               277  (_merge==3)
    -----------------------------------------

. *ed country_home _merge if _merge == 1
. drop if _merge == 2
(82 observations deleted)

. drop _merge 

. 
. *Other country-specifics
. merge m:1 country_home using "$datapath\country-specifics.dta" // 

    Result                           # of obs.
    -----------------------------------------
    not matched                             0
    matched                               277  (_merge==3)
    -----------------------------------------

. *ed country_home _merge if _merge == 2 | _merge == 1
. sum fuel_exporting oecd ldc resource_rich cri_score cri_rank g77 

    Variable |        Obs        Mean    Std. Dev.       Min        Max
-------------+---------------------------------------------------------
fuel_expor~g |        277     .198556    .3996349          0          1
        oecd |        277     .234657    .4245513          0          1
         ldc |        277    .3140794    .4649883          0          1
resource_r~h |        269    .2936803    .4562962          0          1
   cri_score |        268    75.47485    36.75773        5.5        125
-------------+---------------------------------------------------------
    cri_rank |        268    77.98134    46.92016          1        135
         g77 |        277    .6787004    .4678208          0          1

. drop _merge

. 
. * Income level
. merge m:1 country_home using "$datapath\income_level.dta" // 
(note: variable country_home was str87, now str481 to accommodate using data's
       values)

    Result                           # of obs.
    -----------------------------------------
    not matched                           115
        from master                         0  (_merge==1)
        from using                        115  (_merge==2)

    matched                               277  (_merge==3)
    -----------------------------------------

. *ed country_home _merge if _merge == 1
. drop if _merge == 2
(115 observations deleted)

. sum income_level low_income lower_middle_income upper_middle_income high_incom
> e 

    Variable |        Obs        Mean    Std. Dev.       Min        Max
-------------+---------------------------------------------------------
income_level |        277    2.512635    1.051579          1          4
  low_income |        277    .1805054     .385304          0          1
lower_midd~e |        277    .3718412     .484171          0          1
upper_midd~e |        277    .2021661    .4023423          0          1
 high_income |        277    .2454874    .4311547          0          1

. drop _merge

. 
. * Delegation
. merge m:1 firstname lastname using "$datapath\delegation.dta" // 

    Result                           # of obs.
    -----------------------------------------
    not matched                             1
        from master                         1  (_merge==1)
        from using                          0  (_merge==2)

    matched                               276  (_merge==3)
    -----------------------------------------

. *ed country_home _merge if _merge == 1
. drop if _merge == 2
(0 observations deleted)

. drop _merge

. 
. 
. foreach var in science co2_pc control_corrupt gov_effect pol_stab reg_qual rul
> e_of_law voice_account inst_qual_mean {
  2.         replace `var' = "." if `var' == ".."
  3.     destring `var', replace
  4. }
(0 real changes made)
science: all characters numeric; replaced as double
(1 real change made)
co2_pc: all characters numeric; replaced as double
(1 missing value generated)
(0 real changes made)
control_corrupt: all characters numeric; replaced as double
(0 real changes made)
gov_effect: all characters numeric; replaced as double
(0 real changes made)
pol_stab: all characters numeric; replaced as double
(0 real changes made)
reg_qual: all characters numeric; replaced as double
(0 real changes made)
rule_of_law: all characters numeric; replaced as double
(0 real changes made)
voice_account: all characters numeric; replaced as double
(0 real changes made)
inst_qual_mean: all characters numeric; replaced as double

. 
. 
. 
. 
. 
. ** Keep & Order
. * Keep
. keep  ///
> /*Added vars*/ treat_tech t_env t_own_delegation ///
> /* Socio-Demographics*/ id country_delegation country_home country_citizen con
> tinent gender female birth_yr age info_cc_1 info_cc_2 info_cc_3 info_cc_4 info
> _cc_5 influential_1 influential_2 influential_3 influential_4 influential_5 in
> fluential_6 organization edu edu_specify ///
> /*Output Vars*/ temp_rise carbon_price accecpt_global_carbon accept_gdp_reduce
>   price_home_now price_oecd_now price_ldc_now price_home_future price_oecd_fut
> ure price_ldc_future glob_nat_interest ///
> /*Mindset: Environmental Mindset*/ env_ms_1 env_ms_2 env_ms_3 env_ms_4 env_ms_
> 5 env_ms_1_read env_ms_2_read env_ms_3_read env_ms_4_read env_ms_5_read env_sh
> ared_oppinion env_know  ///
> /*Mindset: Economic Mindset*/ tech_ms_1 tech_ms_2 tech_ms_3 tech_ms_4 tech_ms_
> 5 tech_ms_6 tech_ms_1_read tech_ms_2_read tech_ms_3_read tech_ms_4_read tech_m
> s_5_read tech_ms_6_read econ_shared_oppinion econ_know ///
> /*Others*/ agreement cops_attended influence book book1 book2 book3 ///
> /*Ratchet & NDCs*/ question1_1 question1_2 question1_3 question2_1 question2_2
>  question2_3 question2_4 question2_5 question2_6 question3_1 question3_2 quest
> ion3_3 question3_4 question4 question5_1 question5_2 question5_3 question5_4 q
> uestion5_5 question5_6 question5_7 question5_8 question6 question7 ///
> /*Article 6 and Carbon Markets*/ question_b1 question_b2 question_b3 question_
> b4_1 question_b4_2 question_b4_3 question_b4_4 ///
> /*Negotiation Approach*/  negotiate1 negotiate2 negotiate3 negotiate4 negotiat
> e5 negotiate6 negotiate7 ///
> /*Country-Characteristics*/ gdppc co2_emissionpc population exposure_gain capa
> city_gain vuln_gain readiness_gain gain_index cri_rank cri_score fatalities_20
> 18_rank fatalaties_pc losses_total losses_gdp oecd ldc income_level low_income
>  lower_middle_income upper_middle_income high_income control_corr gov_effect f
> uel_exporting resource_rich g77 science co2_pc control_corrupt gov_effect pol_
> stab reg_qual rule_of_law voice_account inst_qual_mean freedom_house_status fr
> eedom_house_index innovation_index innovation_rank polity_index development gl
> obal_south comment 

. 
. 
. 
. * Order 
. order  ///
> /*Added vars*/ treat_tech t_env t_own_delegation ///
> /* Socio-Demographics*/ id country_delegation country_home country_citizen con
> tinent gender female birth_yr age info_cc_1 info_cc_2 info_cc_3 info_cc_4 info
> _cc_5 influential_1 influential_2 influential_3 influential_4 influential_5 in
> fluential_6 organization edu edu_specify ///
> /*Output Vars*/ temp_rise carbon_price accecpt_global_carbon accept_gdp_reduce
>   price_home_now price_oecd_now price_ldc_now price_home_future price_oecd_fut
> ure price_ldc_future glob_nat_interest ///
> /*Mindset: Environmental Mindset*/ env_ms_1 env_ms_2 env_ms_3 env_ms_4 env_ms_
> 5 env_ms_1_read env_ms_2_read env_ms_3_read env_ms_4_read env_ms_5_read env_sh
> ared_oppinion env_know  ///
> /*Mindset: Economic Mindset*/ tech_ms_1 tech_ms_2 tech_ms_3 tech_ms_4 tech_ms_
> 5 tech_ms_6 tech_ms_1_read tech_ms_2_read tech_ms_3_read tech_ms_4_read tech_m
> s_5_read tech_ms_6_read econ_shared_oppinion econ_know ///
> /*Others*/ agreement cops_attended influence book book1 book2 book3 ///
> /*Ratchet & NDCs*/ question1_1 question1_2 question1_3 question2_1 question2_2
>  question2_3 question2_4 question2_5 question2_6 question3_1 question3_2 quest
> ion3_3 question3_4 question4 question5_1 question5_2 question5_3 question5_4 q
> uestion5_5 question5_6 question5_7 question5_8 question6 question7 ///
> /*Article 6 and Carbon Markets*/ question_b1 question_b2 question_b3 question_
> b4_1 question_b4_2 question_b4_3 question_b4_4 ///
> /*Negotiation Approach*/  negotiate1 negotiate2 negotiate3 negotiate4 negotiat
> e5 negotiate6 negotiate7 ///
> /*Country-Characteristics*/ gdppc co2_emissionpc population exposure_gain capa
> city_gain vuln_gain readiness_gain gain_index cri_rank cri_score fatalities_20
> 18_rank fatalaties_pc losses_total losses_gdp oecd ldc income_level low_income
>  lower_middle_income upper_middle_income high_income control_corr gov_effect f
> uel_exporting resource_rich g77 science co2_pc control_corrupt gov_effect pol_
> stab reg_qual rule_of_law voice_account inst_qual_mean freedom_house_status fr
> eedom_house_index innovation_index innovation_rank polity_index development gl
> obal_south comment

. 
. 
. 
. 
. 
. 
. 
. 
. * Save
. save "C:\Users\Max Burger\HESSENBOX\2-Projekte (Björn Vollan)\Paper SustUse\Do
> nia_Delegates\8_Submission\NSUST\analysis\data\delegates_raw_complete.dta", re
> place
file C:\Users\Max Burger\HESSENBOX\2-Projekte (Björn Vollan)\Paper SustUse\Donia
> _Delegates\8_Submission\NSUST\analysis\data\delegates_raw_complete.dta saved

. 
. 
. 
. 
. 
. * Save for upload 
. keep temp_rise carbon_price price_home_now price_oecd_now price_ldc_now price_
> home_future price_oecd_future price_ldc_future cops_attended treat_tech t_own_
> delegation env_ms_1 env_ms_2 env_ms_3 env_ms_4 env_ms_5 negotiate1 negotiate2 
> negotiate3 negotiate4 negotiate5 negotiate6 negotiate7 tech_ms_1 tech_ms_2 tec
> h_ms_3 tech_ms_4 tech_ms_5 tech_ms_6 info_cc_1 info_cc_2 info_cc_3 info_cc_4 i
> nfo_cc_5 edu organization influence book book1 book2 book3 continent income_le
> vel low_income lower_middle_income upper_middle_income high_income 

. 
. save "C:\Users\Max Burger\HESSENBOX\2-Projekte (Björn Vollan)\Paper SustUse\Do
> nia_Delegates\8_Submission\NSUST\analysis\data\delegates_raw.dta", replace
file C:\Users\Max Burger\HESSENBOX\2-Projekte (Björn Vollan)\Paper SustUse\Donia
> _Delegates\8_Submission\NSUST\analysis\data\delegates_raw.dta saved

. 
. 
. * Erase
. erase "$datapath\delegates_ecol_own.dta"

. erase "$datapath\delegates_ecol_others.dta"

. erase "$datapath\delegates_econ_own.dta"

. erase "$datapath\delegates_econ_others.dta"

. 
. 
. 
. 
. 
. 
. 
. *-----------------
. *   Cleaning & Generating
. *-----------------
. 
. global working_ANALYSIS "C:\Users\Max Burger\HESSENBOX\2-Projekte (Björn Volla
> n)\Paper SustUse\Donia_Delegates\8_Submission\NSUST\analysis"

. 
. use "$working_ANALYSIS\data\delegates_raw_complete.dta", clear

. 
. *---------
. *   Generating variables
. *----------
. 
. // Sociodemographics
. * Education
. tab edu, generate(edu)

     Field in which |
  highes degree was |
           obtained |      Freq.     Percent        Cum.
--------------------+-----------------------------------
    Natural Science |        126       45.49       45.49
     Social Science |         55       19.86       65.34
Mix: Social&Natural |         47       16.97       82.31
                Law |         26        9.39       91.70
              Other |         23        8.30      100.00
--------------------+-----------------------------------
              Total |        277      100.00

. 
. * Organization currently working for
. gen orga = .
(277 missing values generated)

. replace orga = 1 if organization == 1 | organization == 2 // International (11
> ) & national (168) gov orga 
(179 real changes made)

. replace orga = 2 if organization == 3 //  University/Research Institute
(33 real changes made)

. replace orga = 3 if organization == 5 //  Environmental NGO
(25 real changes made)

. replace orga = 4 if organization == 4 |  organization == 6 |  organization == 
> 7 //  Private Company (n=8), Non-environmental NGO (n=6), Other (n=26)
(40 real changes made)

. tab organization

         Type of organization |
        currently working for |      Freq.     Percent        Cum.
------------------------------+-----------------------------------
  Internat. Gov. Organization |         11        3.97        3.97
       Nat. Gov. Organization |        168       60.65       64.62
University/Research Institute |         33       11.91       76.53
              Private Company |          8        2.89       79.42
            Environmental NGO |         25        9.03       88.45
        Non-Environmental NGO |          6        2.17       90.61
                        Other |         26        9.39      100.00
------------------------------+-----------------------------------
                        Total |        277      100.00

. lab define orga_lab 1 "Governmental Organization" 2 "University/Research Insti
> tute" 3 "Environmental NGO" 4 "Other"

. lab val orga orga_lab

. tab orga, gen(orga)

                         orga |      Freq.     Percent        Cum.
------------------------------+-----------------------------------
    Governmental Organization |        179       64.62       64.62
University/Research Institute |         33       11.91       76.53
            Environmental NGO |         25        9.03       85.56
                        Other |         40       14.44      100.00
------------------------------+-----------------------------------
                        Total |        277      100.00

. 
. 
. 
. // Temperature rise deemed acceptable
. ** Temperature above 1.5 degrees
. gen temp_above = .
(277 missing values generated)

. replace temp_above = 0 if temp_rise <= 1.5
(216 real changes made)

. replace temp_above = 1 if temp_rise > 1.5
(61 real changes made)

. lab var temp_above "Temperature rise above 1.5°C deemed acceptable"

. 
. /*
> Very few people suggested temperatures of 2.5°C or higher to be acceptable:
> 2.5°C -> 9
> 3.0°C -> 4
> 3.5°C -> 2
> 4.0°C -> 2
> 4.5°C -> 0
> 5.0°C -> 4
> Therefore, for the illustration Figure 1a all temperature suggestions of 2.5°C
>  or more are summarized under >= 2.5°C
> */
. gen temp_rise2 = temp_rise

. replace temp_rise2 = 2.5 if temp_rise >= 2.5
(12 real changes made)

. tostring temp_rise2, gen(temp_rise3)
temp_rise3 generated as str3

. sort temp_rise

. lab define temp 1 "0" 2 ".5" 3 "1" 4 "1.5", replace

. encode temp_rise3, gen(temp_rise_cropped) lab(temp)

. lab var temp_rise_cropped"All those suggesting 2.5 or more collected in 2.5"

. drop temp_rise2 temp_rise3

. 
. 
. 
. 
. 
. // Global carbon price suggested
. ** Logarithmic form of suggested carbon prices
. gen ln_carbon_price = ln(carbon_price + 1)

. label var ln_carbon_price "Natural logarithm of suggested carbon_price"

. 
. ** Cropping global carbon price suggested at USD500 for visualization in figur
> e 1b
. gen carbon_price_cap = carbon_price

. replace carbon_price_cap  = 501 if carbon_price > 500
(23 real changes made)

. lab var carbon_price_cap "Carbon price capped at USD500"

. egen mean_carbon_price = mean(carbon_price), by(temp_rise_cropped)

. lab var mean_carbon_price "Mean carbon price (non-capped)"

. egen median_carbon_price = median(carbon_price), by(temp_rise_cropped)

. lab var median_carbon_price "Median carbon price (non-capped)"

. tab temp_rise_cropped , gen(tr)

  All those |
 suggesting |
2.5 or more |
  collected |
     in 2.5 |      Freq.     Percent        Cum.
------------+-----------------------------------
          0 |         22        7.94        7.94
         .5 |         36       13.00       20.94
          1 |         42       15.16       36.10
        1.5 |        116       41.88       77.98
          2 |         40       14.44       92.42
        2.5 |         21        7.58      100.00
------------+-----------------------------------
      Total |        277      100.00

. 
. 
. ** Cropping area-specific carbon prices at USD500 for visualization in figure 
> 1c
. foreach var in price_home_now price_oecd_now price_ldc_now price_home_future p
> rice_oecd_future price_ldc_future ln_carbon_price {
  2. gen `var'_cap = `var'
  3. replace `var'_cap  = 501 if `var' > 500
  4. lab var `var'_cap "Carbon price capped at USD500"
  5. egen mean_`var' = mean(`var')
  6. lab var mean_`var' "Mean carbon price (non-capped)"
  7. egen median_`var' = median(`var')
  8. lab var median_`var' "Median carbon price (non-capped)"
  9. }
(13 real changes made)
(23 real changes made)
(11 real changes made)
(25 real changes made)
(36 real changes made)
(23 real changes made)
(0 real changes made)

. 
. 
. 
. 
. 
. 
. ** Price suggested below 60 USD
. * Global price
. gen price_below = .
(277 missing values generated)

. replace price_below = 0 if carbon_price >= 60 
(126 real changes made)

. replace price_below = 1 if carbon_price < 60 
(151 real changes made)

. lab var price_below "Price suggested < USD60"

. 
. * National price
. foreach var in now future {
  2.         gen price_below_home_`var' = .
  3.         replace price_below_home_`var' = 0 if price_home_`var' >= 60
  4.         replace price_below_home_`var' = 1 if price_home_`var' < 60
  5.         lab var price_below_home_`var' "Price suggested < USD60"
  6.         }
(277 missing values generated)
(79 real changes made)
(198 real changes made)
(277 missing values generated)
(126 real changes made)
(151 real changes made)

. 
. 
. /*
> Carbon price suggestions tested
> Different models suggest different minimal global carbon prices to stay below 
> a certain temperature rise. In the main paper we use USD60 as thte threshold. 
> As robustness test, we also test against other specifications: 82 USD, 185 USD
> , 281 USD
> */
. * Global carbon price
. foreach i in 37 60 82 185 281 {
  2.         gen price_below_`i' = .
  3.                 replace price_below_`i'= 1 if carbon_price < `i'
  4.                 replace price_below_`i'= 0 if carbon_price >=  `i'
  5.         lab var price_below_`i' "Price below USD `i' suggested"
  6. }
(277 missing values generated)
(119 real changes made)
(158 real changes made)
(277 missing values generated)
(151 real changes made)
(126 real changes made)
(277 missing values generated)
(175 real changes made)
(102 real changes made)
(277 missing values generated)
(224 real changes made)
(53 real changes made)
(277 missing values generated)
(241 real changes made)
(36 real changes made)

. 
. * National carbon price (now)
. foreach i in 37 60 82 185 281 {
  2.         gen price_now_below_`i' = .
  3.                 replace price_now_below_`i'= 1 if price_home_now < `i'
  4.                 replace price_now_below_`i'= 0 if price_home_now >=  `i'
  5.         lab var price_now_below_`i' "National price now below USD `i' sugge
> sted"
  6. }
(277 missing values generated)
(159 real changes made)
(118 real changes made)
(277 missing values generated)
(198 real changes made)
(79 real changes made)
(277 missing values generated)
(215 real changes made)
(62 real changes made)
(277 missing values generated)
(250 real changes made)
(27 real changes made)
(277 missing values generated)
(257 real changes made)
(20 real changes made)

. 
. 
. * National carbon price (future)
. foreach i in 37 60 82 185 281 {
  2.         gen price_future_below_`i' = .
  3.                 replace price_future_below_`i'= 1 if price_home_future < `i
> '
  4.                 replace price_future_below_`i'= 0 if price_home_future >=  
> `i'
  5.         lab var price_future_below_`i' "National price future below USD `i'
>  suggested"
  6. }
(277 missing values generated)
(110 real changes made)
(167 real changes made)
(277 missing values generated)
(151 real changes made)
(126 real changes made)
(277 missing values generated)
(167 real changes made)
(110 real changes made)
(277 missing values generated)
(210 real changes made)
(67 real changes made)
(277 missing values generated)
(234 real changes made)
(43 real changes made)

. 
. ** Shifting
. // Other countries
. * To OECD
. gen shift_to_oecd = price_oecd_now - price_home_now 

. lab var shift_to_oecd "Shift to OECD Countries (if > 0 shift to others)" 

. * To LDCs
. gen shift_to_ldc = price_ldc_now - price_home_now 

. lab var shift_to_ldc "Shift to LD Countries (if > 0 shift to others)" 

. 
. * From LDC to OECD
. gen shift_ldc_oecd = price_oecd_now - price_ldc_now 

. lab var shift_ldc_oecd "Shift from LDC to OECD (if > 0 OECD-countries should p
> ay higher price)"

. 
. // Shifting responsibilties to the future
. * Home Country
. gen shift_future_home = price_home_future - price_home_now 

. lab var shift_future_home "Shift to future: Home (if>0 shift to future)" 

. * OECD Countries
. gen shift_future_oecd = price_oecd_future - price_oecd_now 

. lab var shift_future_oecd "Shift to future: OECD (if>0 shift to future)"

. * Least Developed Countries
. gen shift_future_ldc = price_ldc_future  - price_ldc_now

. lab var shift_future_ldc "Shift to future: Home (if>0 shift to future)"

. 
. 
. 
. 
. 
. 
. 
. 
. 
. // Region- and time-specific carbon price suggestions
. ** Logarithms of prices suggested prices for home, OECD, LDC / now, future
. foreach var in price_home_now price_oecd_now price_ldc_now price_home_future p
> rice_oecd_future price_ldc_future {
  2. gen ln_`var' = log(`var' + 1)
  3. }

. lab var ln_price_home_now "Ln of Price Home Now"

. lab var ln_price_oecd_now "Ln of Price OECD Now"

. lab var ln_price_ldc_now "Ln of Price LDCs Now"

. lab var ln_price_home_future "Ln of Price Home Future"

. lab var ln_price_oecd_future "Ln of Price OECD Future"

. lab var ln_price_ldc_future "Ln of Price LDCs Future"

. 
. 
. 
. * Average carbon price
. alpha carbon_price carbon_price price_home_now price_oecd_now price_ldc_now pr
> ice_home_future price_oecd_future price_ldc_future, gen(carbon_price_mean)

Test scale = mean(unstandardized items)

Average interitem covariance:     93673.63
Number of items in the scale:            7
Scale reliability coefficient:      0.9287

. 
. * Average carbon price (log)
. alpha ln_carbon_price ln_carbon_price ln_price_home_now ln_price_oecd_now ln_p
> rice_ldc_now ln_price_home_future ln_price_oecd_future ln_price_ldc_future, ge
> n(ln_carbon_price_mean)

Test scale = mean(unstandardized items)

Average interitem covariance:     2.065777
Number of items in the scale:            7
Scale reliability coefficient:      0.9486

. 
. 
. 
. 
. 
. ** Categorizing the ambitions of delegates for prices now and in the future
. gen ambition_home_fut = .
(277 missing values generated)

. replace ambition_home_fut = 1 if price_home_now < 60  & price_home_future < 60
>   // Low ambition
(148 real changes made)

. replace ambition_home_fut = 2 if price_home_now < 60  & price_home_future >= 6
> 0 // Shift to future
(50 real changes made)

. replace ambition_home_fut = 3 if price_home_now >= 60 & price_home_future < 60
>   // Shift to now
(3 real changes made)

. replace ambition_home_fut = 4 if price_home_now >= 60 & price_home_future >= 6
> 0 // High ambition
(76 real changes made)

. lab define ambition_fut 1 "Low ambition" 2 "Future pay more" 3 "Now pay more" 
> 4 "High ambition", replace

. lab val ambition_home_fut ambition_fut

. 
. 
. 
. // Principal components
. ** Technological optimism
. alpha tech_ms_1 tech_ms_2 tech_ms_3 tech_ms_5 tech_ms_6 

Test scale = mean(unstandardized items)

Average interitem covariance:     .4247423
Number of items in the scale:            5
Scale reliability coefficient:      0.6703

. pca tech_ms_1 tech_ms_2 tech_ms_3 tech_ms_5 tech_ms_6

Principal components/correlation                 Number of obs    =        277
                                                 Number of comp.  =          5
                                                 Trace            =          5
    Rotation: (unrotated = principal)            Rho              =     1.0000

    --------------------------------------------------------------------------
       Component |   Eigenvalue   Difference         Proportion   Cumulative
    -------------+------------------------------------------------------------
           Comp1 |      2.17475      1.22935             0.4350       0.4350
           Comp2 |      .945404      .168293             0.1891       0.6240
           Comp3 |      .777111       .21128             0.1554       0.7795
           Comp4 |      .565831     .0289289             0.1132       0.8926
           Comp5 |      .536902            .             0.1074       1.0000
    --------------------------------------------------------------------------

Principal components (eigenvectors) 

    ----------------------------------------------------------------
        Variable |    Comp1     Comp2     Comp3     Comp4     Comp5 
    -------------+--------------------------------------------------
       tech_ms_1 |   0.4607    0.4038   -0.4509    0.0014    0.6491 
       tech_ms_2 |   0.5108    0.0330   -0.3453   -0.4817   -0.6219 
       tech_ms_3 |   0.4410   -0.5503   -0.1772    0.6799   -0.0953 
       tech_ms_5 |   0.3815    0.5906    0.5725    0.3459   -0.2412 
       tech_ms_6 |   0.4322   -0.4293    0.5641   -0.4313    0.3531 
    ----------------------------------------------------------------

    ---------------------------
        Variable | Unexplained 
    -------------+-------------
       tech_ms_1 |           0 
       tech_ms_2 |           0 
       tech_ms_3 |           0 
       tech_ms_5 |           0 
       tech_ms_6 |           0 
    ---------------------------

. predict tech_ms_pca
(score assumed)
(4 components skipped)

Scoring coefficients 
    sum of squares(column-loading) = 1

    ----------------------------------------------------------------
        Variable |    Comp1     Comp2     Comp3     Comp4     Comp5 
    -------------+--------------------------------------------------
       tech_ms_1 |   0.4607    0.4038   -0.4509    0.0014    0.6491 
       tech_ms_2 |   0.5108    0.0330   -0.3453   -0.4817   -0.6219 
       tech_ms_3 |   0.4410   -0.5503   -0.1772    0.6799   -0.0953 
       tech_ms_5 |   0.3815    0.5906    0.5725    0.3459   -0.2412 
       tech_ms_6 |   0.4322   -0.4293    0.5641   -0.4313    0.3531 
    ----------------------------------------------------------------

. lab var tech_ms_pca "Technological optimism mindset (PCA)"

. 
. * Winsorized variable of technological optimism (used for robustness test)
. winsor2 tech_ms_pca, suffix(_win) cuts(5 95)

. 
. ** Environmental caution
. alpha env_ms_1 env_ms_2 env_ms_3 env_ms_4 env_ms_5 

Test scale = mean(unstandardized items)

Average interitem covariance:     .1712539
Number of items in the scale:            5
Scale reliability coefficient:      0.6299

. pca env_ms_1 env_ms_2 env_ms_3 env_ms_4 env_ms_5 

Principal components/correlation                 Number of obs    =        277
                                                 Number of comp.  =          5
                                                 Trace            =          5
    Rotation: (unrotated = principal)            Rho              =     1.0000

    --------------------------------------------------------------------------
       Component |   Eigenvalue   Difference         Proportion   Cumulative
    -------------+------------------------------------------------------------
           Comp1 |      2.06297      1.04742             0.4126       0.4126
           Comp2 |      1.01555      .252677             0.2031       0.6157
           Comp3 |      .762872     .0617721             0.1526       0.7683
           Comp4 |        .7011      .243594             0.1402       0.9085
           Comp5 |      .457505            .             0.0915       1.0000
    --------------------------------------------------------------------------

Principal components (eigenvectors) 

    ----------------------------------------------------------------
        Variable |    Comp1     Comp2     Comp3     Comp4     Comp5 
    -------------+--------------------------------------------------
        env_ms_1 |   0.4047    0.3594    0.7776    0.3057    0.0942 
        env_ms_2 |   0.4010    0.5335   -0.2173   -0.6753    0.2266 
        env_ms_3 |   0.4411    0.2098   -0.5875    0.6411    0.0726 
        env_ms_4 |   0.4244   -0.6698    0.0525   -0.0927    0.5999 
        env_ms_5 |   0.5483   -0.3058    0.0169   -0.1759   -0.7580 
    ----------------------------------------------------------------

    ---------------------------
        Variable | Unexplained 
    -------------+-------------
        env_ms_1 |           0 
        env_ms_2 |           0 
        env_ms_3 |           0 
        env_ms_4 |           0 
        env_ms_5 |           0 
    ---------------------------

. predict env_ms_pca
(score assumed)
(4 components skipped)

Scoring coefficients 
    sum of squares(column-loading) = 1

    ----------------------------------------------------------------
        Variable |    Comp1     Comp2     Comp3     Comp4     Comp5 
    -------------+--------------------------------------------------
        env_ms_1 |   0.4047    0.3594    0.7776    0.3057    0.0942 
        env_ms_2 |   0.4010    0.5335   -0.2173   -0.6753    0.2266 
        env_ms_3 |   0.4411    0.2098   -0.5875    0.6411    0.0726 
        env_ms_4 |   0.4244   -0.6698    0.0525   -0.0927    0.5999 
        env_ms_5 |   0.5483   -0.3058    0.0169   -0.1759   -0.7580 
    ----------------------------------------------------------------

. lab var env_ms_pca "Items on environmental caution (PCA)"

. 
. ** Negotiations
. pca negotiate1 negotiate2 negotiate4 negotiate5 negotiate6 // 

Principal components/correlation                 Number of obs    =        277
                                                 Number of comp.  =          5
                                                 Trace            =          5
    Rotation: (unrotated = principal)            Rho              =     1.0000

    --------------------------------------------------------------------------
       Component |   Eigenvalue   Difference         Proportion   Cumulative
    -------------+------------------------------------------------------------
           Comp1 |      3.29137      2.66767             0.6583       0.6583
           Comp2 |      .623697     .0886069             0.1247       0.7830
           Comp3 |      .535091      .237829             0.1070       0.8900
           Comp4 |      .297261      .044683             0.0595       0.9495
           Comp5 |      .252578            .             0.0505       1.0000
    --------------------------------------------------------------------------

Principal components (eigenvectors) 

    ----------------------------------------------------------------
        Variable |    Comp1     Comp2     Comp3     Comp4     Comp5 
    -------------+--------------------------------------------------
      negotiate1 |   0.4479   -0.2196   -0.6494    0.1325    0.5585 
      negotiate2 |   0.4829   -0.1109   -0.3363   -0.2270   -0.7680 
      negotiate4 |   0.4653   -0.1130    0.4783   -0.6731    0.2983 
      negotiate5 |   0.4533   -0.3120    0.4854    0.6744   -0.0818 
      negotiate6 |   0.3798    0.9107    0.0281    0.1518    0.0501 
    ----------------------------------------------------------------

    ---------------------------
        Variable | Unexplained 
    -------------+-------------
      negotiate1 |           0 
      negotiate2 |           0 
      negotiate4 |           0 
      negotiate5 |           0 
      negotiate6 |           0 
    ---------------------------

. predict negotiate_pca
(score assumed)
(4 components skipped)

Scoring coefficients 
    sum of squares(column-loading) = 1

    ----------------------------------------------------------------
        Variable |    Comp1     Comp2     Comp3     Comp4     Comp5 
    -------------+--------------------------------------------------
      negotiate1 |   0.4479   -0.2196   -0.6494    0.1325    0.5585 
      negotiate2 |   0.4829   -0.1109   -0.3363   -0.2270   -0.7680 
      negotiate4 |   0.4653   -0.1130    0.4783   -0.6731    0.2983 
      negotiate5 |   0.4533   -0.3120    0.4854    0.6744   -0.0818 
      negotiate6 |   0.3798    0.9107    0.0281    0.1518    0.0501 
    ----------------------------------------------------------------

. lab var negotiate_pca "PCA: Negotiations (higher values, higher agreement)"

. 
. 
. ** Negotiate own and other delgeation
. * Own delegation
. gen negotiate_pca_own = .
(277 missing values generated)

. replace negotiate_pca_own = negotiate_pca if t_own_delegation == 1
(149 real changes made)

. 
. * Other delegation
. gen negotiate_pca_other = .
(277 missing values generated)

. replace negotiate_pca_other = negotiate_pca if t_own_delegation == 0
(128 real changes made)

. 
. 
. 
. ** Merge world bank indicator
. *merge 1:m country_home using "$working_ANALYSIS\data\world_bank_indicator.dta
> "
. 
. 
. // Generate dataset for upload [reduced by unnecessary variables and informati
> on on persons]
. preserve

. drop tech_ms_4

. rename tech_ms_5 tech_ms_4

. rename tech_ms_6 tech_ms_5

. 
. lab var cops_attend "Total number of COPs attended"

. 
. order id info_cc_1 info_cc_2 info_cc_3 info_cc_4 info_cc_5 organization edu te
> mp_rise carbon_price price_home_now price_oecd_now price_ldc_now price_home_fu
> ture price_oecd_future price_ldc_future tech_ms_1 tech_ms_2 tech_ms_3 tech_ms_
> 4 tech_ms_5 cops_attended book book1 book2 book3 low_income lower_middle_incom
> e upper_middle_income high_income treat_tech

. 
. keep id temp_rise carbon_price price_home_now price_oecd_now price_ldc_now pri
> ce_home_future price_oecd_future price_ldc_future tech_ms_1 tech_ms_2 tech_ms_
> 3 tech_ms_4 tech_ms_5 book book1 book2 book3 info_cc_1 info_cc_2 info_cc_3 inf
> o_cc_4 info_cc_5 organization cops_attended edu low_income lower_middle_income
>  upper_middle_income high_income treat_tech

. 
. *--- SAVE ---*
. save "$working_ANALYSIS\data\delegates_raw.dta", replace
file C:\Users\Max Burger\HESSENBOX\2-Projekte (Björn Vollan)\Paper SustUse\Donia
> _Delegates\8_Submission\NSUST\analysis\data\delegates_raw.dta saved

. restore

. 
. 
. 
. 
. 
. drop if co2_emissionpc == .
(1 observation deleted)

. *--- SAVE ---*
. save "$working_ANALYSIS\data\delegates_analysis_complete.dta", replace
file C:\Users\Max Burger\HESSENBOX\2-Projekte (Björn Vollan)\Paper SustUse\Donia
> _Delegates\8_Submission\NSUST\analysis\data\delegates_analysis_complete.dta sa
> ved

. 
. 
. 
. 
. 
. 
. 
. 
. 
. 
. 
. 
end of do-file

. do "C:\Users\MAXBUR~1\AppData\Local\Temp\STD25c8_000000.tmp"

. *-----------------------------------------------------------------------------
> --------------------------
. * OVERVIEW
. *-----------------------------------------------------------------------------
> --------------------------
. *   This script generates tables and figures reported in the manuscript and SO
> M of the paper:
. *   CLIMATE DELAY: THE DOWNSIDE OF BELIEVING IN TECHNOLOGICAL FIXES
. *       Author: Max Burger, Philipps University Marburg
. *   All experimental data are stored in /data
. *   All figures reported in the main manuscript and SOM are outputted to /resu
> lts/figures
. *   All tables areported in the main manuscript and SOM are outputted to /resu
> lts/tables
. *   TO PERFORM A CLEAN RUN, DELETE THE FOLLOWING FOLDER:
. *    /results
. *-----------------------------------------------------------------------------
> --------------------------
. 
. 
. 
. *--------------------------------------------------
. * Set global Working Directory
. *--------------------------------------------------
. * Define this global macro to point where the replication folder is saved loca
> lly that includes this run.do script
. global working_ANALYSIS "C:\Users\Max Burger\HESSENBOX\2-Projekte (Björn Volla
> n)\Paper SustUse\Donia_Delegates\8_Submission\replication_delegates"

. 
. 
. *--------------------------------------------------
. * Program Setup
. *--------------------------------------------------
. * Initialize log and record system parameters
. clear

. set more off

. cap mkdir "$working_ANALYSIS/scripts/logs"

. cap log close
